Archive member included to satisfy reference by file (symbol)

c:/program files (x86)/nxp/s32ds_power_v2017.r1/cross_tools/powerpc-eabivle-4_9/bin/../lib/gcc/powerpc-eabivle/4.9.4/e200z4/fp\libgcc.a(eabivle.o)
                              ./src/main.o (__eabi)

Allocating common symbols
Common symbol       size              file

CAN_TxMsg           0x20              ./src/flexcan_init.o
pflash_pfcr2        0x4               ./src/Drivers/Flash/flash.o
dataForWrite        0x8               ./src/Bootloader/UserAppFlash.o
pflash_pfcr1        0x4               ./src/Drivers/Flash/flash.o
CAN_RxMsg           0x20              ./src/main.o

Discarded input sections

 .text          0x00000000        0x0 c:/program files (x86)/nxp/s32ds_power_v2017.r1/cross_tools/powerpc-eabivle-4_9/bin/../lib/gcc/powerpc-eabivle/4.9.4/e200z4/fp/ecrti.o
 .data          0x00000000        0x0 c:/program files (x86)/nxp/s32ds_power_v2017.r1/cross_tools/powerpc-eabivle-4_9/bin/../lib/gcc/powerpc-eabivle/4.9.4/e200z4/fp/ecrti.o
 .bss           0x00000000        0x0 c:/program files (x86)/nxp/s32ds_power_v2017.r1/cross_tools/powerpc-eabivle-4_9/bin/../lib/gcc/powerpc-eabivle/4.9.4/e200z4/fp/ecrti.o
 .fixup         0x00000000        0x0 c:/program files (x86)/nxp/s32ds_power_v2017.r1/cross_tools/powerpc-eabivle-4_9/bin/../lib/gcc/powerpc-eabivle/4.9.4/e200z4/fp/ecrti.o
 .sbss          0x00000000        0x0 c:/program files (x86)/nxp/s32ds_power_v2017.r1/cross_tools/powerpc-eabivle-4_9/bin/../lib/gcc/powerpc-eabivle/4.9.4/e200z4/fp/ecrti.o
 .sbss2         0x00000000        0x0 c:/program files (x86)/nxp/s32ds_power_v2017.r1/cross_tools/powerpc-eabivle-4_9/bin/../lib/gcc/powerpc-eabivle/4.9.4/e200z4/fp/ecrti.o
 .gcc_except_table
                0x00000000        0x0 c:/program files (x86)/nxp/s32ds_power_v2017.r1/cross_tools/powerpc-eabivle-4_9/bin/../lib/gcc/powerpc-eabivle/4.9.4/e200z4/fp/ecrti.o
 .data          0x00000000        0x4 c:/program files (x86)/nxp/s32ds_power_v2017.r1/cross_tools/powerpc-eabivle-4_9/bin/../lib/gcc/powerpc-eabivle/4.9.4/e200z4/fp/crtbegin.o
 .group         0x00000000        0x8 ./src/main.o
 .group         0x00000000        0x8 ./src/main.o
 .group         0x00000000        0x8 ./src/main.o
 .group         0x00000000        0x8 ./src/main.o
 .group         0x00000000        0x8 ./src/main.o
 .group         0x00000000        0x8 ./src/main.o
 .group         0x00000000        0x8 ./src/main.o
 .group         0x00000000        0x8 ./src/main.o
 .group         0x00000000        0x8 ./src/main.o
 .group         0x00000000        0x8 ./src/main.o
 .group         0x00000000        0x8 ./src/main.o
 .group         0x00000000        0x8 ./src/main.o
 .group         0x00000000        0x8 ./src/main.o
 .group         0x00000000        0x8 ./src/main.o
 .group         0x00000000        0x8 ./src/main.o
 .group         0x00000000        0x8 ./src/main.o
 .text          0x00000000        0x0 ./src/main.o
 .data          0x00000000        0x0 ./src/main.o
 .bss           0x00000000        0x0 ./src/main.o
 .data          0x00000000        0x0 ./src/intc_sw_handlers.o
 .bss           0x00000000        0x0 ./src/intc_sw_handlers.o
 .group         0x00000000        0x8 ./src/intc_SW_mode_isr_vectors_MPC5744P.o
 .group         0x00000000        0x8 ./src/intc_SW_mode_isr_vectors_MPC5744P.o
 .group         0x00000000        0x8 ./src/intc_SW_mode_isr_vectors_MPC5744P.o
 .group         0x00000000        0x8 ./src/intc_SW_mode_isr_vectors_MPC5744P.o
 .group         0x00000000        0x8 ./src/intc_SW_mode_isr_vectors_MPC5744P.o
 .group         0x00000000        0x8 ./src/intc_SW_mode_isr_vectors_MPC5744P.o
 .group         0x00000000        0x8 ./src/intc_SW_mode_isr_vectors_MPC5744P.o
 .group         0x00000000        0x8 ./src/intc_SW_mode_isr_vectors_MPC5744P.o
 .group         0x00000000        0x8 ./src/intc_SW_mode_isr_vectors_MPC5744P.o
 .group         0x00000000        0x8 ./src/intc_SW_mode_isr_vectors_MPC5744P.o
 .group         0x00000000        0x8 ./src/intc_SW_mode_isr_vectors_MPC5744P.o
 .group         0x00000000        0x8 ./src/intc_SW_mode_isr_vectors_MPC5744P.o
 .text          0x00000000        0x0 ./src/intc_SW_mode_isr_vectors_MPC5744P.o
 .data          0x00000000        0x0 ./src/intc_SW_mode_isr_vectors_MPC5744P.o
 .bss           0x00000000        0x0 ./src/intc_SW_mode_isr_vectors_MPC5744P.o
 .debug_macro   0x00000000      0x61c ./src/intc_SW_mode_isr_vectors_MPC5744P.o
 .debug_macro   0x00000000       0x52 ./src/intc_SW_mode_isr_vectors_MPC5744P.o
 .debug_macro   0x00000000       0xa0 ./src/intc_SW_mode_isr_vectors_MPC5744P.o
 .debug_macro   0x00000000       0x16 ./src/intc_SW_mode_isr_vectors_MPC5744P.o
 .debug_macro   0x00000000       0x64 ./src/intc_SW_mode_isr_vectors_MPC5744P.o
 .debug_macro   0x00000000      0x1a3 ./src/intc_SW_mode_isr_vectors_MPC5744P.o
 .debug_macro   0x00000000      0x133 ./src/intc_SW_mode_isr_vectors_MPC5744P.o
 .debug_macro   0x00000000       0x9d ./src/intc_SW_mode_isr_vectors_MPC5744P.o
 .debug_macro   0x00000000       0x10 ./src/intc_SW_mode_isr_vectors_MPC5744P.o
 .debug_macro   0x00000000      0x15b ./src/intc_SW_mode_isr_vectors_MPC5744P.o
 .debug_macro   0x00000000       0x28 ./src/intc_SW_mode_isr_vectors_MPC5744P.o
 .debug_macro   0x00000000       0x58 ./src/intc_SW_mode_isr_vectors_MPC5744P.o
 .group         0x00000000        0x8 ./src/flexcan_init.o
 .group         0x00000000        0x8 ./src/flexcan_init.o
 .group         0x00000000        0x8 ./src/flexcan_init.o
 .group         0x00000000        0x8 ./src/flexcan_init.o
 .group         0x00000000        0x8 ./src/flexcan_init.o
 .group         0x00000000        0x8 ./src/flexcan_init.o
 .group         0x00000000        0x8 ./src/flexcan_init.o
 .group         0x00000000        0x8 ./src/flexcan_init.o
 .group         0x00000000        0x8 ./src/flexcan_init.o
 .group         0x00000000        0x8 ./src/flexcan_init.o
 .group         0x00000000        0x8 ./src/flexcan_init.o
 .group         0x00000000        0x8 ./src/flexcan_init.o
 .group         0x00000000        0x8 ./src/flexcan_init.o
 .text          0x00000000        0x0 ./src/flexcan_init.o
 .data          0x00000000        0x0 ./src/flexcan_init.o
 .bss           0x00000000        0x0 ./src/flexcan_init.o
 .rodata.CAN_1_RximrArrayt
                0x00000000      0x100 ./src/flexcan_init.o
 .text.flexcan_1_deinit_fnc
                0x00000000       0x98 ./src/flexcan_init.o
 .text.flexcan_1_init_fnc
                0x00000000      0x2d6 ./src/flexcan_init.o
 .text.CAN1_TransmitMsg
                0x00000000      0x158 ./src/flexcan_init.o
 .text.CAN1_ReceiveInit
                0x00000000      0x106 ./src/flexcan_init.o
 .text.CAN1_ReceiveMsg
                0x00000000      0x194 ./src/flexcan_init.o
 .debug_macro   0x00000000      0x61c ./src/flexcan_init.o
 .debug_macro   0x00000000       0x52 ./src/flexcan_init.o
 .debug_macro   0x00000000       0xa0 ./src/flexcan_init.o
 .debug_macro   0x00000000       0x16 ./src/flexcan_init.o
 .debug_macro   0x00000000       0x64 ./src/flexcan_init.o
 .debug_macro   0x00000000      0x1a3 ./src/flexcan_init.o
 .debug_macro   0x00000000      0x133 ./src/flexcan_init.o
 .debug_macro   0x00000000       0x9d ./src/flexcan_init.o
 .debug_macro   0x00000000       0x10 ./src/flexcan_init.o
 .debug_macro   0x00000000      0x15b ./src/flexcan_init.o
 .debug_macro   0x00000000       0x28 ./src/flexcan_init.o
 .debug_macro   0x00000000       0x58 ./src/flexcan_init.o
 .debug_macro   0x00000000     0xb50a ./src/flexcan_init.o
 .group         0x00000000        0x8 ./src/flashrchw.o
 .group         0x00000000        0x8 ./src/flashrchw.o
 .group         0x00000000        0x8 ./src/flashrchw.o
 .group         0x00000000        0x8 ./src/flashrchw.o
 .group         0x00000000        0x8 ./src/flashrchw.o
 .group         0x00000000        0x8 ./src/flashrchw.o
 .group         0x00000000        0x8 ./src/flashrchw.o
 .group         0x00000000        0x8 ./src/flashrchw.o
 .group         0x00000000        0x8 ./src/flashrchw.o
 .group         0x00000000        0x8 ./src/flashrchw.o
 .group         0x00000000        0x8 ./src/flashrchw.o
 .group         0x00000000        0x8 ./src/flashrchw.o
 .text          0x00000000        0x0 ./src/flashrchw.o
 .data          0x00000000        0x0 ./src/flashrchw.o
 .bss           0x00000000        0x0 ./src/flashrchw.o
 .debug_macro   0x00000000      0x61c ./src/flashrchw.o
 .debug_macro   0x00000000       0x52 ./src/flashrchw.o
 .debug_macro   0x00000000       0xa0 ./src/flashrchw.o
 .debug_macro   0x00000000       0x16 ./src/flashrchw.o
 .debug_macro   0x00000000       0x64 ./src/flashrchw.o
 .debug_macro   0x00000000      0x1a3 ./src/flashrchw.o
 .debug_macro   0x00000000      0x133 ./src/flashrchw.o
 .debug_macro   0x00000000       0x9d ./src/flashrchw.o
 .debug_macro   0x00000000       0x10 ./src/flashrchw.o
 .debug_macro   0x00000000      0x15b ./src/flashrchw.o
 .debug_macro   0x00000000       0x28 ./src/flashrchw.o
 .debug_macro   0x00000000       0x58 ./src/flashrchw.o
 .group         0x00000000        0x8 ./src/Vector.o
 .group         0x00000000        0x8 ./src/Vector.o
 .group         0x00000000        0x8 ./src/Vector.o
 .group         0x00000000        0x8 ./src/Vector.o
 .group         0x00000000        0x8 ./src/Vector.o
 .group         0x00000000        0x8 ./src/Vector.o
 .group         0x00000000        0x8 ./src/Vector.o
 .group         0x00000000        0x8 ./src/Vector.o
 .group         0x00000000        0x8 ./src/Vector.o
 .group         0x00000000        0x8 ./src/Vector.o
 .group         0x00000000        0x8 ./src/Vector.o
 .group         0x00000000        0x8 ./src/Vector.o
 .group         0x00000000        0x8 ./src/Vector.o
 .group         0x00000000        0x8 ./src/Vector.o
 .text          0x00000000        0x0 ./src/Vector.o
 .data          0x00000000        0x0 ./src/Vector.o
 .bss           0x00000000        0x0 ./src/Vector.o
 .text.INTC_INTCInterruptHandler
                0x00000000       0x38 ./src/Vector.o
 .debug_macro   0x00000000      0x61c ./src/Vector.o
 .debug_macro   0x00000000       0x52 ./src/Vector.o
 .debug_macro   0x00000000       0xa0 ./src/Vector.o
 .debug_macro   0x00000000       0x16 ./src/Vector.o
 .debug_macro   0x00000000       0x64 ./src/Vector.o
 .debug_macro   0x00000000      0x1a3 ./src/Vector.o
 .debug_macro   0x00000000      0x133 ./src/Vector.o
 .debug_macro   0x00000000       0x9d ./src/Vector.o
 .debug_macro   0x00000000       0x10 ./src/Vector.o
 .debug_macro   0x00000000      0x15b ./src/Vector.o
 .debug_macro   0x00000000       0x28 ./src/Vector.o
 .debug_macro   0x00000000       0x58 ./src/Vector.o
 .debug_macro   0x00000000     0xb50a ./src/Vector.o
 .group         0x00000000        0x8 ./src/System.o
 .group         0x00000000        0x8 ./src/System.o
 .group         0x00000000        0x8 ./src/System.o
 .group         0x00000000        0x8 ./src/System.o
 .group         0x00000000        0x8 ./src/System.o
 .group         0x00000000        0x8 ./src/System.o
 .group         0x00000000        0x8 ./src/System.o
 .group         0x00000000        0x8 ./src/System.o
 .group         0x00000000        0x8 ./src/System.o
 .group         0x00000000        0x8 ./src/System.o
 .group         0x00000000        0x8 ./src/System.o
 .group         0x00000000        0x8 ./src/System.o
 .group         0x00000000        0x8 ./src/System.o
 .group         0x00000000        0x8 ./src/System.o
 .text          0x00000000        0x0 ./src/System.o
 .data          0x00000000        0x0 ./src/System.o
 .bss           0x00000000        0x0 ./src/System.o
 .text.Cpu_DelayMS
                0x00000000       0x60 ./src/System.o
 .debug_macro   0x00000000      0x61c ./src/System.o
 .debug_macro   0x00000000       0x52 ./src/System.o
 .debug_macro   0x00000000       0xa0 ./src/System.o
 .debug_macro   0x00000000       0x16 ./src/System.o
 .debug_macro   0x00000000       0x64 ./src/System.o
 .debug_macro   0x00000000      0x1a3 ./src/System.o
 .debug_macro   0x00000000      0x133 ./src/System.o
 .debug_macro   0x00000000       0x9d ./src/System.o
 .debug_macro   0x00000000       0x10 ./src/System.o
 .debug_macro   0x00000000      0x15b ./src/System.o
 .debug_macro   0x00000000       0x28 ./src/System.o
 .debug_macro   0x00000000       0x58 ./src/System.o
 .debug_macro   0x00000000     0xb50a ./src/System.o
 .debug_macro   0x00000000       0x2e ./src/System.o
 .group         0x00000000        0x8 ./src/MPC57xx__Interrupt_Init.o
 .group         0x00000000        0x8 ./src/MPC57xx__Interrupt_Init.o
 .group         0x00000000        0x8 ./src/MPC57xx__Interrupt_Init.o
 .group         0x00000000        0x8 ./src/MPC57xx__Interrupt_Init.o
 .group         0x00000000        0x8 ./src/MPC57xx__Interrupt_Init.o
 .group         0x00000000        0x8 ./src/MPC57xx__Interrupt_Init.o
 .group         0x00000000        0x8 ./src/MPC57xx__Interrupt_Init.o
 .group         0x00000000        0x8 ./src/MPC57xx__Interrupt_Init.o
 .group         0x00000000        0x8 ./src/MPC57xx__Interrupt_Init.o
 .group         0x00000000        0x8 ./src/MPC57xx__Interrupt_Init.o
 .group         0x00000000        0x8 ./src/MPC57xx__Interrupt_Init.o
 .group         0x00000000        0x8 ./src/MPC57xx__Interrupt_Init.o
 .group         0x00000000        0x8 ./src/MPC57xx__Interrupt_Init.o
 .group         0x00000000        0x8 ./src/MPC57xx__Interrupt_Init.o
 .text          0x00000000        0x0 ./src/MPC57xx__Interrupt_Init.o
 .data          0x00000000        0x0 ./src/MPC57xx__Interrupt_Init.o
 .bss           0x00000000        0x0 ./src/MPC57xx__Interrupt_Init.o
 .debug_macro   0x00000000      0x61c ./src/MPC57xx__Interrupt_Init.o
 .debug_macro   0x00000000       0x52 ./src/MPC57xx__Interrupt_Init.o
 .debug_macro   0x00000000       0xa0 ./src/MPC57xx__Interrupt_Init.o
 .debug_macro   0x00000000       0x16 ./src/MPC57xx__Interrupt_Init.o
 .debug_macro   0x00000000       0x64 ./src/MPC57xx__Interrupt_Init.o
 .debug_macro   0x00000000      0x1a3 ./src/MPC57xx__Interrupt_Init.o
 .debug_macro   0x00000000      0x133 ./src/MPC57xx__Interrupt_Init.o
 .debug_macro   0x00000000       0x9d ./src/MPC57xx__Interrupt_Init.o
 .debug_macro   0x00000000       0x10 ./src/MPC57xx__Interrupt_Init.o
 .debug_macro   0x00000000      0x15b ./src/MPC57xx__Interrupt_Init.o
 .debug_macro   0x00000000       0x28 ./src/MPC57xx__Interrupt_Init.o
 .debug_macro   0x00000000       0x58 ./src/MPC57xx__Interrupt_Init.o
 .debug_macro   0x00000000     0xb50a ./src/MPC57xx__Interrupt_Init.o
 .debug_macro   0x00000000       0x2e ./src/MPC57xx__Interrupt_Init.o
 .group         0x00000000        0x8 ./src/MPC574xP_SystemInit.o
 .group         0x00000000        0x8 ./src/MPC574xP_SystemInit.o
 .group         0x00000000        0x8 ./src/MPC574xP_SystemInit.o
 .group         0x00000000        0x8 ./src/MPC574xP_SystemInit.o
 .group         0x00000000        0x8 ./src/MPC574xP_SystemInit.o
 .group         0x00000000        0x8 ./src/MPC574xP_SystemInit.o
 .group         0x00000000        0x8 ./src/MPC574xP_SystemInit.o
 .group         0x00000000        0x8 ./src/MPC574xP_SystemInit.o
 .group         0x00000000        0x8 ./src/MPC574xP_SystemInit.o
 .group         0x00000000        0x8 ./src/MPC574xP_SystemInit.o
 .group         0x00000000        0x8 ./src/MPC574xP_SystemInit.o
 .group         0x00000000        0x8 ./src/MPC574xP_SystemInit.o
 .group         0x00000000        0x8 ./src/MPC574xP_SystemInit.o
 .group         0x00000000        0x8 ./src/MPC574xP_SystemInit.o
 .group         0x00000000        0x8 ./src/MPC574xP_SystemInit.o
 .text          0x00000000        0x0 ./src/MPC574xP_SystemInit.o
 .data          0x00000000        0x0 ./src/MPC574xP_SystemInit.o
 .bss           0x00000000        0x0 ./src/MPC574xP_SystemInit.o
 .debug_macro   0x00000000      0x61c ./src/MPC574xP_SystemInit.o
 .debug_macro   0x00000000       0x52 ./src/MPC574xP_SystemInit.o
 .debug_macro   0x00000000       0xa0 ./src/MPC574xP_SystemInit.o
 .debug_macro   0x00000000       0x16 ./src/MPC574xP_SystemInit.o
 .debug_macro   0x00000000       0x64 ./src/MPC574xP_SystemInit.o
 .debug_macro   0x00000000      0x1a3 ./src/MPC574xP_SystemInit.o
 .debug_macro   0x00000000      0x133 ./src/MPC574xP_SystemInit.o
 .debug_macro   0x00000000       0x9d ./src/MPC574xP_SystemInit.o
 .debug_macro   0x00000000       0x10 ./src/MPC574xP_SystemInit.o
 .debug_macro   0x00000000      0x15b ./src/MPC574xP_SystemInit.o
 .debug_macro   0x00000000       0x28 ./src/MPC574xP_SystemInit.o
 .debug_macro   0x00000000       0x58 ./src/MPC574xP_SystemInit.o
 .debug_macro   0x00000000     0xb50a ./src/MPC574xP_SystemInit.o
 .debug_macro   0x00000000       0x10 ./src/MPC574xP_SystemInit.o
 .debug_macro   0x00000000      0xb7e ./src/MPC574xP_SystemInit.o
 .data          0x00000000        0x0 ./src/IVORx_vle.o
 .bss           0x00000000        0x0 ./src/IVORx_vle.o
 .group         0x00000000        0x8 ./src/Drivers/Flash/flash_c55_driver.o
 .group         0x00000000        0x8 ./src/Drivers/Flash/flash_c55_driver.o
 .group         0x00000000        0x8 ./src/Drivers/Flash/flash_c55_driver.o
 .group         0x00000000        0x8 ./src/Drivers/Flash/flash_c55_driver.o
 .group         0x00000000        0x8 ./src/Drivers/Flash/flash_c55_driver.o
 .group         0x00000000        0x8 ./src/Drivers/Flash/flash_c55_driver.o
 .group         0x00000000        0x8 ./src/Drivers/Flash/flash_c55_driver.o
 .group         0x00000000        0x8 ./src/Drivers/Flash/flash_c55_driver.o
 .group         0x00000000        0x8 ./src/Drivers/Flash/flash_c55_driver.o
 .group         0x00000000        0x8 ./src/Drivers/Flash/flash_c55_driver.o
 .group         0x00000000        0x8 ./src/Drivers/Flash/flash_c55_driver.o
 .group         0x00000000        0x8 ./src/Drivers/Flash/flash_c55_driver.o
 .group         0x00000000        0x8 ./src/Drivers/Flash/flash_c55_driver.o
 .group         0x00000000        0x8 ./src/Drivers/Flash/flash_c55_driver.o
 .group         0x00000000        0x8 ./src/Drivers/Flash/flash_c55_driver.o
 .group         0x00000000        0x8 ./src/Drivers/Flash/flash_c55_driver.o
 .group         0x00000000        0x8 ./src/Drivers/Flash/flash_c55_driver.o
 .group         0x00000000        0x8 ./src/Drivers/Flash/flash_c55_driver.o
 .group         0x00000000        0x8 ./src/Drivers/Flash/flash_c55_driver.o
 .group         0x00000000        0x8 ./src/Drivers/Flash/flash_c55_driver.o
 .text          0x00000000        0x0 ./src/Drivers/Flash/flash_c55_driver.o
 .data          0x00000000        0x0 ./src/Drivers/Flash/flash_c55_driver.o
 .bss           0x00000000        0x0 ./src/Drivers/Flash/flash_c55_driver.o
 .text.FLASH_DRV_CheckUserTestStatus
                0x00000000      0x19e ./src/Drivers/Flash/flash_c55_driver.o
 .text.FLASH_DRV_BlankCheck
                0x00000000      0x100 ./src/Drivers/Flash/flash_c55_driver.o
 .text.FLASH_DRV_SuspendExecution
                0x00000000      0x170 ./src/Drivers/Flash/flash_c55_driver.o
 .text.FLASH_DRV_Suspend
                0x00000000      0x1a6 ./src/Drivers/Flash/flash_c55_driver.o
 .text.FLASH_DRV_Resume
                0x00000000      0x15c ./src/Drivers/Flash/flash_c55_driver.o
 .text.FLASH_DRV_Abort
                0x00000000      0x1fa ./src/Drivers/Flash/flash_c55_driver.o
 .text.FLASH_DRV_GetOverPgmProtStatus
                0x00000000      0x180 ./src/Drivers/Flash/flash_c55_driver.o
 .rodata.FLASH_DRV_GetOverPgmProtStatus
                0x00000000       0x14 ./src/Drivers/Flash/flash_c55_driver.o
 .text.FLASH_DRV_GetFailedAddress
                0x00000000      0x234 ./src/Drivers/Flash/flash_c55_driver.o
 .text.FLASH_DRV_ArrayIntegrityCheck
                0x00000000      0x3b6 ./src/Drivers/Flash/flash_c55_driver.o
 .text.FLASH_DRV_ArrayIntegritySuspend
                0x00000000       0xbc ./src/Drivers/Flash/flash_c55_driver.o
 .text.FLASH_DRV_ArrayIntegrityResume
                0x00000000      0x14a ./src/Drivers/Flash/flash_c55_driver.o
 .text.FLASH_DRV_UserMarginReadCheck
                0x00000000      0x3ce ./src/Drivers/Flash/flash_c55_driver.o
 .text.FLASH_DRV_EnableCmdCompleteInterupt
                0x00000000       0x26 ./src/Drivers/Flash/flash_c55_driver.o
 .text.FLASH_DRV_DisableCmdCompleteInterupt
                0x00000000       0x22 ./src/Drivers/Flash/flash_c55_driver.o
 .debug_macro   0x00000000      0x61c ./src/Drivers/Flash/flash_c55_driver.o
 .debug_macro   0x00000000       0x52 ./src/Drivers/Flash/flash_c55_driver.o
 .debug_macro   0x00000000       0xa0 ./src/Drivers/Flash/flash_c55_driver.o
 .debug_macro   0x00000000       0x16 ./src/Drivers/Flash/flash_c55_driver.o
 .debug_macro   0x00000000       0x64 ./src/Drivers/Flash/flash_c55_driver.o
 .debug_macro   0x00000000      0x1a3 ./src/Drivers/Flash/flash_c55_driver.o
 .debug_macro   0x00000000      0x133 ./src/Drivers/Flash/flash_c55_driver.o
 .debug_macro   0x00000000       0x28 ./src/Drivers/Flash/flash_c55_driver.o
 .debug_macro   0x00000000       0x10 ./src/Drivers/Flash/flash_c55_driver.o
 .debug_macro   0x00000000       0x9d ./src/Drivers/Flash/flash_c55_driver.o
 .group         0x00000000        0x8 ./src/Drivers/Flash/flash.o
 .group         0x00000000        0x8 ./src/Drivers/Flash/flash.o
 .group         0x00000000        0x8 ./src/Drivers/Flash/flash.o
 .group         0x00000000        0x8 ./src/Drivers/Flash/flash.o
 .group         0x00000000        0x8 ./src/Drivers/Flash/flash.o
 .group         0x00000000        0x8 ./src/Drivers/Flash/flash.o
 .group         0x00000000        0x8 ./src/Drivers/Flash/flash.o
 .group         0x00000000        0x8 ./src/Drivers/Flash/flash.o
 .group         0x00000000        0x8 ./src/Drivers/Flash/flash.o
 .group         0x00000000        0x8 ./src/Drivers/Flash/flash.o
 .group         0x00000000        0x8 ./src/Drivers/Flash/flash.o
 .group         0x00000000        0x8 ./src/Drivers/Flash/flash.o
 .group         0x00000000        0x8 ./src/Drivers/Flash/flash.o
 .group         0x00000000        0x8 ./src/Drivers/Flash/flash.o
 .group         0x00000000        0x8 ./src/Drivers/Flash/flash.o
 .group         0x00000000        0x8 ./src/Drivers/Flash/flash.o
 .group         0x00000000        0x8 ./src/Drivers/Flash/flash.o
 .group         0x00000000        0x8 ./src/Drivers/Flash/flash.o
 .group         0x00000000        0x8 ./src/Drivers/Flash/flash.o
 .text          0x00000000        0x0 ./src/Drivers/Flash/flash.o
 .data          0x00000000        0x0 ./src/Drivers/Flash/flash.o
 .bss           0x00000000        0x0 ./src/Drivers/Flash/flash.o
 .data.Flash_Block_Count
                0x00000000       0x10 ./src/Drivers/Flash/flash.o
 .text.Flash_Check_g
                0x00000000       0x70 ./src/Drivers/Flash/flash.o
 .text.Flash_Read_g
                0x00000000       0x20 ./src/Drivers/Flash/flash.o
 .debug_macro   0x00000000      0x61c ./src/Drivers/Flash/flash.o
 .debug_macro   0x00000000       0x52 ./src/Drivers/Flash/flash.o
 .debug_macro   0x00000000       0xa0 ./src/Drivers/Flash/flash.o
 .debug_macro   0x00000000       0x16 ./src/Drivers/Flash/flash.o
 .debug_macro   0x00000000       0x64 ./src/Drivers/Flash/flash.o
 .debug_macro   0x00000000      0x1a3 ./src/Drivers/Flash/flash.o
 .debug_macro   0x00000000      0x133 ./src/Drivers/Flash/flash.o
 .debug_macro   0x00000000       0x1c ./src/Drivers/Flash/flash.o
 .debug_macro   0x00000000       0x16 ./src/Drivers/Flash/flash.o
 .debug_macro   0x00000000       0x28 ./src/Drivers/Flash/flash.o
 .debug_macro   0x00000000       0x10 ./src/Drivers/Flash/flash.o
 .debug_macro   0x00000000       0x16 ./src/Drivers/Flash/flash.o
 .debug_macro   0x00000000       0x16 ./src/Drivers/Flash/flash.o
 .debug_macro   0x00000000       0x16 ./src/Drivers/Flash/flash.o
 .debug_macro   0x00000000       0x9d ./src/Drivers/Flash/flash.o
 .debug_macro   0x00000000      0x1af ./src/Drivers/Flash/flash.o
 .debug_macro   0x00000000    0x1a4de ./src/Drivers/Flash/flash.o
 .debug_macro   0x00000000      0xefe ./src/Drivers/Flash/flash.o
 .debug_macro   0x00000000       0x59 ./src/Drivers/Flash/flash.o
 .group         0x00000000        0x8 ./src/Bootloader/UserAppFlash.o
 .group         0x00000000        0x8 ./src/Bootloader/UserAppFlash.o
 .group         0x00000000        0x8 ./src/Bootloader/UserAppFlash.o
 .group         0x00000000        0x8 ./src/Bootloader/UserAppFlash.o
 .group         0x00000000        0x8 ./src/Bootloader/UserAppFlash.o
 .group         0x00000000        0x8 ./src/Bootloader/UserAppFlash.o
 .group         0x00000000        0x8 ./src/Bootloader/UserAppFlash.o
 .group         0x00000000        0x8 ./src/Bootloader/UserAppFlash.o
 .group         0x00000000        0x8 ./src/Bootloader/UserAppFlash.o
 .group         0x00000000        0x8 ./src/Bootloader/UserAppFlash.o
 .group         0x00000000        0x8 ./src/Bootloader/UserAppFlash.o
 .group         0x00000000        0x8 ./src/Bootloader/UserAppFlash.o
 .group         0x00000000        0x8 ./src/Bootloader/UserAppFlash.o
 .group         0x00000000        0x8 ./src/Bootloader/UserAppFlash.o
 .group         0x00000000        0x8 ./src/Bootloader/UserAppFlash.o
 .group         0x00000000        0x8 ./src/Bootloader/UserAppFlash.o
 .group         0x00000000        0x8 ./src/Bootloader/UserAppFlash.o
 .group         0x00000000        0x8 ./src/Bootloader/UserAppFlash.o
 .group         0x00000000        0x8 ./src/Bootloader/UserAppFlash.o
 .text          0x00000000        0x0 ./src/Bootloader/UserAppFlash.o
 .data          0x00000000        0x0 ./src/Bootloader/UserAppFlash.o
 .bss           0x00000000        0x0 ./src/Bootloader/UserAppFlash.o
 .debug_macro   0x00000000      0x61c ./src/Bootloader/UserAppFlash.o
 .debug_macro   0x00000000       0x52 ./src/Bootloader/UserAppFlash.o
 .debug_macro   0x00000000       0xa0 ./src/Bootloader/UserAppFlash.o
 .debug_macro   0x00000000       0x16 ./src/Bootloader/UserAppFlash.o
 .debug_macro   0x00000000       0x64 ./src/Bootloader/UserAppFlash.o
 .debug_macro   0x00000000      0x1a3 ./src/Bootloader/UserAppFlash.o
 .debug_macro   0x00000000      0x133 ./src/Bootloader/UserAppFlash.o
 .debug_macro   0x00000000       0x9d ./src/Bootloader/UserAppFlash.o
 .debug_macro   0x00000000       0x10 ./src/Bootloader/UserAppFlash.o
 .debug_macro   0x00000000      0x15b ./src/Bootloader/UserAppFlash.o
 .debug_macro   0x00000000       0x28 ./src/Bootloader/UserAppFlash.o
 .debug_macro   0x00000000       0x58 ./src/Bootloader/UserAppFlash.o
 .debug_macro   0x00000000       0x16 ./src/Bootloader/UserAppFlash.o
 .debug_macro   0x00000000       0x16 ./src/Bootloader/UserAppFlash.o
 .debug_macro   0x00000000       0x16 ./src/Bootloader/UserAppFlash.o
 .debug_macro   0x00000000      0xefe ./src/Bootloader/UserAppFlash.o
 .debug_macro   0x00000000       0x59 ./src/Bootloader/UserAppFlash.o
 .group         0x00000000        0x8 ./src/Bootloader/Bootloader.o
 .group         0x00000000        0x8 ./src/Bootloader/Bootloader.o
 .group         0x00000000        0x8 ./src/Bootloader/Bootloader.o
 .group         0x00000000        0x8 ./src/Bootloader/Bootloader.o
 .group         0x00000000        0x8 ./src/Bootloader/Bootloader.o
 .group         0x00000000        0x8 ./src/Bootloader/Bootloader.o
 .group         0x00000000        0x8 ./src/Bootloader/Bootloader.o
 .group         0x00000000        0x8 ./src/Bootloader/Bootloader.o
 .group         0x00000000        0x8 ./src/Bootloader/Bootloader.o
 .group         0x00000000        0x8 ./src/Bootloader/Bootloader.o
 .group         0x00000000        0x8 ./src/Bootloader/Bootloader.o
 .group         0x00000000        0x8 ./src/Bootloader/Bootloader.o
 .text          0x00000000        0x0 ./src/Bootloader/Bootloader.o
 .data          0x00000000        0x0 ./src/Bootloader/Bootloader.o
 .bss           0x00000000        0x0 ./src/Bootloader/Bootloader.o
 .sbss.m_Bootloader_EntryBootloaderCmd
                0x00000000        0x8 ./src/Bootloader/Bootloader.o
 .sdata.m_Bootloader_ResetCmd_g
                0x00000000        0x8 ./src/Bootloader/Bootloader.o
 .sdata.m_Bootloader_CheckBootloaderCmd
                0x00000000        0x8 ./src/Bootloader/Bootloader.o
 .text.ArrayCheck
                0x00000000       0x96 ./src/Bootloader/Bootloader.o
 .debug_macro   0x00000000      0x61c ./src/Bootloader/Bootloader.o
 .debug_macro   0x00000000       0x52 ./src/Bootloader/Bootloader.o
 .debug_macro   0x00000000       0xa0 ./src/Bootloader/Bootloader.o
 .debug_macro   0x00000000       0x16 ./src/Bootloader/Bootloader.o
 .debug_macro   0x00000000       0x64 ./src/Bootloader/Bootloader.o
 .debug_macro   0x00000000      0x1a3 ./src/Bootloader/Bootloader.o
 .debug_macro   0x00000000      0x133 ./src/Bootloader/Bootloader.o
 .debug_macro   0x00000000       0x9d ./src/Bootloader/Bootloader.o
 .debug_macro   0x00000000       0x10 ./src/Bootloader/Bootloader.o
 .debug_macro   0x00000000      0x15b ./src/Bootloader/Bootloader.o
 .debug_macro   0x00000000       0x28 ./src/Bootloader/Bootloader.o
 .debug_macro   0x00000000       0x58 ./src/Bootloader/Bootloader.o
 .text          0x00000000        0x0 ./Project_Settings/Startup_Code/startup.o
 .data          0x00000000        0x0 ./Project_Settings/Startup_Code/startup.o
 .bss           0x00000000        0x0 ./Project_Settings/Startup_Code/startup.o
 .bss           0x00000000        0x0 c:/program files (x86)/nxp/s32ds_power_v2017.r1/cross_tools/powerpc-eabivle-4_9/bin/../lib/gcc/powerpc-eabivle/4.9.4/e200z4/fp\libgcc.a(eabivle.o)
 .data          0x00000000        0x0 c:/program files (x86)/nxp/s32ds_power_v2017.r1/cross_tools/powerpc-eabivle-4_9/bin/../lib/gcc/powerpc-eabivle/4.9.4/e200z4/fp/crtend.o
 .bss           0x00000000        0x0 c:/program files (x86)/nxp/s32ds_power_v2017.r1/cross_tools/powerpc-eabivle-4_9/bin/../lib/gcc/powerpc-eabivle/4.9.4/e200z4/fp/crtend.o
 .jcr           0x00000000        0x4 c:/program files (x86)/nxp/s32ds_power_v2017.r1/cross_tools/powerpc-eabivle-4_9/bin/../lib/gcc/powerpc-eabivle/4.9.4/e200z4/fp/crtend.o
 .text          0x00000000        0x0 c:/program files (x86)/nxp/s32ds_power_v2017.r1/cross_tools/powerpc-eabivle-4_9/bin/../lib/gcc/powerpc-eabivle/4.9.4/e200z4/fp/ecrtn.o
 .data          0x00000000        0x0 c:/program files (x86)/nxp/s32ds_power_v2017.r1/cross_tools/powerpc-eabivle-4_9/bin/../lib/gcc/powerpc-eabivle/4.9.4/e200z4/fp/ecrtn.o
 .bss           0x00000000        0x0 c:/program files (x86)/nxp/s32ds_power_v2017.r1/cross_tools/powerpc-eabivle-4_9/bin/../lib/gcc/powerpc-eabivle/4.9.4/e200z4/fp/ecrtn.o
 .fixup         0x00000000        0x0 c:/program files (x86)/nxp/s32ds_power_v2017.r1/cross_tools/powerpc-eabivle-4_9/bin/../lib/gcc/powerpc-eabivle/4.9.4/e200z4/fp/ecrtn.o
 .sdata         0x00000000        0x0 c:/program files (x86)/nxp/s32ds_power_v2017.r1/cross_tools/powerpc-eabivle-4_9/bin/../lib/gcc/powerpc-eabivle/4.9.4/e200z4/fp/ecrtn.o
 .sdata2        0x00000000        0x0 c:/program files (x86)/nxp/s32ds_power_v2017.r1/cross_tools/powerpc-eabivle-4_9/bin/../lib/gcc/powerpc-eabivle/4.9.4/e200z4/fp/ecrtn.o
 .gcc_except_table
                0x00000000        0x0 c:/program files (x86)/nxp/s32ds_power_v2017.r1/cross_tools/powerpc-eabivle-4_9/bin/../lib/gcc/powerpc-eabivle/4.9.4/e200z4/fp/ecrtn.o

Memory Configuration

Name             Origin             Length             Attributes
flash_rchw       0x00f98000         0x00000004
cpu0_reset_vec   0x00f98004         0x00000004
m_text           0x00f99000         0x00017000
m_data           0x40000000         0x00060000
local_dmem       0x50800000         0x00010000
*default*        0x00000000         0xffffffff

Linker script and memory map

LOAD c:/program files (x86)/nxp/s32ds_power_v2017.r1/cross_tools/powerpc-eabivle-4_9/bin/../lib/gcc/powerpc-eabivle/4.9.4/e200z4/fp/ecrti.o
LOAD c:/program files (x86)/nxp/s32ds_power_v2017.r1/cross_tools/powerpc-eabivle-4_9/bin/../lib/gcc/powerpc-eabivle/4.9.4/e200z4/fp/crtbegin.o
LOAD ./src/main.o
LOAD ./src/intc_sw_handlers.o
LOAD ./src/intc_SW_mode_isr_vectors_MPC5744P.o
LOAD ./src/flexcan_init.o
LOAD ./src/flashrchw.o
LOAD ./src/Vector.o
LOAD ./src/System.o
LOAD ./src/MPC57xx__Interrupt_Init.o
LOAD ./src/MPC574xP_SystemInit.o
LOAD ./src/IVORx_vle.o
LOAD ./src/Drivers/Flash/flash_c55_driver.o
LOAD ./src/Drivers/Flash/flash.o
LOAD ./src/Bootloader/UserAppFlash.o
LOAD ./src/Bootloader/Bootloader.o
LOAD ./Project_Settings/Startup_Code/startup.o
START GROUP
LOAD C:/Program Files (x86)/NXP/S32DS_Power_v2017.R1/S32DS/e200_ewl2/lib/e200z4/fp\libc99.a
LOAD C:/Program Files (x86)/NXP/S32DS_Power_v2017.R1/S32DS/e200_ewl2/lib/e200z4/fp\libm.a
LOAD c:/program files (x86)/nxp/s32ds_power_v2017.r1/cross_tools/powerpc-eabivle-4_9/bin/../lib/gcc/powerpc-eabivle/4.9.4/e200z4/fp\libgcc.a
LOAD C:/Program Files (x86)/NXP/S32DS_Power_v2017.R1/S32DS/e200_ewl2/lib/e200z4/fp\librt.a
END GROUP
LOAD c:/program files (x86)/nxp/s32ds_power_v2017.r1/cross_tools/powerpc-eabivle-4_9/bin/../lib/gcc/powerpc-eabivle/4.9.4/e200z4/fp/crtend.o
LOAD c:/program files (x86)/nxp/s32ds_power_v2017.r1/cross_tools/powerpc-eabivle-4_9/bin/../lib/gcc/powerpc-eabivle/4.9.4/e200z4/fp/ecrtn.o
                0x00000000                __HEAP_SIZE = 0x0
                0x00001000                __STACK_SIZE = 0x1000
                0x00060000                SRAM_SIZE = 0x60000
                0x40000000                SRAM_BASE_ADDR = 0x40000000
                0x00010000                LOCALDMEM_SIZE = 0x10000
                0x50800000                LOCALDMEM_BASE_ADDR = 0x50800000

.rchw           0x00f98000        0x4
 *(.rchw)
 .rchw          0x00f98000        0x4 ./src/flashrchw.o
                0x00f98000                RCHW1

.cpu0_reset_vector
                0x00f98004        0x4
 *(.cpu0_reset_vector)
 .cpu0_reset_vector
                0x00f98004        0x4 ./src/flashrchw.o
                0x00f98004                RCHW2

.startup        0x00f99000      0x1fe
                0x00f99000                __start = .
 *(.startup)
 .startup       0x00f99000      0x1fe ./Project_Settings/Startup_Code/startup.o
                0x00f99000                _start

.core_exceptions_table
                0x00f9a000      0x100
                0x00f9a000                __IVPR_VALUE = .
 *(.core_exceptions_table)
 .core_exceptions_table
                0x00f9a000      0x100 ./src/Vector.o
                0x00f9a000                VTABLE
                0x00f9a000                IVOR0_Vector
                0x00f9a030                IVOR3_Vector
                0x00f9a040                IVOR4_Vector
                0x00f9a050                IVOR5_Vector
                0x00f9a060                IVOR6_Vector
                0x00f9a070                IVOR7_Vector
                0x00f9a080                IVOR8_Vector
                0x00f9a090                IVOR9_Vector
                0x00f9a0a0                IVOR10_Vector
                0x00f9a0b0                IVOR11_Vector
                0x00f9a0c0                IVOR12_Vector
                0x00f9a0d0                IVOR13_Vector
                0x00f9a0e0                IVOR14_Vector
                0x00f9a0f0                IVOR15_Vector

.intc_vector_table
                0x00f9b000      0xb78
 *(.intc_vector_table)
 .intc_vector_table
                0x00f9b000      0xb78 ./src/intc_SW_mode_isr_vectors_MPC5744P.o
                0x00f9b000                IntcIsrVectorTable

.text           0x00f9bb80     0x3070
 *(.text.startup)
 *(.text)
 .text          0x00f9bb80      0x16c c:/program files (x86)/nxp/s32ds_power_v2017.r1/cross_tools/powerpc-eabivle-4_9/bin/../lib/gcc/powerpc-eabivle/4.9.4/e200z4/fp/crtbegin.o
 *fill*         0x00f9bcec        0x4 
 .text          0x00f9bcf0       0x48 ./src/intc_sw_handlers.o
                0x00f9bcf0                IVOR4_Handler
 *fill*         0x00f9bd38        0x8 
 .text          0x00f9bd40      0x1ac ./src/IVORx_vle.o
                0x00f9bd40                IVOR1_Handler
                0x00f9be16                IVOR2_Handler
 .text          0x00f9beec       0x4a c:/program files (x86)/nxp/s32ds_power_v2017.r1/cross_tools/powerpc-eabivle-4_9/bin/../lib/gcc/powerpc-eabivle/4.9.4/e200z4/fp\libgcc.a(eabivle.o)
                0x00f9beec                __eabi
 *fill*         0x00f9bf36        0x2 
 .text          0x00f9bf38       0x48 c:/program files (x86)/nxp/s32ds_power_v2017.r1/cross_tools/powerpc-eabivle-4_9/bin/../lib/gcc/powerpc-eabivle/4.9.4/e200z4/fp/crtend.o
 *(.text.*)
 .text.bootloader_entry
                0x00f9bf80       0x22 ./src/main.o
                0x00f9bf80                bootloader_entry
 *fill*         0x00f9bfa2        0x2 
 .text.app_entry
                0x00f9bfa4       0x50 ./src/main.o
                0x00f9bfa4                app_entry
 .text.main     0x00f9bff4       0x64 ./src/main.o
                0x00f9bff4                main
 .text.Tick_Tasks
                0x00f9c058       0x6a ./src/main.o
                0x00f9c058                Tick_Tasks
 *fill*         0x00f9c0c2        0x2 
 .text.Time_Tasks
                0x00f9c0c4      0x10e ./src/main.o
                0x00f9c0c4                Time_Tasks
 *fill*         0x00f9c1d2        0x2 
 .text.CAN_Tasks
                0x00f9c1d4      0x1f8 ./src/main.o
                0x00f9c1d4                CAN_Tasks
 .text.dummy    0x00f9c3cc        0xc ./src/intc_SW_mode_isr_vectors_MPC5744P.o
                0x00f9c3cc                dummy
 .text.flexcan_0_deinit_fnc
                0x00f9c3d8       0x8a ./src/flexcan_init.o
                0x00f9c3d8                flexcan_0_deinit_fnc
 *fill*         0x00f9c462        0x2 
 .text.flexcan_0_init_fnc
                0x00f9c464      0x22e ./src/flexcan_init.o
                0x00f9c464                flexcan_0_init_fnc
 *fill*         0x00f9c692        0x2 
 .text.CAN0_TransmitMsg
                0x00f9c694      0x138 ./src/flexcan_init.o
                0x00f9c694                CAN0_TransmitMsg
 .text.CAN0_ReceiveInit
                0x00f9c7cc       0xea ./src/flexcan_init.o
                0x00f9c7cc                CAN0_ReceiveInit
 *fill*         0x00f9c8b6        0x2 
 .text.Load_ReponseToUpMachine
                0x00f9c8b8       0xec ./src/flexcan_init.o
                0x00f9c8b8                Load_ReponseToUpMachine
 .text.CAN0_ReceiveMsg
                0x00f9c9a4      0x170 ./src/flexcan_init.o
                0x00f9c9a4                CAN0_ReceiveMsg
 .text.EER_exception_handler
                0x00f9cb14       0x14 ./src/System.o
                0x00f9cb14                EER_exception_handler
 .text.CleanRAM
                0x00f9cb28       0x84 ./src/System.o
                0x00f9cb28                CleanRAM
 .text.Prepare_Before_Jump_m
                0x00f9cbac       0x2a ./src/System.o
                0x00f9cbac                Prepare_Before_Jump_m
 *fill*         0x00f9cbd6        0x2 
 .text.SetIVPR  0x00f9cbd8       0x1a ./src/MPC57xx__Interrupt_Init.o
                0x00f9cbd8                SetIVPR
 *fill*         0x00f9cbf2        0x2 
 .text.InitINTC
                0x00f9cbf4       0x32 ./src/MPC57xx__Interrupt_Init.o
                0x00f9cbf4                InitINTC
 *fill*         0x00f9cc26        0x2 
 .text.enableIrq
                0x00f9cc28       0x20 ./src/MPC57xx__Interrupt_Init.o
                0x00f9cc28                enableIrq
 .text.xcptn_xmpl
                0x00f9cc48       0x34 ./src/MPC57xx__Interrupt_Init.o
                0x00f9cc48                xcptn_xmpl
 .text.Sys_Init
                0x00f9cc7c      0x14e ./src/MPC574xP_SystemInit.o
                0x00f9cc7c                Sys_Init
 *fill*         0x00f9cdca        0x2 
 .text.GPIO_Aux_Function_Config
                0x00f9cdcc       0xbc ./src/MPC574xP_SystemInit.o
                0x00f9cdcc                GPIO_Aux_Function_Config
 .text.FLASH_GetNumOfLowBlock
                0x00f9ce88       0x4e ./src/Drivers/Flash/flash_c55_driver.o
 *fill*         0x00f9ced6        0x2 
 .text.FLASH_GetNumOfMidBlock
                0x00f9ced8       0x54 ./src/Drivers/Flash/flash_c55_driver.o
 .text.FLASH_GetNumOfHighBlock
                0x00f9cf2c       0x54 ./src/Drivers/Flash/flash_c55_driver.o
 .text.FLASH_GetNumOf256KBlock
                0x00f9cf80       0x24 ./src/Drivers/Flash/flash_c55_driver.o
 .text.FLASH_DRV_CheckProgramStatus
                0x00f9cfa4      0x1f8 ./src/Drivers/Flash/flash_c55_driver.o
                0x00f9cfa4                FLASH_DRV_CheckProgramStatus
 .text.FLASH_DRV_CheckEraseStatus
                0x00f9d19c      0x130 ./src/Drivers/Flash/flash_c55_driver.o
                0x00f9d19c                FLASH_DRV_CheckEraseStatus
 .text.FLASH_DRV_Init
                0x00f9d2cc       0x26 ./src/Drivers/Flash/flash_c55_driver.o
                0x00f9d2cc                FLASH_DRV_Init
 *fill*         0x00f9d2f2        0x2 
 .text.FLASH_DRV_SetLock
                0x00f9d2f4      0x1ba ./src/Drivers/Flash/flash_c55_driver.o
                0x00f9d2f4                FLASH_DRV_SetLock
 *fill*         0x00f9d4ae        0x2 
 .text.FLASH_DRV_GetLock
                0x00f9d4b0      0x194 ./src/Drivers/Flash/flash_c55_driver.o
                0x00f9d4b0                FLASH_DRV_GetLock
 .text.FLASH_DRV_FindInterLockWriteAdd
                0x00f9d644      0x29a ./src/Drivers/Flash/flash_c55_driver.o
 *fill*         0x00f9d8de        0x2 
 .text.FLASH_DRV_Erase
                0x00f9d8e0      0x25a ./src/Drivers/Flash/flash_c55_driver.o
                0x00f9d8e0                FLASH_DRV_Erase
 *fill*         0x00f9db3a        0x2 
 .text.FLASH_DRV_Program
                0x00f9db3c      0x1a0 ./src/Drivers/Flash/flash_c55_driver.o
                0x00f9db3c                FLASH_DRV_Program
 .text.FLASH_DRV_ProgramVerify
                0x00f9dcdc      0x110 ./src/Drivers/Flash/flash_c55_driver.o
                0x00f9dcdc                FLASH_DRV_ProgramVerify
 .text.FLASH_DRV_CheckSum
                0x00f9ddec       0xd0 ./src/Drivers/Flash/flash_c55_driver.o
                0x00f9ddec                FLASH_DRV_CheckSum
 .text.DisableFlashControllerCache
                0x00f9debc       0x4a ./src/Drivers/Flash/flash.o
                0x00f9debc                DisableFlashControllerCache
 *fill*         0x00f9df06        0x2 
 .text.RestoreFlashControllerCache
                0x00f9df08       0x28 ./src/Drivers/Flash/flash.o
                0x00f9df08                RestoreFlashControllerCache
 .text.UserCallBack
                0x00f9df30       0x28 ./src/Drivers/Flash/flash.o
                0x00f9df30                UserCallBack
 .text.Flash_GetSelectBlock
                0x00f9df58      0x27e ./src/Drivers/Flash/flash.o
                0x00f9df58                Flash_GetSelectBlock
 *fill*         0x00f9e1d6        0x2 
 .text.Flash_Unlock_g
                0x00f9e1d8      0x1ea ./src/Drivers/Flash/flash.o
                0x00f9e1d8                Flash_Unlock_g
 *fill*         0x00f9e3c2        0x2 
 .text.Flash_Erase_g
                0x00f9e3c4       0xca ./src/Drivers/Flash/flash.o
                0x00f9e3c4                Flash_Erase_g
 *fill*         0x00f9e48e        0x2 
 .text.Flash_Program_g
                0x00f9e490      0x152 ./src/Drivers/Flash/flash.o
                0x00f9e490                Flash_Program_g
 *fill*         0x00f9e5e2        0x2 
 .text.Flash_Lock_g
                0x00f9e5e4      0x194 ./src/Drivers/Flash/flash.o
                0x00f9e5e4                Flash_Lock_g
 .text.UserFlash_EraseIvtAndUserAppBlock_g
                0x00f9e778       0xda ./src/Bootloader/UserAppFlash.o
                0x00f9e778                UserFlash_EraseIvtAndUserAppBlock_g
 *fill*         0x00f9e852        0x2 
 .text.UserFlash_WriteData
                0x00f9e854       0x42 ./src/Bootloader/UserAppFlash.o
                0x00f9e854                UserFlash_WriteData
 *fill*         0x00f9e896        0x2 
 .text.UserFlash_DataParseAddrData
                0x00f9e898      0x1e0 ./src/Bootloader/UserAppFlash.o
                0x00f9e898                UserFlash_DataParseAddrData
 .text.UserFlash_LastIsFull64Bits_g
                0x00f9ea78       0x7a ./src/Bootloader/UserAppFlash.o
                0x00f9ea78                UserFlash_LastIsFull64Bits_g
 *fill*         0x00f9eaf2        0x2 
 .text.Bootloader_DataParse_g
                0x00f9eaf4       0xbc ./src/Bootloader/Bootloader.o
                0x00f9eaf4                Bootloader_DataParse_g
 *(.init)
 .init          0x00f9ebb0        0xc c:/program files (x86)/nxp/s32ds_power_v2017.r1/cross_tools/powerpc-eabivle-4_9/bin/../lib/gcc/powerpc-eabivle/4.9.4/e200z4/fp/ecrti.o
                0x00f9ebb0                __init
 .init          0x00f9ebbc        0x4 c:/program files (x86)/nxp/s32ds_power_v2017.r1/cross_tools/powerpc-eabivle-4_9/bin/../lib/gcc/powerpc-eabivle/4.9.4/e200z4/fp/crtbegin.o
 .init          0x00f9ebc0        0x4 c:/program files (x86)/nxp/s32ds_power_v2017.r1/cross_tools/powerpc-eabivle-4_9/bin/../lib/gcc/powerpc-eabivle/4.9.4/e200z4/fp/crtend.o
 .init          0x00f9ebc4        0xa c:/program files (x86)/nxp/s32ds_power_v2017.r1/cross_tools/powerpc-eabivle-4_9/bin/../lib/gcc/powerpc-eabivle/4.9.4/e200z4/fp/ecrtn.o
 *(.fini)
 *fill*         0x00f9ebce        0x2 
 .fini          0x00f9ebd0        0xc c:/program files (x86)/nxp/s32ds_power_v2017.r1/cross_tools/powerpc-eabivle-4_9/bin/../lib/gcc/powerpc-eabivle/4.9.4/e200z4/fp/ecrti.o
                0x00f9ebd0                __fini
 .fini          0x00f9ebdc        0x4 c:/program files (x86)/nxp/s32ds_power_v2017.r1/cross_tools/powerpc-eabivle-4_9/bin/../lib/gcc/powerpc-eabivle/4.9.4/e200z4/fp/crtbegin.o
 .fini          0x00f9ebe0        0xa c:/program files (x86)/nxp/s32ds_power_v2017.r1/cross_tools/powerpc-eabivle-4_9/bin/../lib/gcc/powerpc-eabivle/4.9.4/e200z4/fp/ecrtn.o
                0x00f9ebf0                . = ALIGN (0x10)
 *fill*         0x00f9ebea        0x6 

.glink          0x00f9ebf0        0x0
 .glink         0x00f9ebf0        0x0 c:/program files (x86)/nxp/s32ds_power_v2017.r1/cross_tools/powerpc-eabivle-4_9/bin/../lib/gcc/powerpc-eabivle/4.9.4/e200z4/fp/crtbegin.o

.ctors          0x00f9ebf0        0x8
                0x00f9ebf0                __CTOR_LIST__ = .
 *crtbegin.o(.ctors)
 .ctors         0x00f9ebf0        0x4 c:/program files (x86)/nxp/s32ds_power_v2017.r1/cross_tools/powerpc-eabivle-4_9/bin/../lib/gcc/powerpc-eabivle/4.9.4/e200z4/fp/crtbegin.o
 *crtbegin?.o(.ctors)
 *(EXCLUDE_FILE(*crtend.o *crtend?.o) .ctors)
 .ctors         0x00f9ebf4        0x0 c:/program files (x86)/nxp/s32ds_power_v2017.r1/cross_tools/powerpc-eabivle-4_9/bin/../lib/gcc/powerpc-eabivle/4.9.4/e200z4/fp/ecrti.o
 .ctors         0x00f9ebf4        0x0 c:/program files (x86)/nxp/s32ds_power_v2017.r1/cross_tools/powerpc-eabivle-4_9/bin/../lib/gcc/powerpc-eabivle/4.9.4/e200z4/fp/ecrtn.o
 *(SORT(.ctors.*))
 *(.ctors)
 .ctors         0x00f9ebf4        0x4 c:/program files (x86)/nxp/s32ds_power_v2017.r1/cross_tools/powerpc-eabivle-4_9/bin/../lib/gcc/powerpc-eabivle/4.9.4/e200z4/fp/crtend.o
                0x00f9ebf8                __CTOR_END__ = .

.dtors          0x00f9ebf8        0x8
                0x00f9ebf8                __DTOR_LIST__ = .
 *crtbegin.o(.dtors)
 .dtors         0x00f9ebf8        0x4 c:/program files (x86)/nxp/s32ds_power_v2017.r1/cross_tools/powerpc-eabivle-4_9/bin/../lib/gcc/powerpc-eabivle/4.9.4/e200z4/fp/crtbegin.o
 *crtbegin?.o(.dtors)
 *(EXCLUDE_FILE(*crtend.o *crtend?.o) .dtors)
 .dtors         0x00f9ebfc        0x0 c:/program files (x86)/nxp/s32ds_power_v2017.r1/cross_tools/powerpc-eabivle-4_9/bin/../lib/gcc/powerpc-eabivle/4.9.4/e200z4/fp/ecrti.o
 .dtors         0x00f9ebfc        0x0 c:/program files (x86)/nxp/s32ds_power_v2017.r1/cross_tools/powerpc-eabivle-4_9/bin/../lib/gcc/powerpc-eabivle/4.9.4/e200z4/fp/ecrtn.o
 *(SORT(.dtors.*))
 *(.dtors)
 .dtors         0x00f9ebfc        0x4 c:/program files (x86)/nxp/s32ds_power_v2017.r1/cross_tools/powerpc-eabivle-4_9/bin/../lib/gcc/powerpc-eabivle/4.9.4/e200z4/fp/crtend.o
                0x00f9ec00                __DTOR_END__ = .

.preinit_array  0x00f9ec00        0x0
                [!provide]                PROVIDE (__preinit_array_start, .)
 *(.preinit_array*)
                [!provide]                PROVIDE (__preinit_array_end, .)

.init_array     0x00f9ec00        0x0
                [!provide]                PROVIDE (__init_array_start, .)
 *(SORT(.init_array.*))
 *(.init_array*)
                [!provide]                PROVIDE (__init_array_end, .)

.fini_array     0x00f9ec00        0x0
                [!provide]                PROVIDE (__fini_array_start, .)
 *(SORT(.fini_array.*))
 *(.fini_array*)
                [!provide]                PROVIDE (__fini_array_end, .)

.rodata         0x00f9ec00      0x100
 *(.rodata)
 *(.rodata.*)
 .rodata.CAN_Tasks
                0x00f9ec00       0x18 ./src/main.o
 .rodata.FLASH_BLOCK_ADDR
                0x00f9ec18       0x50 ./src/Drivers/Flash/flash_c55_driver.o
 .rodata.FLASH_BLOCK_MASK
                0x00f9ec68       0x50 ./src/Drivers/Flash/flash_c55_driver.o
 .rodata.FLASH_DRV_SetLock
                0x00f9ecb8       0x18 ./src/Drivers/Flash/flash_c55_driver.o
 .rodata.FLASH_DRV_GetLock
                0x00f9ecd0       0x18 ./src/Drivers/Flash/flash_c55_driver.o
 .rodata.Bootloader_DataParse_g
                0x00f9ece8       0x18 ./src/Bootloader/Bootloader.o

.eh_frame_hdr
 *(.eh_frame_hdr)

.eh_frame       0x00f9ed00        0x8
 *(.eh_frame)
 .eh_frame      0x00f9ed00        0x0 c:/program files (x86)/nxp/s32ds_power_v2017.r1/cross_tools/powerpc-eabivle-4_9/bin/../lib/gcc/powerpc-eabivle/4.9.4/e200z4/fp/ecrti.o
                0x00f9ed00                __EH_FRAME_BEGIN__
 .eh_frame      0x00f9ed00        0x0 c:/program files (x86)/nxp/s32ds_power_v2017.r1/cross_tools/powerpc-eabivle-4_9/bin/../lib/gcc/powerpc-eabivle/4.9.4/e200z4/fp/crtbegin.o
 .eh_frame      0x00f9ed00        0x0 c:/program files (x86)/nxp/s32ds_power_v2017.r1/cross_tools/powerpc-eabivle-4_9/bin/../lib/gcc/powerpc-eabivle/4.9.4/e200z4/fp/crtbegin.o
 .eh_frame      0x00f9ed00        0x4 c:/program files (x86)/nxp/s32ds_power_v2017.r1/cross_tools/powerpc-eabivle-4_9/bin/../lib/gcc/powerpc-eabivle/4.9.4/e200z4/fp/crtend.o
 .eh_frame      0x00f9ed04        0x4 c:/program files (x86)/nxp/s32ds_power_v2017.r1/cross_tools/powerpc-eabivle-4_9/bin/../lib/gcc/powerpc-eabivle/4.9.4/e200z4/fp/ecrtn.o
                0x00f9ed04                __EH_FRAME_END__

.data           0x40000000       0xa4 load address 0x00f9ed08
 *(.data)
 .data          0x40000000        0x4 c:/program files (x86)/nxp/s32ds_power_v2017.r1/cross_tools/powerpc-eabivle-4_9/bin/../lib/gcc/powerpc-eabivle/4.9.4/e200z4/fp\libgcc.a(eabivle.o)
 *(.data.*)
 .data.Flash_Block_Lock
                0x40000004       0x10 ./src/Drivers/Flash/flash.o
                0x40000004                Flash_Block_Lock
 .data.Flash_Block_Low_Start_Array
                0x40000014       0x10 ./src/Drivers/Flash/flash.o
                0x40000014                Flash_Block_Low_Start_Array
 .data.Flash_Block_High_Start_Array
                0x40000024       0x18 ./src/Drivers/Flash/flash.o
                0x40000024                Flash_Block_High_Start_Array
 .data.Flash_Block_256K_Start_Array
                0x4000003c       0x20 ./src/Drivers/Flash/flash.o
                0x4000003c                Flash_Block_256K_Start_Array
 .data.Flash_Block_Low_End_Array
                0x4000005c       0x10 ./src/Drivers/Flash/flash.o
                0x4000005c                Flash_Block_Low_End_Array
 .data.Flash_Block_High_End_Array
                0x4000006c       0x18 ./src/Drivers/Flash/flash.o
                0x4000006c                Flash_Block_High_End_Array
 .data.Flash_Block_256K_End_Array
                0x40000084       0x20 ./src/Drivers/Flash/flash.o
                0x40000084                Flash_Block_256K_End_Array

.jcr            0x400000a4        0x0 load address 0x00f9edac
 .jcr           0x400000a4        0x0 c:/program files (x86)/nxp/s32ds_power_v2017.r1/cross_tools/powerpc-eabivle-4_9/bin/../lib/gcc/powerpc-eabivle/4.9.4/e200z4/fp/crtbegin.o

.tm_clone_table
                0x400000a4        0x0 load address 0x00f9edac
 .tm_clone_table
                0x400000a4        0x0 c:/program files (x86)/nxp/s32ds_power_v2017.r1/cross_tools/powerpc-eabivle-4_9/bin/../lib/gcc/powerpc-eabivle/4.9.4/e200z4/fp/crtbegin.o
 .tm_clone_table
                0x400000a4        0x0 c:/program files (x86)/nxp/s32ds_power_v2017.r1/cross_tools/powerpc-eabivle-4_9/bin/../lib/gcc/powerpc-eabivle/4.9.4/e200z4/fp/crtend.o

.got2           0x400000a4       0x1c load address 0x00f9edac
 .got2          0x400000a4       0x1c c:/program files (x86)/nxp/s32ds_power_v2017.r1/cross_tools/powerpc-eabivle-4_9/bin/../lib/gcc/powerpc-eabivle/4.9.4/e200z4/fp\libgcc.a(eabivle.o)

.sdata2         0x400000c0        0x0 load address 0x00f9edc8
 *(.sdata2)
 .sdata2        0x400000c0        0x0 c:/program files (x86)/nxp/s32ds_power_v2017.r1/cross_tools/powerpc-eabivle-4_9/bin/../lib/gcc/powerpc-eabivle/4.9.4/e200z4/fp/ecrti.o
 .sdata2        0x400000c0        0x0 c:/program files (x86)/nxp/s32ds_power_v2017.r1/cross_tools/powerpc-eabivle-4_9/bin/../lib/gcc/powerpc-eabivle/4.9.4/e200z4/fp/crtbegin.o
 *(.sdata2.*)

.sbss2          0x400000c0        0x0 load address 0x00f9edc8
 *(.sbss2)
 .sbss2         0x400000c0        0x0 c:/program files (x86)/nxp/s32ds_power_v2017.r1/cross_tools/powerpc-eabivle-4_9/bin/../lib/gcc/powerpc-eabivle/4.9.4/e200z4/fp/ecrtn.o
 *(.sbss2.*)

.rela.dyn       0x400000c0        0x0 load address 0x00f9edc8
 .rela.iplt     0x400000c0        0x0 c:/program files (x86)/nxp/s32ds_power_v2017.r1/cross_tools/powerpc-eabivle-4_9/bin/../lib/gcc/powerpc-eabivle/4.9.4/e200z4/fp/crtbegin.o
 .rela.text     0x400000c0        0x0 c:/program files (x86)/nxp/s32ds_power_v2017.r1/cross_tools/powerpc-eabivle-4_9/bin/../lib/gcc/powerpc-eabivle/4.9.4/e200z4/fp/crtbegin.o
 .rela.text.main
                0x400000c0        0x0 c:/program files (x86)/nxp/s32ds_power_v2017.r1/cross_tools/powerpc-eabivle-4_9/bin/../lib/gcc/powerpc-eabivle/4.9.4/e200z4/fp/crtbegin.o
 .rela.text.CAN_Tasks
                0x400000c0        0x0 c:/program files (x86)/nxp/s32ds_power_v2017.r1/cross_tools/powerpc-eabivle-4_9/bin/../lib/gcc/powerpc-eabivle/4.9.4/e200z4/fp/crtbegin.o
 .rela.text.Load_ReponseToUpMachine
                0x400000c0        0x0 c:/program files (x86)/nxp/s32ds_power_v2017.r1/cross_tools/powerpc-eabivle-4_9/bin/../lib/gcc/powerpc-eabivle/4.9.4/e200z4/fp/crtbegin.o
 .rela.cpu0_reset_vector
                0x400000c0        0x0 c:/program files (x86)/nxp/s32ds_power_v2017.r1/cross_tools/powerpc-eabivle-4_9/bin/../lib/gcc/powerpc-eabivle/4.9.4/e200z4/fp/crtbegin.o
 .rela.text.Flash_Unlock_g
                0x400000c0        0x0 c:/program files (x86)/nxp/s32ds_power_v2017.r1/cross_tools/powerpc-eabivle-4_9/bin/../lib/gcc/powerpc-eabivle/4.9.4/e200z4/fp/crtbegin.o
 .rela.text.Flash_Lock_g
                0x400000c0        0x0 c:/program files (x86)/nxp/s32ds_power_v2017.r1/cross_tools/powerpc-eabivle-4_9/bin/../lib/gcc/powerpc-eabivle/4.9.4/e200z4/fp/crtbegin.o
 .rela.text.UserFlash_DataParseAddrData
                0x400000c0        0x0 c:/program files (x86)/nxp/s32ds_power_v2017.r1/cross_tools/powerpc-eabivle-4_9/bin/../lib/gcc/powerpc-eabivle/4.9.4/e200z4/fp/crtbegin.o
 .rela.text.UserFlash_LastIsFull64Bits_g
                0x400000c0        0x0 c:/program files (x86)/nxp/s32ds_power_v2017.r1/cross_tools/powerpc-eabivle-4_9/bin/../lib/gcc/powerpc-eabivle/4.9.4/e200z4/fp/crtbegin.o
 .rela.got2     0x400000c0        0x0 c:/program files (x86)/nxp/s32ds_power_v2017.r1/cross_tools/powerpc-eabivle-4_9/bin/../lib/gcc/powerpc-eabivle/4.9.4/e200z4/fp/crtbegin.o

.sdata          0x400000c0       0x44 load address 0x00f9edc8
 *(.sdata)
 .sdata         0x400000c0        0x0 c:/program files (x86)/nxp/s32ds_power_v2017.r1/cross_tools/powerpc-eabivle-4_9/bin/../lib/gcc/powerpc-eabivle/4.9.4/e200z4/fp/ecrti.o
                0x400000c0                __SDATA_START__
 .sdata         0x400000c0        0x0 c:/program files (x86)/nxp/s32ds_power_v2017.r1/cross_tools/powerpc-eabivle-4_9/bin/../lib/gcc/powerpc-eabivle/4.9.4/e200z4/fp/crtbegin.o
                0x400080c0                _SDA_BASE_
 *(.sdata.*)
 .sdata.Flash_Block_Mid_Start_Array
                0x400000c0        0x8 ./src/Drivers/Flash/flash.o
                0x400000c0                Flash_Block_Mid_Start_Array
 .sdata.Flash_Block_Mid_End_Array
                0x400000c8        0x8 ./src/Drivers/Flash/flash.o
                0x400000c8                Flash_Block_Mid_End_Array
 .sdata.USERAPPFLASH_STARTADDR
                0x400000d0        0x4 ./src/Bootloader/UserAppFlash.o
                0x400000d0                USERAPPFLASH_STARTADDR
 .sdata.USERAPPFLASH_ENDADDR
                0x400000d4        0x4 ./src/Bootloader/UserAppFlash.o
                0x400000d4                USERAPPFLASH_ENDADDR
 .sdata.m_LastAddr
                0x400000d8        0x4 ./src/Bootloader/UserAppFlash.o
                0x400000d8                m_LastAddr
 .sdata.g_Bootloader_EntryBootloaderReponse
                0x400000dc        0x8 ./src/Bootloader/Bootloader.o
                0x400000dc                g_Bootloader_EntryBootloaderReponse
 .sdata.g_Bootloader_CheckBootloaderReponse
                0x400000e4        0x8 ./src/Bootloader/Bootloader.o
                0x400000e4                g_Bootloader_CheckBootloaderReponse
 .sdata.g_Bootloader_EraseFlashReponse
                0x400000ec        0x8 ./src/Bootloader/Bootloader.o
                0x400000ec                g_Bootloader_EraseFlashReponse
 .sdata.g_Bootloader_DataReponse
                0x400000f4        0x8 ./src/Bootloader/Bootloader.o
                0x400000f4                g_Bootloader_DataReponse
 .sdata.g_Bootloader_DataProgramEndReponse
                0x400000fc        0x8 ./src/Bootloader/Bootloader.o
                0x400000fc                g_Bootloader_DataProgramEndReponse

.bss            0x40000104       0x8c load address 0x00f9ee0c
                0x40000104                __BSS_START = .
 *(.sbss)
 .sbss          0x40000104        0x0 c:/program files (x86)/nxp/s32ds_power_v2017.r1/cross_tools/powerpc-eabivle-4_9/bin/../lib/gcc/powerpc-eabivle/4.9.4/e200z4/fp/crtbegin.o
 .sbss          0x40000104        0x8 ./src/Drivers/Flash/flash.o
                0x40000104                pflash_pfcr2
                0x40000108                pflash_pfcr1
 .sbss          0x4000010c        0x8 ./src/Bootloader/UserAppFlash.o
                0x4000010c                dataForWrite
 .sbss          0x40000114        0x0 c:/program files (x86)/nxp/s32ds_power_v2017.r1/cross_tools/powerpc-eabivle-4_9/bin/../lib/gcc/powerpc-eabivle/4.9.4/e200z4/fp/ecrtn.o
                0x40000114                __SBSS_END__
 *(.sbss.*)
 .sbss.countTick
                0x40000114        0x4 ./src/main.o
                0x40000114                countTick
 .sbss.countTimer
                0x40000118        0x4 ./src/main.o
                0x40000118                countTimer
 .sbss.g_usrCnt
                0x4000011c        0x4 ./src/Drivers/Flash/flash.o
                0x4000011c                g_usrCnt
 *(.bss)
 .bss           0x40000120       0x20 c:/program files (x86)/nxp/s32ds_power_v2017.r1/cross_tools/powerpc-eabivle-4_9/bin/../lib/gcc/powerpc-eabivle/4.9.4/e200z4/fp/crtbegin.o
 *(.bss.*)
 .bss.Flash_Block_UnLock
                0x40000140       0x10 ./src/Drivers/Flash/flash.o
                0x40000140                Flash_Block_UnLock
 *(COMMON)
 COMMON         0x40000150       0x20 ./src/main.o
                0x40000150                CAN_RxMsg
 COMMON         0x40000170       0x20 ./src/flexcan_init.o
                0x40000170                CAN_TxMsg
                0x40000190                __BSS_END = .

.iplt           0x40000190        0x0 load address 0x00f9ee0c
 .iplt          0x40000190        0x0 c:/program files (x86)/nxp/s32ds_power_v2017.r1/cross_tools/powerpc-eabivle-4_9/bin/../lib/gcc/powerpc-eabivle/4.9.4/e200z4/fp/crtbegin.o

.stack          0x50800000     0x1004
                0x50800000                __HEAP = .
                [!provide]                PROVIDE (_end, .)
                [!provide]                PROVIDE (end, .)
                0x50800000                . = (. + __HEAP_SIZE)
                0x50800000                __HEAP_END = .
                0x50800000                _stack_end = .
                0x50801000                . = (. + __STACK_SIZE)
 *fill*         0x50800000     0x1000 
                0x50801000                _stack_addr = .
                0x50801000                __SP_INIT = .
                0x50801004                . = (. + 0x4)
 *fill*         0x50801000        0x4 
                0x40000000                __DATA_SRAM_ADDR = ADDR (.data)
                0x400000c0                __SDATA_SRAM_ADDR = ADDR (.sdata)
                0x000000a4                __DATA_SIZE = SIZEOF (.data)
                0x00000044                __SDATA_SIZE = SIZEOF (.sdata)
                0x00f9ed08                __DATA_ROM_ADDR = LOADADDR (.data)
                0x00f9edc8                __SDATA_ROM_ADDR = LOADADDR (.sdata)
                0x00060000                __SRAM_SIZE = SRAM_SIZE
                0x40000000                __SRAM_BASE_ADDR = SRAM_BASE_ADDR
                0x00010000                __LOCAL_DMEM_SIZE = LOCALDMEM_SIZE
                0x50800000                __LOCAL_DMEM_BASE_ADDR = LOCALDMEM_BASE_ADDR
                0x0000008c                __BSS_SIZE = (__BSS_END - __BSS_START)
OUTPUT(MPC5744P_CAN_Bootloader.elf elf32-powerpc)

.comment        0x00000000       0xa8
 .comment       0x00000000        0xd c:/program files (x86)/nxp/s32ds_power_v2017.r1/cross_tools/powerpc-eabivle-4_9/bin/../lib/gcc/powerpc-eabivle/4.9.4/e200z4/fp/ecrti.o
                                  0xe (size before relaxing)
 .comment       0x0000000d       0x8e c:/program files (x86)/nxp/s32ds_power_v2017.r1/cross_tools/powerpc-eabivle-4_9/bin/../lib/gcc/powerpc-eabivle/4.9.4/e200z4/fp/crtbegin.o
                                 0x8f (size before relaxing)
 .comment       0x0000009b       0x8f ./src/main.o
 .comment       0x0000009b       0x8f ./src/intc_SW_mode_isr_vectors_MPC5744P.o
 .comment       0x0000009b       0x8f ./src/flexcan_init.o
 .comment       0x0000009b       0x8f ./src/flashrchw.o
 .comment       0x0000009b       0x8f ./src/Vector.o
 .comment       0x0000009b       0x8f ./src/System.o
 .comment       0x0000009b       0x8f ./src/MPC57xx__Interrupt_Init.o
 .comment       0x0000009b       0x8f ./src/MPC574xP_SystemInit.o
 .comment       0x0000009b       0x8f ./src/Drivers/Flash/flash_c55_driver.o
 .comment       0x0000009b       0x8f ./src/Drivers/Flash/flash.o
 .comment       0x0000009b       0x8f ./src/Bootloader/UserAppFlash.o
 .comment       0x0000009b       0x8f ./src/Bootloader/Bootloader.o
 .comment       0x0000009b       0x8f c:/program files (x86)/nxp/s32ds_power_v2017.r1/cross_tools/powerpc-eabivle-4_9/bin/../lib/gcc/powerpc-eabivle/4.9.4/e200z4/fp/crtend.o
 .comment       0x0000009b        0xd c:/program files (x86)/nxp/s32ds_power_v2017.r1/cross_tools/powerpc-eabivle-4_9/bin/../lib/gcc/powerpc-eabivle/4.9.4/e200z4/fp/ecrtn.o
                                  0xe (size before relaxing)

.PPC.EMB.apuinfo
                0x00000000       0x18
 .PPC.EMB.apuinfo
                0x00000000       0x18 c:/program files (x86)/nxp/s32ds_power_v2017.r1/cross_tools/powerpc-eabivle-4_9/bin/../lib/gcc/powerpc-eabivle/4.9.4/e200z4/fp/ecrti.o
 .PPC.EMB.apuinfo
                0x00000018       0x18 c:/program files (x86)/nxp/s32ds_power_v2017.r1/cross_tools/powerpc-eabivle-4_9/bin/../lib/gcc/powerpc-eabivle/4.9.4/e200z4/fp/crtbegin.o
 .PPC.EMB.apuinfo
                0x00000030       0x18 ./src/main.o
 .PPC.EMB.apuinfo
                0x00000048       0x18 ./src/intc_sw_handlers.o
 .PPC.EMB.apuinfo
                0x00000060       0x18 ./src/intc_SW_mode_isr_vectors_MPC5744P.o
 .PPC.EMB.apuinfo
                0x00000078       0x18 ./src/flexcan_init.o
 .PPC.EMB.apuinfo
                0x00000090       0x18 ./src/Vector.o
 .PPC.EMB.apuinfo
                0x000000a8       0x18 ./src/System.o
 .PPC.EMB.apuinfo
                0x000000c0       0x18 ./src/MPC57xx__Interrupt_Init.o
 .PPC.EMB.apuinfo
                0x000000d8       0x18 ./src/MPC574xP_SystemInit.o
 .PPC.EMB.apuinfo
                0x000000f0       0x18 ./src/IVORx_vle.o
 .PPC.EMB.apuinfo
                0x00000108       0x18 ./src/Drivers/Flash/flash_c55_driver.o
 .PPC.EMB.apuinfo
                0x00000120       0x18 ./src/Drivers/Flash/flash.o
 .PPC.EMB.apuinfo
                0x00000138       0x18 ./src/Bootloader/UserAppFlash.o
 .PPC.EMB.apuinfo
                0x00000150       0x18 ./src/Bootloader/Bootloader.o
 .PPC.EMB.apuinfo
                0x00000168       0x18 ./Project_Settings/Startup_Code/startup.o
 .PPC.EMB.apuinfo
                0x00000180       0x18 c:/program files (x86)/nxp/s32ds_power_v2017.r1/cross_tools/powerpc-eabivle-4_9/bin/../lib/gcc/powerpc-eabivle/4.9.4/e200z4/fp\libgcc.a(eabivle.o)
 .PPC.EMB.apuinfo
                0x00000198       0x18 c:/program files (x86)/nxp/s32ds_power_v2017.r1/cross_tools/powerpc-eabivle-4_9/bin/../lib/gcc/powerpc-eabivle/4.9.4/e200z4/fp/crtend.o
 .PPC.EMB.apuinfo
                0x000001b0       0x18 c:/program files (x86)/nxp/s32ds_power_v2017.r1/cross_tools/powerpc-eabivle-4_9/bin/../lib/gcc/powerpc-eabivle/4.9.4/e200z4/fp/ecrtn.o

.debug_info     0x00000000     0xba5f
 .debug_info    0x00000000     0x28f3 ./src/main.o
 .debug_info    0x000028f3       0x85 ./src/intc_sw_handlers.o
 .debug_info    0x00002978       0xb4 ./src/intc_SW_mode_isr_vectors_MPC5744P.o
 .debug_info    0x00002a2c     0x16ac ./src/flexcan_init.o
 .debug_info    0x000040d8       0x93 ./src/flashrchw.o
 .debug_info    0x0000416b      0x59e ./src/Vector.o
 .debug_info    0x00004709      0x102 ./src/System.o
 .debug_info    0x0000480b      0x5eb ./src/MPC57xx__Interrupt_Init.o
 .debug_info    0x00004df6     0x4c98 ./src/MPC574xP_SystemInit.o
 .debug_info    0x00009a8e       0x77 ./src/IVORx_vle.o
 .debug_info    0x00009b05     0x117c ./src/Drivers/Flash/flash_c55_driver.o
 .debug_info    0x0000ac81      0x966 ./src/Drivers/Flash/flash.o
 .debug_info    0x0000b5e7      0x1e8 ./src/Bootloader/UserAppFlash.o
 .debug_info    0x0000b7cf      0x1fa ./src/Bootloader/Bootloader.o
 .debug_info    0x0000b9c9       0x96 ./Project_Settings/Startup_Code/startup.o

.debug_abbrev   0x00000000      0xf29
 .debug_abbrev  0x00000000      0x207 ./src/main.o
 .debug_abbrev  0x00000207       0x14 ./src/intc_sw_handlers.o
 .debug_abbrev  0x0000021b       0x7c ./src/intc_SW_mode_isr_vectors_MPC5744P.o
 .debug_abbrev  0x00000297      0x25d ./src/flexcan_init.o
 .debug_abbrev  0x000004f4       0x4e ./src/flashrchw.o
 .debug_abbrev  0x00000542      0x131 ./src/Vector.o
 .debug_abbrev  0x00000673       0xd0 ./src/System.o
 .debug_abbrev  0x00000743      0x17d ./src/MPC57xx__Interrupt_Init.o
 .debug_abbrev  0x000008c0      0x12e ./src/MPC574xP_SystemInit.o
 .debug_abbrev  0x000009ee       0x14 ./src/IVORx_vle.o
 .debug_abbrev  0x00000a02      0x216 ./src/Drivers/Flash/flash_c55_driver.o
 .debug_abbrev  0x00000c18      0x17b ./src/Drivers/Flash/flash.o
 .debug_abbrev  0x00000d93       0xb4 ./src/Bootloader/UserAppFlash.o
 .debug_abbrev  0x00000e47       0xce ./src/Bootloader/Bootloader.o
 .debug_abbrev  0x00000f15       0x14 ./Project_Settings/Startup_Code/startup.o

.debug_aranges  0x00000000      0x3c8
 .debug_aranges
                0x00000000       0x48 ./src/main.o
 .debug_aranges
                0x00000048       0x20 ./src/intc_sw_handlers.o
 .debug_aranges
                0x00000068       0x20 ./src/intc_SW_mode_isr_vectors_MPC5744P.o
 .debug_aranges
                0x00000088       0x70 ./src/flexcan_init.o
 .debug_aranges
                0x000000f8       0x18 ./src/flashrchw.o
 .debug_aranges
                0x00000110       0x20 ./src/Vector.o
 .debug_aranges
                0x00000130       0x38 ./src/System.o
 .debug_aranges
                0x00000168       0x38 ./src/MPC57xx__Interrupt_Init.o
 .debug_aranges
                0x000001a0       0x28 ./src/MPC574xP_SystemInit.o
 .debug_aranges
                0x000001c8       0x20 ./src/IVORx_vle.o
 .debug_aranges
                0x000001e8       0xf8 ./src/Drivers/Flash/flash_c55_driver.o
 .debug_aranges
                0x000002e0       0x68 ./src/Drivers/Flash/flash.o
 .debug_aranges
                0x00000348       0x38 ./src/Bootloader/UserAppFlash.o
 .debug_aranges
                0x00000380       0x28 ./src/Bootloader/Bootloader.o
 .debug_aranges
                0x000003a8       0x20 ./Project_Settings/Startup_Code/startup.o

.debug_ranges   0x00000000      0x2a0
 .debug_ranges  0x00000000       0x38 ./src/main.o
 .debug_ranges  0x00000038       0x10 ./src/intc_SW_mode_isr_vectors_MPC5744P.o
 .debug_ranges  0x00000048       0x60 ./src/flexcan_init.o
 .debug_ranges  0x000000a8       0x10 ./src/Vector.o
 .debug_ranges  0x000000b8       0x28 ./src/System.o
 .debug_ranges  0x000000e0       0x28 ./src/MPC57xx__Interrupt_Init.o
 .debug_ranges  0x00000108       0x18 ./src/MPC574xP_SystemInit.o
 .debug_ranges  0x00000120       0xe8 ./src/Drivers/Flash/flash_c55_driver.o
 .debug_ranges  0x00000208       0x58 ./src/Drivers/Flash/flash.o
 .debug_ranges  0x00000260       0x28 ./src/Bootloader/UserAppFlash.o
 .debug_ranges  0x00000288       0x18 ./src/Bootloader/Bootloader.o

.debug_macro    0x00000000    0x437a4
 .debug_macro   0x00000000      0x125 ./src/main.o
 .debug_macro   0x00000125      0x61c ./src/main.o
 .debug_macro   0x00000741       0x52 ./src/main.o
 .debug_macro   0x00000793       0xa0 ./src/main.o
 .debug_macro   0x00000833       0x16 ./src/main.o
 .debug_macro   0x00000849       0x64 ./src/main.o
 .debug_macro   0x000008ad      0x1a3 ./src/main.o
 .debug_macro   0x00000a50      0x133 ./src/main.o
 .debug_macro   0x00000b83       0x9d ./src/main.o
 .debug_macro   0x00000c20       0x10 ./src/main.o
 .debug_macro   0x00000c30      0x15b ./src/main.o
 .debug_macro   0x00000d8b       0x28 ./src/main.o
 .debug_macro   0x00000db3       0x58 ./src/main.o
 .debug_macro   0x00000e0b     0xb50a ./src/main.o
 .debug_macro   0x0000c315      0xb7e ./src/main.o
 .debug_macro   0x0000ce93       0x10 ./src/main.o
 .debug_macro   0x0000cea3       0x10 ./src/main.o
 .debug_macro   0x0000ceb3       0xa1 ./src/intc_SW_mode_isr_vectors_MPC5744P.o
 .debug_macro   0x0000cf54       0xd2 ./src/flexcan_init.o
 .debug_macro   0x0000d026       0xd1 ./src/flashrchw.o
 .debug_macro   0x0000d0f7       0xcb ./src/Vector.o
 .debug_macro   0x0000d1c2       0x2e ./src/Vector.o
 .debug_macro   0x0000d1f0       0xfb ./src/System.o
 .debug_macro   0x0000d2eb       0xd1 ./src/MPC57xx__Interrupt_Init.o
 .debug_macro   0x0000d3bc       0xcc ./src/MPC574xP_SystemInit.o
 .debug_macro   0x0000d488      0x112 ./src/Drivers/Flash/flash_c55_driver.o
 .debug_macro   0x0000d59a       0x1c ./src/Drivers/Flash/flash_c55_driver.o
 .debug_macro   0x0000d5b6       0x16 ./src/Drivers/Flash/flash_c55_driver.o
 .debug_macro   0x0000d5cc       0x16 ./src/Drivers/Flash/flash_c55_driver.o
 .debug_macro   0x0000d5e2       0x16 ./src/Drivers/Flash/flash_c55_driver.o
 .debug_macro   0x0000d5f8       0x16 ./src/Drivers/Flash/flash_c55_driver.o
 .debug_macro   0x0000d60e      0x1af ./src/Drivers/Flash/flash_c55_driver.o
 .debug_macro   0x0000d7bd    0x1a4de ./src/Drivers/Flash/flash_c55_driver.o
 .debug_macro   0x00027c9b      0xefe ./src/Drivers/Flash/flash_c55_driver.o
 .debug_macro   0x00028b99       0x59 ./src/Drivers/Flash/flash_c55_driver.o
 .debug_macro   0x00028bf2      0x274 ./src/Drivers/Flash/flash_c55_driver.o
 .debug_macro   0x00028e66      0x271 ./src/Drivers/Flash/flash.o
 .debug_macro   0x000290d7      0x114 ./src/Bootloader/UserAppFlash.o
 .debug_macro   0x000291eb       0x22 ./src/Bootloader/UserAppFlash.o
 .debug_macro   0x0002920d    0x1a4f0 ./src/Bootloader/UserAppFlash.o
 .debug_macro   0x000436fd       0xa7 ./src/Bootloader/Bootloader.o

.debug_line     0x00000000     0x2a00
 .debug_line    0x00000000      0x33c ./src/main.o
 .debug_line    0x0000033c       0x5d ./src/intc_sw_handlers.o
 .debug_line    0x00000399      0x21b ./src/intc_SW_mode_isr_vectors_MPC5744P.o
 .debug_line    0x000005b4      0x478 ./src/flexcan_init.o
 .debug_line    0x00000a2c      0x1ee ./src/flashrchw.o
 .debug_line    0x00000c1a      0x22f ./src/Vector.o
 .debug_line    0x00000e49      0x291 ./src/System.o
 .debug_line    0x000010da      0x27e ./src/MPC57xx__Interrupt_Init.o
 .debug_line    0x00001358      0x28f ./src/MPC574xP_SystemInit.o
 .debug_line    0x000015e7       0xbe ./src/IVORx_vle.o
 .debug_line    0x000016a5      0x8ac ./src/Drivers/Flash/flash_c55_driver.o
 .debug_line    0x00001f51      0x483 ./src/Drivers/Flash/flash.o
 .debug_line    0x000023d4      0x355 ./src/Bootloader/UserAppFlash.o
 .debug_line    0x00002729      0x1fc ./src/Bootloader/Bootloader.o
 .debug_line    0x00002925       0xdb ./Project_Settings/Startup_Code/startup.o

.debug_str      0x00000000    0xec9a8
 .debug_str     0x00000000    0x3978f ./src/main.o
                              0x3986a (size before relaxing)
 .debug_str     0x0003978f       0x44 ./src/intc_SW_mode_isr_vectors_MPC5744P.o
                               0x3a78 (size before relaxing)
 .debug_str     0x000397d3      0x166 ./src/flexcan_init.o
                              0x37ddb (size before relaxing)
 .debug_str     0x00039939       0xe1 ./src/flashrchw.o
                               0x3b0c (size before relaxing)
 .debug_str     0x00039a1a      0x3fc ./src/Vector.o
                              0x3769f (size before relaxing)
 .debug_str     0x00039e16      0x135 ./src/System.o
                              0x37517 (size before relaxing)
 .debug_str     0x00039f4b       0xbe ./src/MPC57xx__Interrupt_Init.o
                              0x376d4 (size before relaxing)
 .debug_str     0x0003a009     0x1b06 ./src/MPC574xP_SystemInit.o
                              0x3a791 (size before relaxing)
 .debug_str     0x0003bb0f    0xb00da ./src/Drivers/Flash/flash_c55_driver.o
                              0xb3b44 (size before relaxing)
 .debug_str     0x000ebbe9      0xc31 ./src/Drivers/Flash/flash.o
                              0xb342a (size before relaxing)
 .debug_str     0x000ec81a       0xde ./src/Bootloader/UserAppFlash.o
                              0xb1e35 (size before relaxing)
 .debug_str     0x000ec8f8       0xb0 ./src/Bootloader/Bootloader.o
                               0x3c0f (size before relaxing)

.debug_frame    0x00000000      0xb34
 .debug_frame   0x00000000       0xd8 ./src/main.o
 .debug_frame   0x000000d8       0x2c ./src/intc_SW_mode_isr_vectors_MPC5744P.o
 .debug_frame   0x00000104      0x1b0 ./src/flexcan_init.o
 .debug_frame   0x000002b4       0x34 ./src/Vector.o
 .debug_frame   0x000002e8       0xa0 ./src/System.o
 .debug_frame   0x00000388       0xa0 ./src/MPC57xx__Interrupt_Init.o
 .debug_frame   0x00000428       0x58 ./src/MPC574xP_SystemInit.o
 .debug_frame   0x00000480      0x42c ./src/Drivers/Flash/flash_c55_driver.o
 .debug_frame   0x000008ac      0x188 ./src/Drivers/Flash/flash.o
 .debug_frame   0x00000a34       0xa8 ./src/Bootloader/UserAppFlash.o
 .debug_frame   0x00000adc       0x58 ./src/Bootloader/Bootloader.o
