Archive member included to satisfy reference by file (symbol)

c:/program files (x86)/nxp/s32ds_power_v2017.r1/cross_tools/powerpc-eabivle-4_9/bin/../lib/gcc/powerpc-eabivle/4.9.4/e200z4/fp\libgcc.a(eabivle.o)
                              ./src/main.o (__eabi)

Allocating common symbols
Common symbol       size              file

CAN_TxMsg           0x20              ./src/flexcan_init.o
pflash_pfcr2        0x4               ./src/Drivers/Flash/flash.o
dataForWrite        0x8               ./src/Bootloader/UserAppFlash.o
pflash_pfcr1        0x4               ./src/Drivers/Flash/flash.o
CAN_RxMsg           0x20              ./src/main.o

Discarded input sections

 .text          0x00000000        0x0 c:/program files (x86)/nxp/s32ds_power_v2017.r1/cross_tools/powerpc-eabivle-4_9/bin/../lib/gcc/powerpc-eabivle/4.9.4/e200z4/fp/ecrti.o
 .data          0x00000000        0x0 c:/program files (x86)/nxp/s32ds_power_v2017.r1/cross_tools/powerpc-eabivle-4_9/bin/../lib/gcc/powerpc-eabivle/4.9.4/e200z4/fp/ecrti.o
 .bss           0x00000000        0x0 c:/program files (x86)/nxp/s32ds_power_v2017.r1/cross_tools/powerpc-eabivle-4_9/bin/../lib/gcc/powerpc-eabivle/4.9.4/e200z4/fp/ecrti.o
 .fixup         0x00000000        0x0 c:/program files (x86)/nxp/s32ds_power_v2017.r1/cross_tools/powerpc-eabivle-4_9/bin/../lib/gcc/powerpc-eabivle/4.9.4/e200z4/fp/ecrti.o
 .sbss          0x00000000        0x0 c:/program files (x86)/nxp/s32ds_power_v2017.r1/cross_tools/powerpc-eabivle-4_9/bin/../lib/gcc/powerpc-eabivle/4.9.4/e200z4/fp/ecrti.o
 .sbss2         0x00000000        0x0 c:/program files (x86)/nxp/s32ds_power_v2017.r1/cross_tools/powerpc-eabivle-4_9/bin/../lib/gcc/powerpc-eabivle/4.9.4/e200z4/fp/ecrti.o
 .gcc_except_table
                0x00000000        0x0 c:/program files (x86)/nxp/s32ds_power_v2017.r1/cross_tools/powerpc-eabivle-4_9/bin/../lib/gcc/powerpc-eabivle/4.9.4/e200z4/fp/ecrti.o
 .data          0x00000000        0x4 c:/program files (x86)/nxp/s32ds_power_v2017.r1/cross_tools/powerpc-eabivle-4_9/bin/../lib/gcc/powerpc-eabivle/4.9.4/e200z4/fp/crtbegin.o
 .group         0x00000000        0x8 ./src/main.o
 .group         0x00000000        0x8 ./src/main.o
 .group         0x00000000        0x8 ./src/main.o
 .group         0x00000000        0x8 ./src/main.o
 .group         0x00000000        0x8 ./src/main.o
 .group         0x00000000        0x8 ./src/main.o
 .group         0x00000000        0x8 ./src/main.o
 .group         0x00000000        0x8 ./src/main.o
 .group         0x00000000        0x8 ./src/main.o
 .group         0x00000000        0x8 ./src/main.o
 .group         0x00000000        0x8 ./src/main.o
 .group         0x00000000        0x8 ./src/main.o
 .group         0x00000000        0x8 ./src/main.o
 .group         0x00000000        0x8 ./src/main.o
 .group         0x00000000        0x8 ./src/main.o
 .group         0x00000000        0x8 ./src/main.o
 .text          0x00000000        0x0 ./src/main.o
 .data          0x00000000        0x0 ./src/main.o
 .bss           0x00000000        0x0 ./src/main.o
 .data          0x00000000        0x0 ./src/intc_sw_handlers.o
 .bss           0x00000000        0x0 ./src/intc_sw_handlers.o
 .group         0x00000000        0x8 ./src/intc_SW_mode_isr_vectors_MPC5744P.o
 .group         0x00000000        0x8 ./src/intc_SW_mode_isr_vectors_MPC5744P.o
 .group         0x00000000        0x8 ./src/intc_SW_mode_isr_vectors_MPC5744P.o
 .group         0x00000000        0x8 ./src/intc_SW_mode_isr_vectors_MPC5744P.o
 .group         0x00000000        0x8 ./src/intc_SW_mode_isr_vectors_MPC5744P.o
 .group         0x00000000        0x8 ./src/intc_SW_mode_isr_vectors_MPC5744P.o
 .group         0x00000000        0x8 ./src/intc_SW_mode_isr_vectors_MPC5744P.o
 .group         0x00000000        0x8 ./src/intc_SW_mode_isr_vectors_MPC5744P.o
 .group         0x00000000        0x8 ./src/intc_SW_mode_isr_vectors_MPC5744P.o
 .group         0x00000000        0x8 ./src/intc_SW_mode_isr_vectors_MPC5744P.o
 .group         0x00000000        0x8 ./src/intc_SW_mode_isr_vectors_MPC5744P.o
 .group         0x00000000        0x8 ./src/intc_SW_mode_isr_vectors_MPC5744P.o
 .text          0x00000000        0x0 ./src/intc_SW_mode_isr_vectors_MPC5744P.o
 .data          0x00000000        0x0 ./src/intc_SW_mode_isr_vectors_MPC5744P.o
 .bss           0x00000000        0x0 ./src/intc_SW_mode_isr_vectors_MPC5744P.o
 .debug_macro   0x00000000      0x61c ./src/intc_SW_mode_isr_vectors_MPC5744P.o
 .debug_macro   0x00000000       0x52 ./src/intc_SW_mode_isr_vectors_MPC5744P.o
 .debug_macro   0x00000000       0xa0 ./src/intc_SW_mode_isr_vectors_MPC5744P.o
 .debug_macro   0x00000000       0x16 ./src/intc_SW_mode_isr_vectors_MPC5744P.o
 .debug_macro   0x00000000       0x64 ./src/intc_SW_mode_isr_vectors_MPC5744P.o
 .debug_macro   0x00000000      0x1a3 ./src/intc_SW_mode_isr_vectors_MPC5744P.o
 .debug_macro   0x00000000      0x133 ./src/intc_SW_mode_isr_vectors_MPC5744P.o
 .debug_macro   0x00000000       0x9d ./src/intc_SW_mode_isr_vectors_MPC5744P.o
 .debug_macro   0x00000000       0x10 ./src/intc_SW_mode_isr_vectors_MPC5744P.o
 .debug_macro   0x00000000      0x15b ./src/intc_SW_mode_isr_vectors_MPC5744P.o
 .debug_macro   0x00000000       0x28 ./src/intc_SW_mode_isr_vectors_MPC5744P.o
 .debug_macro   0x00000000       0x58 ./src/intc_SW_mode_isr_vectors_MPC5744P.o
 .group         0x00000000        0x8 ./src/flexcan_init.o
 .group         0x00000000        0x8 ./src/flexcan_init.o
 .group         0x00000000        0x8 ./src/flexcan_init.o
 .group         0x00000000        0x8 ./src/flexcan_init.o
 .group         0x00000000        0x8 ./src/flexcan_init.o
 .group         0x00000000        0x8 ./src/flexcan_init.o
 .group         0x00000000        0x8 ./src/flexcan_init.o
 .group         0x00000000        0x8 ./src/flexcan_init.o
 .group         0x00000000        0x8 ./src/flexcan_init.o
 .group         0x00000000        0x8 ./src/flexcan_init.o
 .group         0x00000000        0x8 ./src/flexcan_init.o
 .group         0x00000000        0x8 ./src/flexcan_init.o
 .group         0x00000000        0x8 ./src/flexcan_init.o
 .text          0x00000000        0x0 ./src/flexcan_init.o
 .data          0x00000000        0x0 ./src/flexcan_init.o
 .bss           0x00000000        0x0 ./src/flexcan_init.o
 .rodata.CAN_1_RximrArrayt
                0x00000000      0x100 ./src/flexcan_init.o
 .text.flexcan_1_deinit_fnc
                0x00000000       0x98 ./src/flexcan_init.o
 .text.flexcan_1_init_fnc
                0x00000000      0x2d6 ./src/flexcan_init.o
 .text.CAN1_TransmitMsg
                0x00000000      0x158 ./src/flexcan_init.o
 .text.CAN1_ReceiveInit
                0x00000000      0x106 ./src/flexcan_init.o
 .text.CAN1_ReceiveMsg
                0x00000000      0x194 ./src/flexcan_init.o
 .debug_macro   0x00000000      0x61c ./src/flexcan_init.o
 .debug_macro   0x00000000       0x52 ./src/flexcan_init.o
 .debug_macro   0x00000000       0xa0 ./src/flexcan_init.o
 .debug_macro   0x00000000       0x16 ./src/flexcan_init.o
 .debug_macro   0x00000000       0x64 ./src/flexcan_init.o
 .debug_macro   0x00000000      0x1a3 ./src/flexcan_init.o
 .debug_macro   0x00000000      0x133 ./src/flexcan_init.o
 .debug_macro   0x00000000       0x9d ./src/flexcan_init.o
 .debug_macro   0x00000000       0x10 ./src/flexcan_init.o
 .debug_macro   0x00000000      0x15b ./src/flexcan_init.o
 .debug_macro   0x00000000       0x28 ./src/flexcan_init.o
 .debug_macro   0x00000000       0x58 ./src/flexcan_init.o
 .debug_macro   0x00000000     0xb50a ./src/flexcan_init.o
 .group         0x00000000        0x8 ./src/flashrchw.o
 .group         0x00000000        0x8 ./src/flashrchw.o
 .group         0x00000000        0x8 ./src/flashrchw.o
 .group         0x00000000        0x8 ./src/flashrchw.o
 .group         0x00000000        0x8 ./src/flashrchw.o
 .group         0x00000000        0x8 ./src/flashrchw.o
 .group         0x00000000        0x8 ./src/flashrchw.o
 .group         0x00000000        0x8 ./src/flashrchw.o
 .group         0x00000000        0x8 ./src/flashrchw.o
 .group         0x00000000        0x8 ./src/flashrchw.o
 .group         0x00000000        0x8 ./src/flashrchw.o
 .group         0x00000000        0x8 ./src/flashrchw.o
 .text          0x00000000        0x0 ./src/flashrchw.o
 .data          0x00000000        0x0 ./src/flashrchw.o
 .bss           0x00000000        0x0 ./src/flashrchw.o
 .debug_macro   0x00000000      0x61c ./src/flashrchw.o
 .debug_macro   0x00000000       0x52 ./src/flashrchw.o
 .debug_macro   0x00000000       0xa0 ./src/flashrchw.o
 .debug_macro   0x00000000       0x16 ./src/flashrchw.o
 .debug_macro   0x00000000       0x64 ./src/flashrchw.o
 .debug_macro   0x00000000      0x1a3 ./src/flashrchw.o
 .debug_macro   0x00000000      0x133 ./src/flashrchw.o
 .debug_macro   0x00000000       0x9d ./src/flashrchw.o
 .debug_macro   0x00000000       0x10 ./src/flashrchw.o
 .debug_macro   0x00000000      0x15b ./src/flashrchw.o
 .debug_macro   0x00000000       0x28 ./src/flashrchw.o
 .debug_macro   0x00000000       0x58 ./src/flashrchw.o
 .group         0x00000000        0x8 ./src/Vector.o
 .group         0x00000000        0x8 ./src/Vector.o
 .group         0x00000000        0x8 ./src/Vector.o
 .group         0x00000000        0x8 ./src/Vector.o
 .group         0x00000000        0x8 ./src/Vector.o
 .group         0x00000000        0x8 ./src/Vector.o
 .group         0x00000000        0x8 ./src/Vector.o
 .group         0x00000000        0x8 ./src/Vector.o
 .group         0x00000000        0x8 ./src/Vector.o
 .group         0x00000000        0x8 ./src/Vector.o
 .group         0x00000000        0x8 ./src/Vector.o
 .group         0x00000000        0x8 ./src/Vector.o
 .group         0x00000000        0x8 ./src/Vector.o
 .group         0x00000000        0x8 ./src/Vector.o
 .text          0x00000000        0x0 ./src/Vector.o
 .data          0x00000000        0x0 ./src/Vector.o
 .bss           0x00000000        0x0 ./src/Vector.o
 .text.INTC_INTCInterruptHandler
                0x00000000       0x38 ./src/Vector.o
 .debug_macro   0x00000000      0x61c ./src/Vector.o
 .debug_macro   0x00000000       0x52 ./src/Vector.o
 .debug_macro   0x00000000       0xa0 ./src/Vector.o
 .debug_macro   0x00000000       0x16 ./src/Vector.o
 .debug_macro   0x00000000       0x64 ./src/Vector.o
 .debug_macro   0x00000000      0x1a3 ./src/Vector.o
 .debug_macro   0x00000000      0x133 ./src/Vector.o
 .debug_macro   0x00000000       0x9d ./src/Vector.o
 .debug_macro   0x00000000       0x10 ./src/Vector.o
 .debug_macro   0x00000000      0x15b ./src/Vector.o
 .debug_macro   0x00000000       0x28 ./src/Vector.o
 .debug_macro   0x00000000       0x58 ./src/Vector.o
 .debug_macro   0x00000000     0xb50a ./src/Vector.o
 .group         0x00000000        0x8 ./src/System.o
 .group         0x00000000        0x8 ./src/System.o
 .group         0x00000000        0x8 ./src/System.o
 .group         0x00000000        0x8 ./src/System.o
 .group         0x00000000        0x8 ./src/System.o
 .group         0x00000000        0x8 ./src/System.o
 .group         0x00000000        0x8 ./src/System.o
 .group         0x00000000        0x8 ./src/System.o
 .group         0x00000000        0x8 ./src/System.o
 .group         0x00000000        0x8 ./src/System.o
 .group         0x00000000        0x8 ./src/System.o
 .group         0x00000000        0x8 ./src/System.o
 .group         0x00000000        0x8 ./src/System.o
 .group         0x00000000        0x8 ./src/System.o
 .text          0x00000000        0x0 ./src/System.o
 .data          0x00000000        0x0 ./src/System.o
 .bss           0x00000000        0x0 ./src/System.o
 .text.Cpu_DelayMS
                0x00000000       0x60 ./src/System.o
 .debug_macro   0x00000000      0x61c ./src/System.o
 .debug_macro   0x00000000       0x52 ./src/System.o
 .debug_macro   0x00000000       0xa0 ./src/System.o
 .debug_macro   0x00000000       0x16 ./src/System.o
 .debug_macro   0x00000000       0x64 ./src/System.o
 .debug_macro   0x00000000      0x1a3 ./src/System.o
 .debug_macro   0x00000000      0x133 ./src/System.o
 .debug_macro   0x00000000       0x9d ./src/System.o
 .debug_macro   0x00000000       0x10 ./src/System.o
 .debug_macro   0x00000000      0x15b ./src/System.o
 .debug_macro   0x00000000       0x28 ./src/System.o
 .debug_macro   0x00000000       0x58 ./src/System.o
 .debug_macro   0x00000000     0xb50a ./src/System.o
 .debug_macro   0x00000000       0x2e ./src/System.o
 .group         0x00000000        0x8 ./src/MPC57xx__Interrupt_Init.o
 .group         0x00000000        0x8 ./src/MPC57xx__Interrupt_Init.o
 .group         0x00000000        0x8 ./src/MPC57xx__Interrupt_Init.o
 .group         0x00000000        0x8 ./src/MPC57xx__Interrupt_Init.o
 .group         0x00000000        0x8 ./src/MPC57xx__Interrupt_Init.o
 .group         0x00000000        0x8 ./src/MPC57xx__Interrupt_Init.o
 .group         0x00000000        0x8 ./src/MPC57xx__Interrupt_Init.o
 .group         0x00000000        0x8 ./src/MPC57xx__Interrupt_Init.o
 .group         0x00000000        0x8 ./src/MPC57xx__Interrupt_Init.o
 .group         0x00000000        0x8 ./src/MPC57xx__Interrupt_Init.o
 .group         0x00000000        0x8 ./src/MPC57xx__Interrupt_Init.o
 .group         0x00000000        0x8 ./src/MPC57xx__Interrupt_Init.o
 .group         0x00000000        0x8 ./src/MPC57xx__Interrupt_Init.o
 .group         0x00000000        0x8 ./src/MPC57xx__Interrupt_Init.o
 .text          0x00000000        0x0 ./src/MPC57xx__Interrupt_Init.o
 .data          0x00000000        0x0 ./src/MPC57xx__Interrupt_Init.o
 .bss           0x00000000        0x0 ./src/MPC57xx__Interrupt_Init.o
 .debug_macro   0x00000000      0x61c ./src/MPC57xx__Interrupt_Init.o
 .debug_macro   0x00000000       0x52 ./src/MPC57xx__Interrupt_Init.o
 .debug_macro   0x00000000       0xa0 ./src/MPC57xx__Interrupt_Init.o
 .debug_macro   0x00000000       0x16 ./src/MPC57xx__Interrupt_Init.o
 .debug_macro   0x00000000       0x64 ./src/MPC57xx__Interrupt_Init.o
 .debug_macro   0x00000000      0x1a3 ./src/MPC57xx__Interrupt_Init.o
 .debug_macro   0x00000000      0x133 ./src/MPC57xx__Interrupt_Init.o
 .debug_macro   0x00000000       0x9d ./src/MPC57xx__Interrupt_Init.o
 .debug_macro   0x00000000       0x10 ./src/MPC57xx__Interrupt_Init.o
 .debug_macro   0x00000000      0x15b ./src/MPC57xx__Interrupt_Init.o
 .debug_macro   0x00000000       0x28 ./src/MPC57xx__Interrupt_Init.o
 .debug_macro   0x00000000       0x58 ./src/MPC57xx__Interrupt_Init.o
 .debug_macro   0x00000000     0xb50a ./src/MPC57xx__Interrupt_Init.o
 .debug_macro   0x00000000       0x2e ./src/MPC57xx__Interrupt_Init.o
 .group         0x00000000        0x8 ./src/MPC574xP_SystemInit.o
 .group         0x00000000        0x8 ./src/MPC574xP_SystemInit.o
 .group         0x00000000        0x8 ./src/MPC574xP_SystemInit.o
 .group         0x00000000        0x8 ./src/MPC574xP_SystemInit.o
 .group         0x00000000        0x8 ./src/MPC574xP_SystemInit.o
 .group         0x00000000        0x8 ./src/MPC574xP_SystemInit.o
 .group         0x00000000        0x8 ./src/MPC574xP_SystemInit.o
 .group         0x00000000        0x8 ./src/MPC574xP_SystemInit.o
 .group         0x00000000        0x8 ./src/MPC574xP_SystemInit.o
 .group         0x00000000        0x8 ./src/MPC574xP_SystemInit.o
 .group         0x00000000        0x8 ./src/MPC574xP_SystemInit.o
 .group         0x00000000        0x8 ./src/MPC574xP_SystemInit.o
 .group         0x00000000        0x8 ./src/MPC574xP_SystemInit.o
 .group         0x00000000        0x8 ./src/MPC574xP_SystemInit.o
 .group         0x00000000        0x8 ./src/MPC574xP_SystemInit.o
 .text          0x00000000        0x0 ./src/MPC574xP_SystemInit.o
 .data          0x00000000        0x0 ./src/MPC574xP_SystemInit.o
 .bss           0x00000000        0x0 ./src/MPC574xP_SystemInit.o
 .debug_macro   0x00000000      0x61c ./src/MPC574xP_SystemInit.o
 .debug_macro   0x00000000       0x52 ./src/MPC574xP_SystemInit.o
 .debug_macro   0x00000000       0xa0 ./src/MPC574xP_SystemInit.o
 .debug_macro   0x00000000       0x16 ./src/MPC574xP_SystemInit.o
 .debug_macro   0x00000000       0x64 ./src/MPC574xP_SystemInit.o
 .debug_macro   0x00000000      0x1a3 ./src/MPC574xP_SystemInit.o
 .debug_macro   0x00000000      0x133 ./src/MPC574xP_SystemInit.o
 .debug_macro   0x00000000       0x9d ./src/MPC574xP_SystemInit.o
 .debug_macro   0x00000000       0x10 ./src/MPC574xP_SystemInit.o
 .debug_macro   0x00000000      0x15b ./src/MPC574xP_SystemInit.o
 .debug_macro   0x00000000       0x28 ./src/MPC574xP_SystemInit.o
 .debug_macro   0x00000000       0x58 ./src/MPC574xP_SystemInit.o
 .debug_macro   0x00000000     0xb50a ./src/MPC574xP_SystemInit.o
 .debug_macro   0x00000000       0x10 ./src/MPC574xP_SystemInit.o
 .debug_macro   0x00000000      0xb7e ./src/MPC574xP_SystemInit.o
 .data          0x00000000        0x0 ./src/IVORx_vle.o
 .bss           0x00000000        0x0 ./src/IVORx_vle.o
 .group         0x00000000        0x8 ./src/Drivers/Flash/flash_c55_driver.o
 .group         0x00000000        0x8 ./src/Drivers/Flash/flash_c55_driver.o
 .group         0x00000000        0x8 ./src/Drivers/Flash/flash_c55_driver.o
 .group         0x00000000        0x8 ./src/Drivers/Flash/flash_c55_driver.o
 .group         0x00000000        0x8 ./src/Drivers/Flash/flash_c55_driver.o
 .group         0x00000000        0x8 ./src/Drivers/Flash/flash_c55_driver.o
 .group         0x00000000        0x8 ./src/Drivers/Flash/flash_c55_driver.o
 .group         0x00000000        0x8 ./src/Drivers/Flash/flash_c55_driver.o
 .group         0x00000000        0x8 ./src/Drivers/Flash/flash_c55_driver.o
 .group         0x00000000        0x8 ./src/Drivers/Flash/flash_c55_driver.o
 .group         0x00000000        0x8 ./src/Drivers/Flash/flash_c55_driver.o
 .group         0x00000000        0x8 ./src/Drivers/Flash/flash_c55_driver.o
 .group         0x00000000        0x8 ./src/Drivers/Flash/flash_c55_driver.o
 .group         0x00000000        0x8 ./src/Drivers/Flash/flash_c55_driver.o
 .group         0x00000000        0x8 ./src/Drivers/Flash/flash_c55_driver.o
 .group         0x00000000        0x8 ./src/Drivers/Flash/flash_c55_driver.o
 .group         0x00000000        0x8 ./src/Drivers/Flash/flash_c55_driver.o
 .group         0x00000000        0x8 ./src/Drivers/Flash/flash_c55_driver.o
 .group         0x00000000        0x8 ./src/Drivers/Flash/flash_c55_driver.o
 .group         0x00000000        0x8 ./src/Drivers/Flash/flash_c55_driver.o
 .text          0x00000000        0x0 ./src/Drivers/Flash/flash_c55_driver.o
 .data          0x00000000        0x0 ./src/Drivers/Flash/flash_c55_driver.o
 .bss           0x00000000        0x0 ./src/Drivers/Flash/flash_c55_driver.o
 .text.FLASH_DRV_CheckUserTestStatus
                0x00000000      0x19e ./src/Drivers/Flash/flash_c55_driver.o
 .text.FLASH_DRV_BlankCheck
                0x00000000      0x100 ./src/Drivers/Flash/flash_c55_driver.o
 .text.FLASH_DRV_SuspendExecution
                0x00000000      0x170 ./src/Drivers/Flash/flash_c55_driver.o
 .text.FLASH_DRV_Suspend
                0x00000000      0x1a6 ./src/Drivers/Flash/flash_c55_driver.o
 .text.FLASH_DRV_Resume
                0x00000000      0x15c ./src/Drivers/Flash/flash_c55_driver.o
 .text.FLASH_DRV_Abort
                0x00000000      0x1fa ./src/Drivers/Flash/flash_c55_driver.o
 .text.FLASH_DRV_GetOverPgmProtStatus
                0x00000000      0x180 ./src/Drivers/Flash/flash_c55_driver.o
 .rodata.FLASH_DRV_GetOverPgmProtStatus
                0x00000000       0x14 ./src/Drivers/Flash/flash_c55_driver.o
 .text.FLASH_DRV_GetFailedAddress
                0x00000000      0x234 ./src/Drivers/Flash/flash_c55_driver.o
 .text.FLASH_DRV_ArrayIntegrityCheck
                0x00000000      0x3b6 ./src/Drivers/Flash/flash_c55_driver.o
 .text.FLASH_DRV_ArrayIntegritySuspend
                0x00000000       0xbc ./src/Drivers/Flash/flash_c55_driver.o
 .text.FLASH_DRV_ArrayIntegrityResume
                0x00000000      0x14a ./src/Drivers/Flash/flash_c55_driver.o
 .text.FLASH_DRV_UserMarginReadCheck
                0x00000000      0x3ce ./src/Drivers/Flash/flash_c55_driver.o
 .text.FLASH_DRV_EnableCmdCompleteInterupt
                0x00000000       0x26 ./src/Drivers/Flash/flash_c55_driver.o
 .text.FLASH_DRV_DisableCmdCompleteInterupt
                0x00000000       0x22 ./src/Drivers/Flash/flash_c55_driver.o
 .debug_macro   0x00000000      0x61c ./src/Drivers/Flash/flash_c55_driver.o
 .debug_macro   0x00000000       0x52 ./src/Drivers/Flash/flash_c55_driver.o
 .debug_macro   0x00000000       0xa0 ./src/Drivers/Flash/flash_c55_driver.o
 .debug_macro   0x00000000       0x16 ./src/Drivers/Flash/flash_c55_driver.o
 .debug_macro   0x00000000       0x64 ./src/Drivers/Flash/flash_c55_driver.o
 .debug_macro   0x00000000      0x1a3 ./src/Drivers/Flash/flash_c55_driver.o
 .debug_macro   0x00000000      0x133 ./src/Drivers/Flash/flash_c55_driver.o
 .debug_macro   0x00000000       0x28 ./src/Drivers/Flash/flash_c55_driver.o
 .debug_macro   0x00000000       0x10 ./src/Drivers/Flash/flash_c55_driver.o
 .debug_macro   0x00000000       0x9d ./src/Drivers/Flash/flash_c55_driver.o
 .group         0x00000000        0x8 ./src/Drivers/Flash/flash.o
 .group         0x00000000        0x8 ./src/Drivers/Flash/flash.o
 .group         0x00000000        0x8 ./src/Drivers/Flash/flash.o
 .group         0x00000000        0x8 ./src/Drivers/Flash/flash.o
 .group         0x00000000        0x8 ./src/Drivers/Flash/flash.o
 .group         0x00000000        0x8 ./src/Drivers/Flash/flash.o
 .group         0x00000000        0x8 ./src/Drivers/Flash/flash.o
 .group         0x00000000        0x8 ./src/Drivers/Flash/flash.o
 .group         0x00000000        0x8 ./src/Drivers/Flash/flash.o
 .group         0x00000000        0x8 ./src/Drivers/Flash/flash.o
 .group         0x00000000        0x8 ./src/Drivers/Flash/flash.o
 .group         0x00000000        0x8 ./src/Drivers/Flash/flash.o
 .group         0x00000000        0x8 ./src/Drivers/Flash/flash.o
 .group         0x00000000        0x8 ./src/Drivers/Flash/flash.o
 .group         0x00000000        0x8 ./src/Drivers/Flash/flash.o
 .group         0x00000000        0x8 ./src/Drivers/Flash/flash.o
 .group         0x00000000        0x8 ./src/Drivers/Flash/flash.o
 .group         0x00000000        0x8 ./src/Drivers/Flash/flash.o
 .group         0x00000000        0x8 ./src/Drivers/Flash/flash.o
 .text          0x00000000        0x0 ./src/Drivers/Flash/flash.o
 .data          0x00000000        0x0 ./src/Drivers/Flash/flash.o
 .bss           0x00000000        0x0 ./src/Drivers/Flash/flash.o
 .data.Flash_Block_Count
                0x00000000       0x10 ./src/Drivers/Flash/flash.o
 .text.Flash_Check_g
                0x00000000       0x70 ./src/Drivers/Flash/flash.o
 .text.Flash_Read_g
                0x00000000       0x20 ./src/Drivers/Flash/flash.o
 .debug_macro   0x00000000      0x61c ./src/Drivers/Flash/flash.o
 .debug_macro   0x00000000       0x52 ./src/Drivers/Flash/flash.o
 .debug_macro   0x00000000       0xa0 ./src/Drivers/Flash/flash.o
 .debug_macro   0x00000000       0x16 ./src/Drivers/Flash/flash.o
 .debug_macro   0x00000000       0x64 ./src/Drivers/Flash/flash.o
 .debug_macro   0x00000000      0x1a3 ./src/Drivers/Flash/flash.o
 .debug_macro   0x00000000      0x133 ./src/Drivers/Flash/flash.o
 .debug_macro   0x00000000       0x1c ./src/Drivers/Flash/flash.o
 .debug_macro   0x00000000       0x16 ./src/Drivers/Flash/flash.o
 .debug_macro   0x00000000       0x28 ./src/Drivers/Flash/flash.o
 .debug_macro   0x00000000       0x10 ./src/Drivers/Flash/flash.o
 .debug_macro   0x00000000       0x16 ./src/Drivers/Flash/flash.o
 .debug_macro   0x00000000       0x16 ./src/Drivers/Flash/flash.o
 .debug_macro   0x00000000       0x16 ./src/Drivers/Flash/flash.o
 .debug_macro   0x00000000       0x9d ./src/Drivers/Flash/flash.o
 .debug_macro   0x00000000      0x1af ./src/Drivers/Flash/flash.o
 .debug_macro   0x00000000    0x1a4de ./src/Drivers/Flash/flash.o
 .debug_macro   0x00000000      0xefe ./src/Drivers/Flash/flash.o
 .debug_macro   0x00000000       0x59 ./src/Drivers/Flash/flash.o
 .group         0x00000000        0x8 ./src/Bootloader/UserAppFlash.o
 .group         0x00000000        0x8 ./src/Bootloader/UserAppFlash.o
 .group         0x00000000        0x8 ./src/Bootloader/UserAppFlash.o
 .group         0x00000000        0x8 ./src/Bootloader/UserAppFlash.o
 .group         0x00000000        0x8 ./src/Bootloader/UserAppFlash.o
 .group         0x00000000        0x8 ./src/Bootloader/UserAppFlash.o
 .group         0x00000000        0x8 ./src/Bootloader/UserAppFlash.o
 .group         0x00000000        0x8 ./src/Bootloader/UserAppFlash.o
 .group         0x00000000        0x8 ./src/Bootloader/UserAppFlash.o
 .group         0x00000000        0x8 ./src/Bootloader/UserAppFlash.o
 .group         0x00000000        0x8 ./src/Bootloader/UserAppFlash.o
 .group         0x00000000        0x8 ./src/Bootloader/UserAppFlash.o
 .group         0x00000000        0x8 ./src/Bootloader/UserAppFlash.o
 .group         0x00000000        0x8 ./src/Bootloader/UserAppFlash.o
 .group         0x00000000        0x8 ./src/Bootloader/UserAppFlash.o
 .group         0x00000000        0x8 ./src/Bootloader/UserAppFlash.o
 .group         0x00000000        0x8 ./src/Bootloader/UserAppFlash.o
 .group         0x00000000        0x8 ./src/Bootloader/UserAppFlash.o
 .group         0x00000000        0x8 ./src/Bootloader/UserAppFlash.o
 .text          0x00000000        0x0 ./src/Bootloader/UserAppFlash.o
 .data          0x00000000        0x0 ./src/Bootloader/UserAppFlash.o
 .bss           0x00000000        0x0 ./src/Bootloader/UserAppFlash.o
 .debug_macro   0x00000000      0x61c ./src/Bootloader/UserAppFlash.o
 .debug_macro   0x00000000       0x52 ./src/Bootloader/UserAppFlash.o
 .debug_macro   0x00000000       0xa0 ./src/Bootloader/UserAppFlash.o
 .debug_macro   0x00000000       0x16 ./src/Bootloader/UserAppFlash.o
 .debug_macro   0x00000000       0x64 ./src/Bootloader/UserAppFlash.o
 .debug_macro   0x00000000      0x1a3 ./src/Bootloader/UserAppFlash.o
 .debug_macro   0x00000000      0x133 ./src/Bootloader/UserAppFlash.o
 .debug_macro   0x00000000       0x9d ./src/Bootloader/UserAppFlash.o
 .debug_macro   0x00000000       0x10 ./src/Bootloader/UserAppFlash.o
 .debug_macro   0x00000000      0x15b ./src/Bootloader/UserAppFlash.o
 .debug_macro   0x00000000       0x28 ./src/Bootloader/UserAppFlash.o
 .debug_macro   0x00000000       0x58 ./src/Bootloader/UserAppFlash.o
 .debug_macro   0x00000000       0x16 ./src/Bootloader/UserAppFlash.o
 .debug_macro   0x00000000       0x16 ./src/Bootloader/UserAppFlash.o
 .debug_macro   0x00000000       0x16 ./src/Bootloader/UserAppFlash.o
 .debug_macro   0x00000000      0xefe ./src/Bootloader/UserAppFlash.o
 .debug_macro   0x00000000       0x59 ./src/Bootloader/UserAppFlash.o
 .group         0x00000000        0x8 ./src/Bootloader/Bootloader.o
 .group         0x00000000        0x8 ./src/Bootloader/Bootloader.o
 .group         0x00000000        0x8 ./src/Bootloader/Bootloader.o
 .group         0x00000000        0x8 ./src/Bootloader/Bootloader.o
 .group         0x00000000        0x8 ./src/Bootloader/Bootloader.o
 .group         0x00000000        0x8 ./src/Bootloader/Bootloader.o
 .group         0x00000000        0x8 ./src/Bootloader/Bootloader.o
 .group         0x00000000        0x8 ./src/Bootloader/Bootloader.o
 .group         0x00000000        0x8 ./src/Bootloader/Bootloader.o
 .group         0x00000000        0x8 ./src/Bootloader/Bootloader.o
 .group         0x00000000        0x8 ./src/Bootloader/Bootloader.o
 .group         0x00000000        0x8 ./src/Bootloader/Bootloader.o
 .text          0x00000000        0x0 ./src/Bootloader/Bootloader.o
 .data          0x00000000        0x0 ./src/Bootloader/Bootloader.o
 .bss           0x00000000        0x0 ./src/Bootloader/Bootloader.o
 .sbss.m_Bootloader_EntryBootloaderCmd
                0x00000000        0x8 ./src/Bootloader/Bootloader.o
 .sdata.m_Bootloader_ResetCmd_g
                0x00000000        0x8 ./src/Bootloader/Bootloader.o
 .sdata.m_Bootloader_CheckBootloaderCmd
                0x00000000        0x8 ./src/Bootloader/Bootloader.o
 .text.ArrayCheck
                0x00000000       0x96 ./src/Bootloader/Bootloader.o
 .debug_macro   0x00000000      0x61c ./src/Bootloader/Bootloader.o
 .debug_macro   0x00000000       0x52 ./src/Bootloader/Bootloader.o
 .debug_macro   0x00000000       0xa0 ./src/Bootloader/Bootloader.o
 .debug_macro   0x00000000       0x16 ./src/Bootloader/Bootloader.o
 .debug_macro   0x00000000       0x64 ./src/Bootloader/Bootloader.o
 .debug_macro   0x00000000      0x1a3 ./src/Bootloader/Bootloader.o
 .debug_macro   0x00000000      0x133 ./src/Bootloader/Bootloader.o
 .debug_macro   0x00000000       0x9d ./src/Bootloader/Bootloader.o
 .debug_macro   0x00000000       0x10 ./src/Bootloader/Bootloader.o
 .debug_macro   0x00000000      0x15b ./src/Bootloader/Bootloader.o
 .debug_macro   0x00000000       0x28 ./src/Bootloader/Bootloader.o
 .debug_macro   0x00000000       0x58 ./src/Bootloader/Bootloader.o
 .text          0x00000000        0x0 ./Project_Settings/Startup_Code/startup.o
 .data          0x00000000        0x0 ./Project_Settings/Startup_Code/startup.o
 .bss           0x00000000        0x0 ./Project_Settings/Startup_Code/startup.o
 .bss           0x00000000        0x0 c:/program files (x86)/nxp/s32ds_power_v2017.r1/cross_tools/powerpc-eabivle-4_9/bin/../lib/gcc/powerpc-eabivle/4.9.4/e200z4/fp\libgcc.a(eabivle.o)
 .data          0x00000000        0x0 c:/program files (x86)/nxp/s32ds_power_v2017.r1/cross_tools/powerpc-eabivle-4_9/bin/../lib/gcc/powerpc-eabivle/4.9.4/e200z4/fp/crtend.o
 .bss           0x00000000        0x0 c:/program files (x86)/nxp/s32ds_power_v2017.r1/cross_tools/powerpc-eabivle-4_9/bin/../lib/gcc/powerpc-eabivle/4.9.4/e200z4/fp/crtend.o
 .jcr           0x00000000        0x4 c:/program files (x86)/nxp/s32ds_power_v2017.r1/cross_tools/powerpc-eabivle-4_9/bin/../lib/gcc/powerpc-eabivle/4.9.4/e200z4/fp/crtend.o
 .text          0x00000000        0x0 c:/program files (x86)/nxp/s32ds_power_v2017.r1/cross_tools/powerpc-eabivle-4_9/bin/../lib/gcc/powerpc-eabivle/4.9.4/e200z4/fp/ecrtn.o
 .data          0x00000000        0x0 c:/program files (x86)/nxp/s32ds_power_v2017.r1/cross_tools/powerpc-eabivle-4_9/bin/../lib/gcc/powerpc-eabivle/4.9.4/e200z4/fp/ecrtn.o
 .bss           0x00000000        0x0 c:/program files (x86)/nxp/s32ds_power_v2017.r1/cross_tools/powerpc-eabivle-4_9/bin/../lib/gcc/powerpc-eabivle/4.9.4/e200z4/fp/ecrtn.o
 .fixup         0x00000000        0x0 c:/program files (x86)/nxp/s32ds_power_v2017.r1/cross_tools/powerpc-eabivle-4_9/bin/../lib/gcc/powerpc-eabivle/4.9.4/e200z4/fp/ecrtn.o
 .sdata         0x00000000        0x0 c:/program files (x86)/nxp/s32ds_power_v2017.r1/cross_tools/powerpc-eabivle-4_9/bin/../lib/gcc/powerpc-eabivle/4.9.4/e200z4/fp/ecrtn.o
 .sdata2        0x00000000        0x0 c:/program files (x86)/nxp/s32ds_power_v2017.r1/cross_tools/powerpc-eabivle-4_9/bin/../lib/gcc/powerpc-eabivle/4.9.4/e200z4/fp/ecrtn.o
 .gcc_except_table
                0x00000000        0x0 c:/program files (x86)/nxp/s32ds_power_v2017.r1/cross_tools/powerpc-eabivle-4_9/bin/../lib/gcc/powerpc-eabivle/4.9.4/e200z4/fp/ecrtn.o

Memory Configuration

Name             Origin             Length             Attributes
flash_rchw       0x00f98000         0x00000004
cpu0_reset_vec   0x00f98004         0x00000004
m_text           0x00f99000         0x00017000
m_data           0x40000000         0x00060000
local_dmem       0x50800000         0x00010000
*default*        0x00000000         0xffffffff

Linker script and memory map

LOAD c:/program files (x86)/nxp/s32ds_power_v2017.r1/cross_tools/powerpc-eabivle-4_9/bin/../lib/gcc/powerpc-eabivle/4.9.4/e200z4/fp/ecrti.o
LOAD c:/program files (x86)/nxp/s32ds_power_v2017.r1/cross_tools/powerpc-eabivle-4_9/bin/../lib/gcc/powerpc-eabivle/4.9.4/e200z4/fp/crtbegin.o
LOAD ./src/main.o
LOAD ./src/intc_sw_handlers.o
LOAD ./src/intc_SW_mode_isr_vectors_MPC5744P.o
LOAD ./src/flexcan_init.o
LOAD ./src/flashrchw.o
LOAD ./src/Vector.o
LOAD ./src/System.o
LOAD ./src/MPC57xx__Interrupt_Init.o
LOAD ./src/MPC574xP_SystemInit.o
LOAD ./src/IVORx_vle.o
LOAD ./src/Drivers/Flash/flash_c55_driver.o
LOAD ./src/Drivers/Flash/flash.o
LOAD ./src/Bootloader/UserAppFlash.o
LOAD ./src/Bootloader/Bootloader.o
LOAD ./Project_Settings/Startup_Code/startup.o
START GROUP
LOAD C:/Program Files (x86)/NXP/S32DS_Power_v2017.R1/S32DS/e200_ewl2/lib/e200z4/fp\libc99.a
LOAD C:/Program Files (x86)/NXP/S32DS_Power_v2017.R1/S32DS/e200_ewl2/lib/e200z4/fp\libm.a
LOAD c:/program files (x86)/nxp/s32ds_power_v2017.r1/cross_tools/powerpc-eabivle-4_9/bin/../lib/gcc/powerpc-eabivle/4.9.4/e200z4/fp\libgcc.a
LOAD C:/Program Files (x86)/NXP/S32DS_Power_v2017.R1/S32DS/e200_ewl2/lib/e200z4/fp\librt.a
END GROUP
LOAD c:/program files (x86)/nxp/s32ds_power_v2017.r1/cross_tools/powerpc-eabivle-4_9/bin/../lib/gcc/powerpc-eabivle/4.9.4/e200z4/fp/crtend.o
LOAD c:/program files (x86)/nxp/s32ds_power_v2017.r1/cross_tools/powerpc-eabivle-4_9/bin/../lib/gcc/powerpc-eabivle/4.9.4/e200z4/fp/ecrtn.o
                0x00000000                __HEAP_SIZE = 0x0
                0x00001000                __STACK_SIZE = 0x1000
                0x00060000                SRAM_SIZE = 0x60000
                0x40000000                SRAM_BASE_ADDR = 0x40000000
                0x00010000                LOCALDMEM_SIZE = 0x10000
                0x50800000                LOCALDMEM_BASE_ADDR = 0x50800000

.rchw           0x00f98000        0x4
 *(.rchw)
 .rchw          0x00f98000        0x4 ./src/flashrchw.o
                0x00f98000                RCHW1

.cpu0_reset_vector
                0x00f98004        0x4
 *(.cpu0_reset_vector)
 .cpu0_reset_vector
                0x00f98004        0x4 ./src/flashrchw.o
                0x00f98004                RCHW2

.startup        0x00f99000      0x1fe
                0x00f99000                __start = .
 *(.startup)
 .startup       0x00f99000      0x1fe ./Project_Settings/Startup_Code/startup.o
                0x00f99000                _start

.core_exceptions_table
                0x00f9a000      0x100
                0x00f9a000                __IVPR_VALUE = .
 *(.core_exceptions_table)
 .core_exceptions_table
                0x00f9a000      0x100 ./src/Vector.o
                0x00f9a000                VTABLE
                0x00f9a000                IVOR0_Vector
                0x00f9a030                IVOR3_Vector
                0x00f9a040                IVOR4_Vector
                0x00f9a050                IVOR5_Vector
                0x00f9a060                IVOR6_Vector
                0x00f9a070                IVOR7_Vector
                0x00f9a080                IVOR8_Vector
                0x00f9a090                IVOR9_Vector
                0x00f9a0a0                IVOR10_Vector
                0x00f9a0b0                IVOR11_Vector
                0x00f9a0c0                IVOR12_Vector
                0x00f9a0d0                IVOR13_Vector
                0x00f9a0e0                IVOR14_Vector
                0x00f9a0f0                IVOR15_Vector

.intc_vector_table
                0x00f9b000      0xb78
 *(.intc_vector_table)
 .intc_vector_table
                0x00f9b000      0xb78 ./src/intc_SW_mode_isr_vectors_MPC5744P.o
                0x00f9b000                IntcIsrVectorTable

.text           0x00f9bb80     0x30b0
 *(.text.startup)
 *(.text)
 .text          0x00f9bb80      0x16c c:/program files (x86)/nxp/s32ds_power_v2017.r1/cross_tools/powerpc-eabivle-4_9/bin/../lib/gcc/powerpc-eabivle/4.9.4/e200z4/fp/crtbegin.o
 *fill*         0x00f9bcec        0x4 
 .text          0x00f9bcf0       0x48 ./src/intc_sw_handlers.o
                0x00f9bcf0                IVOR4_Handler
 *fill*         0x00f9bd38        0x8 
 .text          0x00f9bd40      0x1ac ./src/IVORx_vle.o
                0x00f9bd40                IVOR1_Handler
                0x00f9be16                IVOR2_Handler
 .text          0x00f9beec       0x4a c:/program files (x86)/nxp/s32ds_power_v2017.r1/cross_tools/powerpc-eabivle-4_9/bin/../lib/gcc/powerpc-eabivle/4.9.4/e200z4/fp\libgcc.a(eabivle.o)
                0x00f9beec                __eabi
 *fill*         0x00f9bf36        0x2 
 .text          0x00f9bf38       0x48 c:/program files (x86)/nxp/s32ds_power_v2017.r1/cross_tools/powerpc-eabivle-4_9/bin/../lib/gcc/powerpc-eabivle/4.9.4/e200z4/fp/crtend.o
 *(.text.*)
 .text.bootloader_entry
                0x00f9bf80       0x22 ./src/main.o
                0x00f9bf80                bootloader_entry
 *fill*         0x00f9bfa2        0x2 
 .text.app_entry
                0x00f9bfa4       0x50 ./src/main.o
                0x00f9bfa4                app_entry
 .text.main     0x00f9bff4       0x64 ./src/main.o
                0x00f9bff4                main
 .text.Tick_Tasks
                0x00f9c058       0x6a ./src/main.o
                0x00f9c058                Tick_Tasks
 *fill*         0x00f9c0c2        0x2 
 .text.Time_Tasks
                0x00f9c0c4      0x10e ./src/main.o
                0x00f9c0c4                Time_Tasks
 *fill*         0x00f9c1d2        0x2 
 .text.CAN_Tasks
                0x00f9c1d4      0x214 ./src/main.o
                0x00f9c1d4                CAN_Tasks
 .text.dummy    0x00f9c3e8        0xc ./src/intc_SW_mode_isr_vectors_MPC5744P.o
                0x00f9c3e8                dummy
 .text.flexcan_0_deinit_fnc
                0x00f9c3f4       0x8a ./src/flexcan_init.o
                0x00f9c3f4                flexcan_0_deinit_fnc
 *fill*         0x00f9c47e        0x2 
 .text.flexcan_0_init_fnc
                0x00f9c480      0x22e ./src/flexcan_init.o
                0x00f9c480                flexcan_0_init_fnc
 *fill*         0x00f9c6ae        0x2 
 .text.CAN0_TransmitMsg
                0x00f9c6b0      0x138 ./src/flexcan_init.o
                0x00f9c6b0                CAN0_TransmitMsg
 .text.CAN0_ReceiveInit
                0x00f9c7e8       0xea ./src/flexcan_init.o
                0x00f9c7e8                CAN0_ReceiveInit
 *fill*         0x00f9c8d2        0x2 
 .text.Load_ReponseToUpMachine
                0x00f9c8d4       0xec ./src/flexcan_init.o
                0x00f9c8d4                Load_ReponseToUpMachine
 .text.CAN0_ReceiveMsg
                0x00f9c9c0      0x170 ./src/flexcan_init.o
                0x00f9c9c0                CAN0_ReceiveMsg
 .text.EER_exception_handler
                0x00f9cb30       0x14 ./src/System.o
                0x00f9cb30                EER_exception_handler
 .text.CleanRAM
                0x00f9cb44       0x84 ./src/System.o
                0x00f9cb44                CleanRAM
 .text.Prepare_Before_Jump_m
                0x00f9cbc8       0x2a ./src/System.o
                0x00f9cbc8                Prepare_Before_Jump_m
 *fill*         0x00f9cbf2        0x2 
 .text.SetIVPR  0x00f9cbf4       0x1a ./src/MPC57xx__Interrupt_Init.o
                0x00f9cbf4                SetIVPR
 *fill*         0x00f9cc0e        0x2 
 .text.InitINTC
                0x00f9cc10       0x32 ./src/MPC57xx__Interrupt_Init.o
                0x00f9cc10                InitINTC
 *fill*         0x00f9cc42        0x2 
 .text.enableIrq
                0x00f9cc44       0x20 ./src/MPC57xx__Interrupt_Init.o
                0x00f9cc44                enableIrq
 .text.xcptn_xmpl
                0x00f9cc64       0x34 ./src/MPC57xx__Interrupt_Init.o
                0x00f9cc64                xcptn_xmpl
 .text.Sys_Init
                0x00f9cc98      0x14e ./src/MPC574xP_SystemInit.o
                0x00f9cc98                Sys_Init
 *fill*         0x00f9cde6        0x2 
 .text.GPIO_Aux_Function_Config
                0x00f9cde8       0xbc ./src/MPC574xP_SystemInit.o
                0x00f9cde8                GPIO_Aux_Function_Config
 .text.FLASH_GetNumOfLowBlock
                0x00f9cea4       0x4e ./src/Drivers/Flash/flash_c55_driver.o
 *fill*         0x00f9cef2        0x2 
 .text.FLASH_GetNumOfMidBlock
                0x00f9cef4       0x54 ./src/Drivers/Flash/flash_c55_driver.o
 .text.FLASH_GetNumOfHighBlock
                0x00f9cf48       0x54 ./src/Drivers/Flash/flash_c55_driver.o
 .text.FLASH_GetNumOf256KBlock
                0x00f9cf9c       0x24 ./src/Drivers/Flash/flash_c55_driver.o
 .text.FLASH_DRV_CheckProgramStatus
                0x00f9cfc0      0x1f8 ./src/Drivers/Flash/flash_c55_driver.o
                0x00f9cfc0                FLASH_DRV_CheckProgramStatus
 .text.FLASH_DRV_CheckEraseStatus
                0x00f9d1b8      0x130 ./src/Drivers/Flash/flash_c55_driver.o
                0x00f9d1b8                FLASH_DRV_CheckEraseStatus
 .text.FLASH_DRV_Init
                0x00f9d2e8       0x26 ./src/Drivers/Flash/flash_c55_driver.o
                0x00f9d2e8                FLASH_DRV_Init
 *fill*         0x00f9d30e        0x2 
 .text.FLASH_DRV_SetLock
                0x00f9d310      0x1ba ./src/Drivers/Flash/flash_c55_driver.o
                0x00f9d310                FLASH_DRV_SetLock
 *fill*         0x00f9d4ca        0x2 
 .text.FLASH_DRV_GetLock
                0x00f9d4cc      0x194 ./src/Drivers/Flash/flash_c55_driver.o
                0x00f9d4cc                FLASH_DRV_GetLock
 .text.FLASH_DRV_FindInterLockWriteAdd
                0x00f9d660      0x29a ./src/Drivers/Flash/flash_c55_driver.o
 *fill*         0x00f9d8fa        0x2 
 .text.FLASH_DRV_Erase
                0x00f9d8fc      0x25a ./src/Drivers/Flash/flash_c55_driver.o
                0x00f9d8fc                FLASH_DRV_Erase
 *fill*         0x00f9db56        0x2 
 .text.FLASH_DRV_Program
                0x00f9db58      0x1a0 ./src/Drivers/Flash/flash_c55_driver.o
                0x00f9db58                FLASH_DRV_Program
 .text.FLASH_DRV_ProgramVerify
                0x00f9dcf8      0x110 ./src/Drivers/Flash/flash_c55_driver.o
                0x00f9dcf8                FLASH_DRV_ProgramVerify
 .text.FLASH_DRV_CheckSum
                0x00f9de08       0xd0 ./src/Drivers/Flash/flash_c55_driver.o
                0x00f9de08                FLASH_DRV_CheckSum
 .text.DisableFlashControllerCache
                0x00f9ded8       0x4a ./src/Drivers/Flash/flash.o
                0x00f9ded8                DisableFlashControllerCache
 *fill*         0x00f9df22        0x2 
 .text.RestoreFlashControllerCache
                0x00f9df24       0x28 ./src/Drivers/Flash/flash.o
                0x00f9df24                RestoreFlashControllerCache
 .text.UserCallBack
                0x00f9df4c       0x28 ./src/Drivers/Flash/flash.o
                0x00f9df4c                UserCallBack
 .text.Flash_GetSelectBlock
                0x00f9df74      0x27e ./src/Drivers/Flash/flash.o
                0x00f9df74                Flash_GetSelectBlock
 *fill*         0x00f9e1f2        0x2 
 .text.Flash_Unlock_g
                0x00f9e1f4      0x1ea ./src/Drivers/Flash/flash.o
                0x00f9e1f4                Flash_Unlock_g
 *fill*         0x00f9e3de        0x2 
 .text.Flash_Erase_g
                0x00f9e3e0       0xca ./src/Drivers/Flash/flash.o
                0x00f9e3e0                Flash_Erase_g
 *fill*         0x00f9e4aa        0x2 
 .text.Flash_Program_g
                0x00f9e4ac      0x152 ./src/Drivers/Flash/flash.o
                0x00f9e4ac                Flash_Program_g
 *fill*         0x00f9e5fe        0x2 
 .text.Flash_Lock_g
                0x00f9e600      0x194 ./src/Drivers/Flash/flash.o
                0x00f9e600                Flash_Lock_g
 .text.UserFlash_EraseIvtAndUserAppBlock_g
                0x00f9e794       0xda ./src/Bootloader/UserAppFlash.o
                0x00f9e794                UserFlash_EraseIvtAndUserAppBlock_g
 *fill*         0x00f9e86e        0x2 
 .text.UserFlash_WriteData
                0x00f9e870       0x6a ./src/Bootloader/UserAppFlash.o
                0x00f9e870                UserFlash_WriteData
 *fill*         0x00f9e8da        0x2 
 .text.UserFlash_DataParseAddrData
                0x00f9e8dc      0x1e0 ./src/Bootloader/UserAppFlash.o
                0x00f9e8dc                UserFlash_DataParseAddrData
 .text.UserFlash_LastIsFull64Bits_g
                0x00f9eabc       0x7a ./src/Bootloader/UserAppFlash.o
                0x00f9eabc                UserFlash_LastIsFull64Bits_g
 *fill*         0x00f9eb36        0x2 
 .text.Bootloader_DataParse_g
                0x00f9eb38       0xbc ./src/Bootloader/Bootloader.o
                0x00f9eb38                Bootloader_DataParse_g
 *(.init)
 .init          0x00f9ebf4        0xc c:/program files (x86)/nxp/s32ds_power_v2017.r1/cross_tools/powerpc-eabivle-4_9/bin/../lib/gcc/powerpc-eabivle/4.9.4/e200z4/fp/ecrti.o
                0x00f9ebf4                __init
 .init          0x00f9ec00        0x4 c:/program files (x86)/nxp/s32ds_power_v2017.r1/cross_tools/powerpc-eabivle-4_9/bin/../lib/gcc/powerpc-eabivle/4.9.4/e200z4/fp/crtbegin.o
 .init          0x00f9ec04        0x4 c:/program files (x86)/nxp/s32ds_power_v2017.r1/cross_tools/powerpc-eabivle-4_9/bin/../lib/gcc/powerpc-eabivle/4.9.4/e200z4/fp/crtend.o
 .init          0x00f9ec08        0xa c:/program files (x86)/nxp/s32ds_power_v2017.r1/cross_tools/powerpc-eabivle-4_9/bin/../lib/gcc/powerpc-eabivle/4.9.4/e200z4/fp/ecrtn.o
 *(.fini)
 *fill*         0x00f9ec12        0x2 
 .fini          0x00f9ec14        0xc c:/program files (x86)/nxp/s32ds_power_v2017.r1/cross_tools/powerpc-eabivle-4_9/bin/../lib/gcc/powerpc-eabivle/4.9.4/e200z4/fp/ecrti.o
                0x00f9ec14                __fini
 .fini          0x00f9ec20        0x4 c:/program files (x86)/nxp/s32ds_power_v2017.r1/cross_tools/powerpc-eabivle-4_9/bin/../lib/gcc/powerpc-eabivle/4.9.4/e200z4/fp/crtbegin.o
 .fini          0x00f9ec24        0xa c:/program files (x86)/nxp/s32ds_power_v2017.r1/cross_tools/powerpc-eabivle-4_9/bin/../lib/gcc/powerpc-eabivle/4.9.4/e200z4/fp/ecrtn.o
                0x00f9ec30                . = ALIGN (0x10)
 *fill*         0x00f9ec2e        0x2 

.glink          0x00f9ec30        0x0
 .glink         0x00f9ec30        0x0 c:/program files (x86)/nxp/s32ds_power_v2017.r1/cross_tools/powerpc-eabivle-4_9/bin/../lib/gcc/powerpc-eabivle/4.9.4/e200z4/fp/crtbegin.o

.ctors          0x00f9ec30        0x8
                0x00f9ec30                __CTOR_LIST__ = .
 *crtbegin.o(.ctors)
 .ctors         0x00f9ec30        0x4 c:/program files (x86)/nxp/s32ds_power_v2017.r1/cross_tools/powerpc-eabivle-4_9/bin/../lib/gcc/powerpc-eabivle/4.9.4/e200z4/fp/crtbegin.o
 *crtbegin?.o(.ctors)
 *(EXCLUDE_FILE(*crtend.o *crtend?.o) .ctors)
 .ctors         0x00f9ec34        0x0 c:/program files (x86)/nxp/s32ds_power_v2017.r1/cross_tools/powerpc-eabivle-4_9/bin/../lib/gcc/powerpc-eabivle/4.9.4/e200z4/fp/ecrti.o
 .ctors         0x00f9ec34        0x0 c:/program files (x86)/nxp/s32ds_power_v2017.r1/cross_tools/powerpc-eabivle-4_9/bin/../lib/gcc/powerpc-eabivle/4.9.4/e200z4/fp/ecrtn.o
 *(SORT(.ctors.*))
 *(.ctors)
 .ctors         0x00f9ec34        0x4 c:/program files (x86)/nxp/s32ds_power_v2017.r1/cross_tools/powerpc-eabivle-4_9/bin/../lib/gcc/powerpc-eabivle/4.9.4/e200z4/fp/crtend.o
                0x00f9ec38                __CTOR_END__ = .

.dtors          0x00f9ec38        0x8
                0x00f9ec38                __DTOR_LIST__ = .
 *crtbegin.o(.dtors)
 .dtors         0x00f9ec38        0x4 c:/program files (x86)/nxp/s32ds_power_v2017.r1/cross_tools/powerpc-eabivle-4_9/bin/../lib/gcc/powerpc-eabivle/4.9.4/e200z4/fp/crtbegin.o
 *crtbegin?.o(.dtors)
 *(EXCLUDE_FILE(*crtend.o *crtend?.o) .dtors)
 .dtors         0x00f9ec3c        0x0 c:/program files (x86)/nxp/s32ds_power_v2017.r1/cross_tools/powerpc-eabivle-4_9/bin/../lib/gcc/powerpc-eabivle/4.9.4/e200z4/fp/ecrti.o
 .dtors         0x00f9ec3c        0x0 c:/program files (x86)/nxp/s32ds_power_v2017.r1/cross_tools/powerpc-eabivle-4_9/bin/../lib/gcc/powerpc-eabivle/4.9.4/e200z4/fp/ecrtn.o
 *(SORT(.dtors.*))
 *(.dtors)
 .dtors         0x00f9ec3c        0x4 c:/program files (x86)/nxp/s32ds_power_v2017.r1/cross_tools/powerpc-eabivle-4_9/bin/../lib/gcc/powerpc-eabivle/4.9.4/e200z4/fp/crtend.o
                0x00f9ec40                __DTOR_END__ = .

.preinit_array  0x00f9ec40        0x0
                [!provide]                PROVIDE (__preinit_array_start, .)
 *(.preinit_array*)
                [!provide]                PROVIDE (__preinit_array_end, .)

.init_array     0x00f9ec40        0x0
                [!provide]                PROVIDE (__init_array_start, .)
 *(SORT(.init_array.*))
 *(.init_array*)
                [!provide]                PROVIDE (__init_array_end, .)

.fini_array     0x00f9ec40        0x0
                [!provide]                PROVIDE (__fini_array_start, .)
 *(SORT(.fini_array.*))
 *(.fini_array*)
                [!provide]                PROVIDE (__fini_array_end, .)

.rodata         0x00f9ec40      0x100
 *(.rodata)
 *(.rodata.*)
 .rodata.CAN_Tasks
                0x00f9ec40       0x18 ./src/main.o
 .rodata.FLASH_BLOCK_ADDR
                0x00f9ec58       0x50 ./src/Drivers/Flash/flash_c55_driver.o
 .rodata.FLASH_BLOCK_MASK
                0x00f9eca8       0x50 ./src/Drivers/Flash/flash_c55_driver.o
 .rodata.FLASH_DRV_SetLock
                0x00f9ecf8       0x18 ./src/Drivers/Flash/flash_c55_driver.o
 .rodata.FLASH_DRV_GetLock
                0x00f9ed10       0x18 ./src/Drivers/Flash/flash_c55_driver.o
 .rodata.Bootloader_DataParse_g
                0x00f9ed28       0x18 ./src/Bootloader/Bootloader.o

.eh_frame_hdr
 *(.eh_frame_hdr)

.eh_frame       0x00f9ed40        0x8
 *(.eh_frame)
 .eh_frame      0x00f9ed40        0x0 c:/program files (x86)/nxp/s32ds_power_v2017.r1/cross_tools/powerpc-eabivle-4_9/bin/../lib/gcc/powerpc-eabivle/4.9.4/e200z4/fp/ecrti.o
                0x00f9ed40                __EH_FRAME_BEGIN__
 .eh_frame      0x00f9ed40        0x0 c:/program files (x86)/nxp/s32ds_power_v2017.r1/cross_tools/powerpc-eabivle-4_9/bin/../lib/gcc/powerpc-eabivle/4.9.4/e200z4/fp/crtbegin.o
 .eh_frame      0x00f9ed40        0x0 c:/program files (x86)/nxp/s32ds_power_v2017.r1/cross_tools/powerpc-eabivle-4_9/bin/../lib/gcc/powerpc-eabivle/4.9.4/e200z4/fp/crtbegin.o
 .eh_frame      0x00f9ed40        0x4 c:/program files (x86)/nxp/s32ds_power_v2017.r1/cross_tools/powerpc-eabivle-4_9/bin/../lib/gcc/powerpc-eabivle/4.9.4/e200z4/fp/crtend.o
 .eh_frame      0x00f9ed44        0x4 c:/program files (x86)/nxp/s32ds_power_v2017.r1/cross_tools/powerpc-eabivle-4_9/bin/../lib/gcc/powerpc-eabivle/4.9.4/e200z4/fp/ecrtn.o
                0x00f9ed44                __EH_FRAME_END__

.data           0x40000000       0xa4 load address 0x00f9ed48
 *(.data)
 .data          0x40000000        0x4 c:/program files (x86)/nxp/s32ds_power_v2017.r1/cross_tools/powerpc-eabivle-4_9/bin/../lib/gcc/powerpc-eabivle/4.9.4/e200z4/fp\libgcc.a(eabivle.o)
 *(.data.*)
 .data.Flash_Block_Lock
                0x40000004       0x10 ./src/Drivers/Flash/flash.o
                0x40000004                Flash_Block_Lock
 .data.Flash_Block_Low_Start_Array
                0x40000014       0x10 ./src/Drivers/Flash/flash.o
                0x40000014                Flash_Block_Low_Start_Array
 .data.Flash_Block_High_Start_Array
                0x40000024       0x18 ./src/Drivers/Flash/flash.o
                0x40000024                Flash_Block_High_Start_Array
 .data.Flash_Block_256K_Start_Array
                0x4000003c       0x20 ./src/Drivers/Flash/flash.o
                0x4000003c                Flash_Block_256K_Start_Array
 .data.Flash_Block_Low_End_Array
                0x4000005c       0x10 ./src/Drivers/Flash/flash.o
                0x4000005c                Flash_Block_Low_End_Array
 .data.Flash_Block_High_End_Array
                0x4000006c       0x18 ./src/Drivers/Flash/flash.o
                0x4000006c                Flash_Block_High_End_Array
 .data.Flash_Block_256K_End_Array
                0x40000084       0x20 ./src/Drivers/Flash/flash.o
                0x40000084                Flash_Block_256K_End_Array

.jcr            0x400000a4        0x0 load address 0x00f9edec
 .jcr           0x400000a4        0x0 c:/program files (x86)/nxp/s32ds_power_v2017.r1/cross_tools/powerpc-eabivle-4_9/bin/../lib/gcc/powerpc-eabivle/4.9.4/e200z4/fp/crtbegin.o

.tm_clone_table
                0x400000a4        0x0 load address 0x00f9edec
 .tm_clone_table
                0x400000a4        0x0 c:/program files (x86)/nxp/s32ds_power_v2017.r1/cross_tools/powerpc-eabivle-4_9/bin/../lib/gcc/powerpc-eabivle/4.9.4/e200z4/fp/crtbegin.o
 .tm_clone_table
                0x400000a4        0x0 c:/program files (x86)/nxp/s32ds_power_v2017.r1/cross_tools/powerpc-eabivle-4_9/bin/../lib/gcc/powerpc-eabivle/4.9.4/e200z4/fp/crtend.o

.got2           0x400000a4       0x1c load address 0x00f9edec
 .got2          0x400000a4       0x1c c:/program files (x86)/nxp/s32ds_power_v2017.r1/cross_tools/powerpc-eabivle-4_9/bin/../lib/gcc/powerpc-eabivle/4.9.4/e200z4/fp\libgcc.a(eabivle.o)

.sdata2         0x400000c0        0x0 load address 0x00f9ee08
 *(.sdata2)
 .sdata2        0x400000c0        0x0 c:/program files (x86)/nxp/s32ds_power_v2017.r1/cross_tools/powerpc-eabivle-4_9/bin/../lib/gcc/powerpc-eabivle/4.9.4/e200z4/fp/ecrti.o
 .sdata2        0x400000c0        0x0 c:/program files (x86)/nxp/s32ds_power_v2017.r1/cross_tools/powerpc-eabivle-4_9/bin/../lib/gcc/powerpc-eabivle/4.9.4/e200z4/fp/crtbegin.o
 *(.sdata2.*)

.sbss2          0x400000c0        0x0 load address 0x00f9ee08
 *(.sbss2)
 .sbss2         0x400000c0        0x0 c:/program files (x86)/nxp/s32ds_power_v2017.r1/cross_tools/powerpc-eabivle-4_9/bin/../lib/gcc/powerpc-eabivle/4.9.4/e200z4/fp/ecrtn.o
 *(.sbss2.*)

.rela.dyn       0x400000c0        0x0 load address 0x00f9ee08
 .rela.iplt     0x400000c0        0x0 c:/program files (x86)/nxp/s32ds_power_v2017.r1/cross_tools/powerpc-eabivle-4_9/bin/../lib/gcc/powerpc-eabivle/4.9.4/e200z4/fp/crtbegin.o
 .rela.text     0x400000c0        0x0 c:/program files (x86)/nxp/s32ds_power_v2017.r1/cross_tools/powerpc-eabivle-4_9/bin/../lib/gcc/powerpc-eabivle/4.9.4/e200z4/fp/crtbegin.o
 .rela.text.main
                0x400000c0        0x0 c:/program files (x86)/nxp/s32ds_power_v2017.r1/cross_tools/powerpc-eabivle-4_9/bin/../lib/gcc/powerpc-eabivle/4.9.4/e200z4/fp/crtbegin.o
 .rela.text.CAN_Tasks
                0x400000c0        0x0 c:/program files (x86)/nxp/s32ds_power_v2017.r1/cross_tools/powerpc-eabivle-4_9/bin/../lib/gcc/powerpc-eabivle/4.9.4/e200z4/fp/crtbegin.o
 .rela.text.Load_ReponseToUpMachine
                0x400000c0        0x0 c:/program files (x86)/nxp/s32ds_power_v2017.r1/cross_tools/powerpc-eabivle-4_9/bin/../lib/gcc/powerpc-eabivle/4.9.4/e200z4/fp/crtbegin.o
 .rela.cpu0_reset_vector
                0x400000c0        0x0 c:/program files (x86)/nxp/s32ds_power_v2017.r1/cross_tools/powerpc-eabivle-4_9/bin/../lib/gcc/powerpc-eabivle/4.9.4/e200z4/fp/crtbegin.o
 .rela.text.Flash_Unlock_g
                0x400000c0        0x0 c:/program files (x86)/nxp/s32ds_power_v2017.r1/cross_tools/powerpc-eabivle-4_9/bin/../lib/gcc/powerpc-eabivle/4.9.4/e200z4/fp/crtbegin.o
 .rela.text.Flash_Lock_g
                0x400000c0        0x0 c:/program files (x86)/nxp/s32ds_power_v2017.r1/cross_tools/powerpc-eabivle-4_9/bin/../lib/gcc/powerpc-eabivle/4.9.4/e200z4/fp/crtbegin.o
 .rela.text.UserFlash_DataParseAddrData
                0x400000c0        0x0 c:/program files (x86)/nxp/s32ds_power_v2017.r1/cross_tools/powerpc-eabivle-4_9/bin/../lib/gcc/powerpc-eabivle/4.9.4/e200z4/fp/crtbegin.o
 .rela.text.UserFlash_LastIsFull64Bits_g
                0x400000c0        0x0 c:/program files (x86)/nxp/s32ds_power_v2017.r1/cross_tools/powerpc-eabivle-4_9/bin/../lib/gcc/powerpc-eabivle/4.9.4/e200z4/fp/crtbegin.o
 .rela.got2     0x400000c0        0x0 c:/program files (x86)/nxp/s32ds_power_v2017.r1/cross_tools/powerpc-eabivle-4_9/bin/../lib/gcc/powerpc-eabivle/4.9.4/e200z4/fp/crtbegin.o

.sdata          0x400000c0       0x44 load address 0x00f9ee08
 *(.sdata)
 .sdata         0x400000c0        0x0 c:/program files (x86)/nxp/s32ds_power_v2017.r1/cross_tools/powerpc-eabivle-4_9/bin/../lib/gcc/powerpc-eabivle/4.9.4/e200z4/fp/ecrti.o
                0x400000c0                __SDATA_START__
 .sdata         0x400000c0        0x0 c:/program files (x86)/nxp/s32ds_power_v2017.r1/cross_tools/powerpc-eabivle-4_9/bin/../lib/gcc/powerpc-eabivle/4.9.4/e200z4/fp/crtbegin.o
                0x400080c0                _SDA_BASE_
 *(.sdata.*)
 .sdata.Flash_Block_Mid_Start_Array
                0x400000c0        0x8 ./src/Drivers/Flash/flash.o
                0x400000c0                Flash_Block_Mid_Start_Array
 .sdata.Flash_Block_Mid_End_Array
                0x400000c8        0x8 ./src/Drivers/Flash/flash.o
                0x400000c8                Flash_Block_Mid_End_Array
 .sdata.USERAPPFLASH_STARTADDR
                0x400000d0        0x4 ./src/Bootloader/UserAppFlash.o
                0x400000d0                USERAPPFLASH_STARTADDR
 .sdata.USERAPPFLASH_ENDADDR
                0x400000d4        0x4 ./src/Bootloader/UserAppFlash.o
                0x400000d4                USERAPPFLASH_ENDADDR
 .sdata.m_LastAddr
                0x400000d8        0x4 ./src/Bootloader/UserAppFlash.o
                0x400000d8                m_LastAddr
 .sdata.g_Bootloader_EntryBootloaderReponse
                0x400000dc        0x8 ./src/Bootloader/Bootloader.o
                0x400000dc                g_Bootloader_EntryBootloaderReponse
 .sdata.g_Bootloader_CheckBootloaderReponse
                0x400000e4        0x8 ./src/Bootloader/Bootloader.o
                0x400000e4                g_Bootloader_CheckBootloaderReponse
 .sdata.g_Bootloader_EraseFlashReponse
                0x400000ec        0x8 ./src/Bootloader/Bootloader.o
                0x400000ec                g_Bootloader_EraseFlashReponse
 .sdata.g_Bootloader_DataReponse
                0x400000f4        0x8 ./src/Bootloader/Bootloader.o
                0x400000f4                g_Bootloader_DataReponse
 .sdata.g_Bootloader_DataProgramEndReponse
                0x400000fc        0x8 ./src/Bootloader/Bootloader.o
                0x400000fc                g_Bootloader_DataProgramEndReponse

.bss            0x40000104       0x90 load address 0x00f9ee4c
                0x40000104                __BSS_START = .
 *(.sbss)
 .sbss          0x40000104        0x0 c:/program files (x86)/nxp/s32ds_power_v2017.r1/cross_tools/powerpc-eabivle-4_9/bin/../lib/gcc/powerpc-eabivle/4.9.4/e200z4/fp/crtbegin.o
 .sbss          0x40000104        0x8 ./src/Drivers/Flash/flash.o
                0x40000104                pflash_pfcr2
                0x40000108                pflash_pfcr1
 .sbss          0x4000010c        0x8 ./src/Bootloader/UserAppFlash.o
                0x4000010c                dataForWrite
 .sbss          0x40000114        0x0 c:/program files (x86)/nxp/s32ds_power_v2017.r1/cross_tools/powerpc-eabivle-4_9/bin/../lib/gcc/powerpc-eabivle/4.9.4/e200z4/fp/ecrtn.o
                0x40000114                __SBSS_END__
 *(.sbss.*)
 .sbss.countTick
                0x40000114        0x4 ./src/main.o
                0x40000114                countTick
 .sbss.countTimer
                0x40000118        0x4 ./src/main.o
                0x40000118                countTimer
 .sbss.g_ReceiveCount
                0x4000011c        0x4 ./src/main.o
                0x4000011c                g_ReceiveCount
 .sbss.g_usrCnt
                0x40000120        0x4 ./src/Drivers/Flash/flash.o
                0x40000120                g_usrCnt
 *(.bss)
 .bss           0x40000124       0x20 c:/program files (x86)/nxp/s32ds_power_v2017.r1/cross_tools/powerpc-eabivle-4_9/bin/../lib/gcc/powerpc-eabivle/4.9.4/e200z4/fp/crtbegin.o
 *(.bss.*)
 .bss.Flash_Block_UnLock
                0x40000144       0x10 ./src/Drivers/Flash/flash.o
                0x40000144                Flash_Block_UnLock
 *(COMMON)
 COMMON         0x40000154       0x20 ./src/main.o
                0x40000154                CAN_RxMsg
 COMMON         0x40000174       0x20 ./src/flexcan_init.o
                0x40000174                CAN_TxMsg
                0x40000194                __BSS_END = .

.iplt           0x400001a0        0x0 load address 0x00f9ee4c
 .iplt          0x400001a0        0x0 c:/program files (x86)/nxp/s32ds_power_v2017.r1/cross_tools/powerpc-eabivle-4_9/bin/../lib/gcc/powerpc-eabivle/4.9.4/e200z4/fp/crtbegin.o

.stack          0x50800000     0x1004
                0x50800000                __HEAP = .
                [!provide]                PROVIDE (_end, .)
                [!provide]                PROVIDE (end, .)
                0x50800000                . = (. + __HEAP_SIZE)
                0x50800000                __HEAP_END = .
                0x50800000                _stack_end = .
                0x50801000                . = (. + __STACK_SIZE)
 *fill*         0x50800000     0x1000 
                0x50801000                _stack_addr = .
                0x50801000                __SP_INIT = .
                0x50801004                . = (. + 0x4)
 *fill*         0x50801000        0x4 
                0x40000000                __DATA_SRAM_ADDR = ADDR (.data)
                0x400000c0                __SDATA_SRAM_ADDR = ADDR (.sdata)
                0x000000a4                __DATA_SIZE = SIZEOF (.data)
                0x00000044                __SDATA_SIZE = SIZEOF (.sdata)
                0x00f9ed48                __DATA_ROM_ADDR = LOADADDR (.data)
                0x00f9ee08                __SDATA_ROM_ADDR = LOADADDR (.sdata)
                0x00060000                __SRAM_SIZE = SRAM_SIZE
                0x40000000                __SRAM_BASE_ADDR = SRAM_BASE_ADDR
                0x00010000                __LOCAL_DMEM_SIZE = LOCALDMEM_SIZE
                0x50800000                __LOCAL_DMEM_BASE_ADDR = LOCALDMEM_BASE_ADDR
                0x00000090                __BSS_SIZE = (__BSS_END - __BSS_START)
OUTPUT(MPC5744P_CAN_UserApp1.elf elf32-powerpc)

.comment        0x00000000       0xa8
 .comment       0x00000000        0xd c:/program files (x86)/nxp/s32ds_power_v2017.r1/cross_tools/powerpc-eabivle-4_9/bin/../lib/gcc/powerpc-eabivle/4.9.4/e200z4/fp/ecrti.o
                                  0xe (size before relaxing)
 .comment       0x0000000d       0x8e c:/program files (x86)/nxp/s32ds_power_v2017.r1/cross_tools/powerpc-eabivle-4_9/bin/../lib/gcc/powerpc-eabivle/4.9.4/e200z4/fp/crtbegin.o
                                 0x8f (size before relaxing)
 .comment       0x0000009b       0x8f ./src/main.o
 .comment       0x0000009b       0x8f ./src/intc_SW_mode_isr_vectors_MPC5744P.o
 .comment       0x0000009b       0x8f ./src/flexcan_init.o
 .comment       0x0000009b       0x8f ./src/flashrchw.o
 .comment       0x0000009b       0x8f ./src/Vector.o
 .comment       0x0000009b       0x8f ./src/System.o
 .comment       0x0000009b       0x8f ./src/MPC57xx__Interrupt_Init.o
 .comment       0x0000009b       0x8f ./src/MPC574xP_SystemInit.o
 .comment       0x0000009b       0x8f ./src/Drivers/Flash/flash_c55_driver.o
 .comment       0x0000009b       0x8f ./src/Drivers/Flash/flash.o
 .comment       0x0000009b       0x8f ./src/Bootloader/UserAppFlash.o
 .comment       0x0000009b       0x8f ./src/Bootloader/Bootloader.o
 .comment       0x0000009b       0x8f c:/program files (x86)/nxp/s32ds_power_v2017.r1/cross_tools/powerpc-eabivle-4_9/bin/../lib/gcc/powerpc-eabivle/4.9.4/e200z4/fp/crtend.o
 .comment       0x0000009b        0xd c:/program files (x86)/nxp/s32ds_power_v2017.r1/cross_tools/powerpc-eabivle-4_9/bin/../lib/gcc/powerpc-eabivle/4.9.4/e200z4/fp/ecrtn.o
                                  0xe (size before relaxing)

.PPC.EMB.apuinfo
                0x00000000       0x18
 .PPC.EMB.apuinfo
                0x00000000       0x18 c:/program files (x86)/nxp/s32ds_power_v2017.r1/cross_tools/powerpc-eabivle-4_9/bin/../lib/gcc/powerpc-eabivle/4.9.4/e200z4/fp/ecrti.o
 .PPC.EMB.apuinfo
                0x00000018       0x18 c:/program files (x86)/nxp/s32ds_power_v2017.r1/cross_tools/powerpc-eabivle-4_9/bin/../lib/gcc/powerpc-eabivle/4.9.4/e200z4/fp/crtbegin.o
 .PPC.EMB.apuinfo
                0x00000030       0x18 ./src/main.o
 .PPC.EMB.apuinfo
                0x00000048       0x18 ./src/intc_sw_handlers.o
 .PPC.EMB.apuinfo
                0x00000060       0x18 ./src/intc_SW_mode_isr_vectors_MPC5744P.o
 .PPC.EMB.apuinfo
                0x00000078       0x18 ./src/flexcan_init.o
 .PPC.EMB.apuinfo
                0x00000090       0x18 ./src/Vector.o
 .PPC.EMB.apuinfo
                0x000000a8       0x18 ./src/System.o
 .PPC.EMB.apuinfo
                0x000000c0       0x18 ./src/MPC57xx__Interrupt_Init.o
 .PPC.EMB.apuinfo
                0x000000d8       0x18 ./src/MPC574xP_SystemInit.o
 .PPC.EMB.apuinfo
                0x000000f0       0x18 ./src/IVORx_vle.o
 .PPC.EMB.apuinfo
                0x00000108       0x18 ./src/Drivers/Flash/flash_c55_driver.o
 .PPC.EMB.apuinfo
                0x00000120       0x18 ./src/Drivers/Flash/flash.o
 .PPC.EMB.apuinfo
                0x00000138       0x18 ./src/Bootloader/UserAppFlash.o
 .PPC.EMB.apuinfo
                0x00000150       0x18 ./src/Bootloader/Bootloader.o
 .PPC.EMB.apuinfo
                0x00000168       0x18 ./Project_Settings/Startup_Code/startup.o
 .PPC.EMB.apuinfo
                0x00000180       0x18 c:/program files (x86)/nxp/s32ds_power_v2017.r1/cross_tools/powerpc-eabivle-4_9/bin/../lib/gcc/powerpc-eabivle/4.9.4/e200z4/fp\libgcc.a(eabivle.o)
 .PPC.EMB.apuinfo
                0x00000198       0x18 c:/program files (x86)/nxp/s32ds_power_v2017.r1/cross_tools/powerpc-eabivle-4_9/bin/../lib/gcc/powerpc-eabivle/4.9.4/e200z4/fp/crtend.o
 .PPC.EMB.apuinfo
                0x000001b0       0x18 c:/program files (x86)/nxp/s32ds_power_v2017.r1/cross_tools/powerpc-eabivle-4_9/bin/../lib/gcc/powerpc-eabivle/4.9.4/e200z4/fp/ecrtn.o

.debug_info     0x00000000     0xba8c
 .debug_info    0x00000000     0x2912 ./src/main.o
 .debug_info    0x00002912       0x85 ./src/intc_sw_handlers.o
 .debug_info    0x00002997       0xb4 ./src/intc_SW_mode_isr_vectors_MPC5744P.o
 .debug_info    0x00002a4b     0x16ac ./src/flexcan_init.o
 .debug_info    0x000040f7       0x93 ./src/flashrchw.o
 .debug_info    0x0000418a      0x59e ./src/Vector.o
 .debug_info    0x00004728      0x102 ./src/System.o
 .debug_info    0x0000482a      0x5eb ./src/MPC57xx__Interrupt_Init.o
 .debug_info    0x00004e15     0x4c98 ./src/MPC574xP_SystemInit.o
 .debug_info    0x00009aad       0x77 ./src/IVORx_vle.o
 .debug_info    0x00009b24     0x117c ./src/Drivers/Flash/flash_c55_driver.o
 .debug_info    0x0000aca0      0x966 ./src/Drivers/Flash/flash.o
 .debug_info    0x0000b606      0x1f6 ./src/Bootloader/UserAppFlash.o
 .debug_info    0x0000b7fc      0x1fa ./src/Bootloader/Bootloader.o
 .debug_info    0x0000b9f6       0x96 ./Project_Settings/Startup_Code/startup.o

.debug_abbrev   0x00000000      0xf29
 .debug_abbrev  0x00000000      0x207 ./src/main.o
 .debug_abbrev  0x00000207       0x14 ./src/intc_sw_handlers.o
 .debug_abbrev  0x0000021b       0x7c ./src/intc_SW_mode_isr_vectors_MPC5744P.o
 .debug_abbrev  0x00000297      0x25d ./src/flexcan_init.o
 .debug_abbrev  0x000004f4       0x4e ./src/flashrchw.o
 .debug_abbrev  0x00000542      0x131 ./src/Vector.o
 .debug_abbrev  0x00000673       0xd0 ./src/System.o
 .debug_abbrev  0x00000743      0x17d ./src/MPC57xx__Interrupt_Init.o
 .debug_abbrev  0x000008c0      0x12e ./src/MPC574xP_SystemInit.o
 .debug_abbrev  0x000009ee       0x14 ./src/IVORx_vle.o
 .debug_abbrev  0x00000a02      0x216 ./src/Drivers/Flash/flash_c55_driver.o
 .debug_abbrev  0x00000c18      0x17b ./src/Drivers/Flash/flash.o
 .debug_abbrev  0x00000d93       0xb4 ./src/Bootloader/UserAppFlash.o
 .debug_abbrev  0x00000e47       0xce ./src/Bootloader/Bootloader.o
 .debug_abbrev  0x00000f15       0x14 ./Project_Settings/Startup_Code/startup.o

.debug_aranges  0x00000000      0x3c8
 .debug_aranges
                0x00000000       0x48 ./src/main.o
 .debug_aranges
                0x00000048       0x20 ./src/intc_sw_handlers.o
 .debug_aranges
                0x00000068       0x20 ./src/intc_SW_mode_isr_vectors_MPC5744P.o
 .debug_aranges
                0x00000088       0x70 ./src/flexcan_init.o
 .debug_aranges
                0x000000f8       0x18 ./src/flashrchw.o
 .debug_aranges
                0x00000110       0x20 ./src/Vector.o
 .debug_aranges
                0x00000130       0x38 ./src/System.o
 .debug_aranges
                0x00000168       0x38 ./src/MPC57xx__Interrupt_Init.o
 .debug_aranges
                0x000001a0       0x28 ./src/MPC574xP_SystemInit.o
 .debug_aranges
                0x000001c8       0x20 ./src/IVORx_vle.o
 .debug_aranges
                0x000001e8       0xf8 ./src/Drivers/Flash/flash_c55_driver.o
 .debug_aranges
                0x000002e0       0x68 ./src/Drivers/Flash/flash.o
 .debug_aranges
                0x00000348       0x38 ./src/Bootloader/UserAppFlash.o
 .debug_aranges
                0x00000380       0x28 ./src/Bootloader/Bootloader.o
 .debug_aranges
                0x000003a8       0x20 ./Project_Settings/Startup_Code/startup.o

.debug_ranges   0x00000000      0x2a0
 .debug_ranges  0x00000000       0x38 ./src/main.o
 .debug_ranges  0x00000038       0x10 ./src/intc_SW_mode_isr_vectors_MPC5744P.o
 .debug_ranges  0x00000048       0x60 ./src/flexcan_init.o
 .debug_ranges  0x000000a8       0x10 ./src/Vector.o
 .debug_ranges  0x000000b8       0x28 ./src/System.o
 .debug_ranges  0x000000e0       0x28 ./src/MPC57xx__Interrupt_Init.o
 .debug_ranges  0x00000108       0x18 ./src/MPC574xP_SystemInit.o
 .debug_ranges  0x00000120       0xe8 ./src/Drivers/Flash/flash_c55_driver.o
 .debug_ranges  0x00000208       0x58 ./src/Drivers/Flash/flash.o
 .debug_ranges  0x00000260       0x28 ./src/Bootloader/UserAppFlash.o
 .debug_ranges  0x00000288       0x18 ./src/Bootloader/Bootloader.o

.debug_macro    0x00000000    0x437a4
 .debug_macro   0x00000000      0x125 ./src/main.o
 .debug_macro   0x00000125      0x61c ./src/main.o
 .debug_macro   0x00000741       0x52 ./src/main.o
 .debug_macro   0x00000793       0xa0 ./src/main.o
 .debug_macro   0x00000833       0x16 ./src/main.o
 .debug_macro   0x00000849       0x64 ./src/main.o
 .debug_macro   0x000008ad      0x1a3 ./src/main.o
 .debug_macro   0x00000a50      0x133 ./src/main.o
 .debug_macro   0x00000b83       0x9d ./src/main.o
 .debug_macro   0x00000c20       0x10 ./src/main.o
 .debug_macro   0x00000c30      0x15b ./src/main.o
 .debug_macro   0x00000d8b       0x28 ./src/main.o
 .debug_macro   0x00000db3       0x58 ./src/main.o
 .debug_macro   0x00000e0b     0xb50a ./src/main.o
 .debug_macro   0x0000c315      0xb7e ./src/main.o
 .debug_macro   0x0000ce93       0x10 ./src/main.o
 .debug_macro   0x0000cea3       0x10 ./src/main.o
 .debug_macro   0x0000ceb3       0xa1 ./src/intc_SW_mode_isr_vectors_MPC5744P.o
 .debug_macro   0x0000cf54       0xd2 ./src/flexcan_init.o
 .debug_macro   0x0000d026       0xd1 ./src/flashrchw.o
 .debug_macro   0x0000d0f7       0xcb ./src/Vector.o
 .debug_macro   0x0000d1c2       0x2e ./src/Vector.o
 .debug_macro   0x0000d1f0       0xfb ./src/System.o
 .debug_macro   0x0000d2eb       0xd1 ./src/MPC57xx__Interrupt_Init.o
 .debug_macro   0x0000d3bc       0xcc ./src/MPC574xP_SystemInit.o
 .debug_macro   0x0000d488      0x112 ./src/Drivers/Flash/flash_c55_driver.o
 .debug_macro   0x0000d59a       0x1c ./src/Drivers/Flash/flash_c55_driver.o
 .debug_macro   0x0000d5b6       0x16 ./src/Drivers/Flash/flash_c55_driver.o
 .debug_macro   0x0000d5cc       0x16 ./src/Drivers/Flash/flash_c55_driver.o
 .debug_macro   0x0000d5e2       0x16 ./src/Drivers/Flash/flash_c55_driver.o
 .debug_macro   0x0000d5f8       0x16 ./src/Drivers/Flash/flash_c55_driver.o
 .debug_macro   0x0000d60e      0x1af ./src/Drivers/Flash/flash_c55_driver.o
 .debug_macro   0x0000d7bd    0x1a4de ./src/Drivers/Flash/flash_c55_driver.o
 .debug_macro   0x00027c9b      0xefe ./src/Drivers/Flash/flash_c55_driver.o
 .debug_macro   0x00028b99       0x59 ./src/Drivers/Flash/flash_c55_driver.o
 .debug_macro   0x00028bf2      0x274 ./src/Drivers/Flash/flash_c55_driver.o
 .debug_macro   0x00028e66      0x271 ./src/Drivers/Flash/flash.o
 .debug_macro   0x000290d7      0x114 ./src/Bootloader/UserAppFlash.o
 .debug_macro   0x000291eb       0x22 ./src/Bootloader/UserAppFlash.o
 .debug_macro   0x0002920d    0x1a4f0 ./src/Bootloader/UserAppFlash.o
 .debug_macro   0x000436fd       0xa7 ./src/Bootloader/Bootloader.o

.debug_line     0x00000000     0x29ec
 .debug_line    0x00000000      0x33c ./src/main.o
 .debug_line    0x0000033c       0x5d ./src/intc_sw_handlers.o
 .debug_line    0x00000399      0x219 ./src/intc_SW_mode_isr_vectors_MPC5744P.o
 .debug_line    0x000005b2      0x476 ./src/flexcan_init.o
 .debug_line    0x00000a28      0x1ec ./src/flashrchw.o
 .debug_line    0x00000c14      0x22d ./src/Vector.o
 .debug_line    0x00000e41      0x28f ./src/System.o
 .debug_line    0x000010d0      0x27c ./src/MPC57xx__Interrupt_Init.o
 .debug_line    0x0000134c      0x28d ./src/MPC574xP_SystemInit.o
 .debug_line    0x000015d9       0xbe ./src/IVORx_vle.o
 .debug_line    0x00001697      0x8aa ./src/Drivers/Flash/flash_c55_driver.o
 .debug_line    0x00001f41      0x47f ./src/Drivers/Flash/flash.o
 .debug_line    0x000023c0      0x355 ./src/Bootloader/UserAppFlash.o
 .debug_line    0x00002715      0x1fc ./src/Bootloader/Bootloader.o
 .debug_line    0x00002911       0xdb ./Project_Settings/Startup_Code/startup.o

.debug_str      0x00000000    0xeca00
 .debug_str     0x00000000    0x397a2 ./src/main.o
                              0x3987d (size before relaxing)
 .debug_str     0x000397a2       0x44 ./src/intc_SW_mode_isr_vectors_MPC5744P.o
                               0x3a76 (size before relaxing)
 .debug_str     0x000397e6      0x166 ./src/flexcan_init.o
                              0x37dd9 (size before relaxing)
 .debug_str     0x0003994c       0xe1 ./src/flashrchw.o
                               0x3b0a (size before relaxing)
 .debug_str     0x00039a2d      0x3fc ./src/Vector.o
                              0x3769d (size before relaxing)
 .debug_str     0x00039e29      0x135 ./src/System.o
                              0x37515 (size before relaxing)
 .debug_str     0x00039f5e       0xbe ./src/MPC57xx__Interrupt_Init.o
                              0x376d2 (size before relaxing)
 .debug_str     0x0003a01c     0x1b06 ./src/MPC574xP_SystemInit.o
                              0x3a78f (size before relaxing)
 .debug_str     0x0003bb22    0xb00da ./src/Drivers/Flash/flash_c55_driver.o
                              0xb3b42 (size before relaxing)
 .debug_str     0x000ebbfc      0xc31 ./src/Drivers/Flash/flash.o
                              0xb3428 (size before relaxing)
 .debug_str     0x000ec82d       0xde ./src/Bootloader/UserAppFlash.o
                              0xb1e33 (size before relaxing)
 .debug_str     0x000ec90b       0xf5 ./src/Bootloader/Bootloader.o
                               0x3c0f (size before relaxing)

.debug_frame    0x00000000      0xb38
 .debug_frame   0x00000000       0xdc ./src/main.o
 .debug_frame   0x000000dc       0x2c ./src/intc_SW_mode_isr_vectors_MPC5744P.o
 .debug_frame   0x00000108      0x1b0 ./src/flexcan_init.o
 .debug_frame   0x000002b8       0x34 ./src/Vector.o
 .debug_frame   0x000002ec       0xa0 ./src/System.o
 .debug_frame   0x0000038c       0xa0 ./src/MPC57xx__Interrupt_Init.o
 .debug_frame   0x0000042c       0x58 ./src/MPC574xP_SystemInit.o
 .debug_frame   0x00000484      0x42c ./src/Drivers/Flash/flash_c55_driver.o
 .debug_frame   0x000008b0      0x188 ./src/Drivers/Flash/flash.o
 .debug_frame   0x00000a38       0xa8 ./src/Bootloader/UserAppFlash.o
 .debug_frame   0x00000ae0       0x58 ./src/Bootloader/Bootloader.o
