Archive member included to satisfy reference by file (symbol)

c:/program files (x86)/nxp/s32ds_power_v2017.r1/cross_tools/powerpc-eabivle-4_9/bin/../lib/gcc/powerpc-eabivle/4.9.4/e200z4/fp\libgcc.a(eabivle.o)
                              ./src/main.o (__eabi)

Allocating common symbols
Common symbol       size              file

CAN_TxMsg           0x20              ./src/flexcan_init.o
pflash_pfcr2        0x4               ./src/Drivers/Flash/flash.o
dataForWrite        0x8               ./src/Bootloader/UserAppFlash.o
pflash_pfcr1        0x4               ./src/Drivers/Flash/flash.o
CAN_RxMsg           0x20              ./src/main.o

Discarded input sections

 .text          0x00000000        0x0 c:/program files (x86)/nxp/s32ds_power_v2017.r1/cross_tools/powerpc-eabivle-4_9/bin/../lib/gcc/powerpc-eabivle/4.9.4/e200z4/fp/ecrti.o
 .data          0x00000000        0x0 c:/program files (x86)/nxp/s32ds_power_v2017.r1/cross_tools/powerpc-eabivle-4_9/bin/../lib/gcc/powerpc-eabivle/4.9.4/e200z4/fp/ecrti.o
 .bss           0x00000000        0x0 c:/program files (x86)/nxp/s32ds_power_v2017.r1/cross_tools/powerpc-eabivle-4_9/bin/../lib/gcc/powerpc-eabivle/4.9.4/e200z4/fp/ecrti.o
 .fixup         0x00000000        0x0 c:/program files (x86)/nxp/s32ds_power_v2017.r1/cross_tools/powerpc-eabivle-4_9/bin/../lib/gcc/powerpc-eabivle/4.9.4/e200z4/fp/ecrti.o
 .sbss          0x00000000        0x0 c:/program files (x86)/nxp/s32ds_power_v2017.r1/cross_tools/powerpc-eabivle-4_9/bin/../lib/gcc/powerpc-eabivle/4.9.4/e200z4/fp/ecrti.o
 .sbss2         0x00000000        0x0 c:/program files (x86)/nxp/s32ds_power_v2017.r1/cross_tools/powerpc-eabivle-4_9/bin/../lib/gcc/powerpc-eabivle/4.9.4/e200z4/fp/ecrti.o
 .gcc_except_table
                0x00000000        0x0 c:/program files (x86)/nxp/s32ds_power_v2017.r1/cross_tools/powerpc-eabivle-4_9/bin/../lib/gcc/powerpc-eabivle/4.9.4/e200z4/fp/ecrti.o
 .data          0x00000000        0x4 c:/program files (x86)/nxp/s32ds_power_v2017.r1/cross_tools/powerpc-eabivle-4_9/bin/../lib/gcc/powerpc-eabivle/4.9.4/e200z4/fp/crtbegin.o
 .group         0x00000000        0x8 ./src/main.o
 .group         0x00000000        0x8 ./src/main.o
 .group         0x00000000        0x8 ./src/main.o
 .group         0x00000000        0x8 ./src/main.o
 .group         0x00000000        0x8 ./src/main.o
 .group         0x00000000        0x8 ./src/main.o
 .group         0x00000000        0x8 ./src/main.o
 .group         0x00000000        0x8 ./src/main.o
 .group         0x00000000        0x8 ./src/main.o
 .group         0x00000000        0x8 ./src/main.o
 .group         0x00000000        0x8 ./src/main.o
 .group         0x00000000        0x8 ./src/main.o
 .group         0x00000000        0x8 ./src/main.o
 .group         0x00000000        0x8 ./src/main.o
 .group         0x00000000        0x8 ./src/main.o
 .group         0x00000000        0x8 ./src/main.o
 .text          0x00000000        0x0 ./src/main.o
 .data          0x00000000        0x0 ./src/main.o
 .bss           0x00000000        0x0 ./src/main.o
 .sbss.g_ReceiveCount
                0x00000000        0x4 ./src/main.o
 .data          0x00000000        0x0 ./src/intc_sw_handlers.o
 .bss           0x00000000        0x0 ./src/intc_sw_handlers.o
 .group         0x00000000        0x8 ./src/intc_SW_mode_isr_vectors_MPC5744P.o
 .group         0x00000000        0x8 ./src/intc_SW_mode_isr_vectors_MPC5744P.o
 .group         0x00000000        0x8 ./src/intc_SW_mode_isr_vectors_MPC5744P.o
 .group         0x00000000        0x8 ./src/intc_SW_mode_isr_vectors_MPC5744P.o
 .group         0x00000000        0x8 ./src/intc_SW_mode_isr_vectors_MPC5744P.o
 .group         0x00000000        0x8 ./src/intc_SW_mode_isr_vectors_MPC5744P.o
 .group         0x00000000        0x8 ./src/intc_SW_mode_isr_vectors_MPC5744P.o
 .group         0x00000000        0x8 ./src/intc_SW_mode_isr_vectors_MPC5744P.o
 .group         0x00000000        0x8 ./src/intc_SW_mode_isr_vectors_MPC5744P.o
 .group         0x00000000        0x8 ./src/intc_SW_mode_isr_vectors_MPC5744P.o
 .group         0x00000000        0x8 ./src/intc_SW_mode_isr_vectors_MPC5744P.o
 .group         0x00000000        0x8 ./src/intc_SW_mode_isr_vectors_MPC5744P.o
 .text          0x00000000        0x0 ./src/intc_SW_mode_isr_vectors_MPC5744P.o
 .data          0x00000000        0x0 ./src/intc_SW_mode_isr_vectors_MPC5744P.o
 .bss           0x00000000        0x0 ./src/intc_SW_mode_isr_vectors_MPC5744P.o
 .debug_macro   0x00000000      0x61c ./src/intc_SW_mode_isr_vectors_MPC5744P.o
 .debug_macro   0x00000000       0x52 ./src/intc_SW_mode_isr_vectors_MPC5744P.o
 .debug_macro   0x00000000       0xa0 ./src/intc_SW_mode_isr_vectors_MPC5744P.o
 .debug_macro   0x00000000       0x16 ./src/intc_SW_mode_isr_vectors_MPC5744P.o
 .debug_macro   0x00000000       0x64 ./src/intc_SW_mode_isr_vectors_MPC5744P.o
 .debug_macro   0x00000000      0x1a3 ./src/intc_SW_mode_isr_vectors_MPC5744P.o
 .debug_macro   0x00000000      0x133 ./src/intc_SW_mode_isr_vectors_MPC5744P.o
 .debug_macro   0x00000000       0x9d ./src/intc_SW_mode_isr_vectors_MPC5744P.o
 .debug_macro   0x00000000       0x10 ./src/intc_SW_mode_isr_vectors_MPC5744P.o
 .debug_macro   0x00000000      0x15b ./src/intc_SW_mode_isr_vectors_MPC5744P.o
 .debug_macro   0x00000000       0x28 ./src/intc_SW_mode_isr_vectors_MPC5744P.o
 .debug_macro   0x00000000       0x58 ./src/intc_SW_mode_isr_vectors_MPC5744P.o
 .group         0x00000000        0x8 ./src/flexcan_init.o
 .group         0x00000000        0x8 ./src/flexcan_init.o
 .group         0x00000000        0x8 ./src/flexcan_init.o
 .group         0x00000000        0x8 ./src/flexcan_init.o
 .group         0x00000000        0x8 ./src/flexcan_init.o
 .group         0x00000000        0x8 ./src/flexcan_init.o
 .group         0x00000000        0x8 ./src/flexcan_init.o
 .group         0x00000000        0x8 ./src/flexcan_init.o
 .group         0x00000000        0x8 ./src/flexcan_init.o
 .group         0x00000000        0x8 ./src/flexcan_init.o
 .group         0x00000000        0x8 ./src/flexcan_init.o
 .group         0x00000000        0x8 ./src/flexcan_init.o
 .group         0x00000000        0x8 ./src/flexcan_init.o
 .text          0x00000000        0x0 ./src/flexcan_init.o
 .data          0x00000000        0x0 ./src/flexcan_init.o
 .bss           0x00000000        0x0 ./src/flexcan_init.o
 .rodata.CAN_1_RximrArrayt
                0x00000000      0x100 ./src/flexcan_init.o
 .text.flexcan_1_deinit_fnc
                0x00000000       0x98 ./src/flexcan_init.o
 .text.flexcan_1_init_fnc
                0x00000000      0x2d6 ./src/flexcan_init.o
 .text.CAN1_TransmitMsg
                0x00000000      0x158 ./src/flexcan_init.o
 .text.CAN1_ReceiveInit
                0x00000000      0x106 ./src/flexcan_init.o
 .text.CAN1_ReceiveMsg
                0x00000000      0x194 ./src/flexcan_init.o
 .debug_macro   0x00000000      0x61c ./src/flexcan_init.o
 .debug_macro   0x00000000       0x52 ./src/flexcan_init.o
 .debug_macro   0x00000000       0xa0 ./src/flexcan_init.o
 .debug_macro   0x00000000       0x16 ./src/flexcan_init.o
 .debug_macro   0x00000000       0x64 ./src/flexcan_init.o
 .debug_macro   0x00000000      0x1a3 ./src/flexcan_init.o
 .debug_macro   0x00000000      0x133 ./src/flexcan_init.o
 .debug_macro   0x00000000       0x9d ./src/flexcan_init.o
 .debug_macro   0x00000000       0x10 ./src/flexcan_init.o
 .debug_macro   0x00000000      0x15b ./src/flexcan_init.o
 .debug_macro   0x00000000       0x28 ./src/flexcan_init.o
 .debug_macro   0x00000000       0x58 ./src/flexcan_init.o
 .debug_macro   0x00000000     0xb50a ./src/flexcan_init.o
 .group         0x00000000        0x8 ./src/flashrchw.o
 .group         0x00000000        0x8 ./src/flashrchw.o
 .group         0x00000000        0x8 ./src/flashrchw.o
 .group         0x00000000        0x8 ./src/flashrchw.o
 .group         0x00000000        0x8 ./src/flashrchw.o
 .group         0x00000000        0x8 ./src/flashrchw.o
 .group         0x00000000        0x8 ./src/flashrchw.o
 .group         0x00000000        0x8 ./src/flashrchw.o
 .group         0x00000000        0x8 ./src/flashrchw.o
 .group         0x00000000        0x8 ./src/flashrchw.o
 .group         0x00000000        0x8 ./src/flashrchw.o
 .group         0x00000000        0x8 ./src/flashrchw.o
 .text          0x00000000        0x0 ./src/flashrchw.o
 .data          0x00000000        0x0 ./src/flashrchw.o
 .bss           0x00000000        0x0 ./src/flashrchw.o
 .debug_macro   0x00000000      0x61c ./src/flashrchw.o
 .debug_macro   0x00000000       0x52 ./src/flashrchw.o
 .debug_macro   0x00000000       0xa0 ./src/flashrchw.o
 .debug_macro   0x00000000       0x16 ./src/flashrchw.o
 .debug_macro   0x00000000       0x64 ./src/flashrchw.o
 .debug_macro   0x00000000      0x1a3 ./src/flashrchw.o
 .debug_macro   0x00000000      0x133 ./src/flashrchw.o
 .debug_macro   0x00000000       0x9d ./src/flashrchw.o
 .debug_macro   0x00000000       0x10 ./src/flashrchw.o
 .debug_macro   0x00000000      0x15b ./src/flashrchw.o
 .debug_macro   0x00000000       0x28 ./src/flashrchw.o
 .debug_macro   0x00000000       0x58 ./src/flashrchw.o
 .group         0x00000000        0x8 ./src/Vector.o
 .group         0x00000000        0x8 ./src/Vector.o
 .group         0x00000000        0x8 ./src/Vector.o
 .group         0x00000000        0x8 ./src/Vector.o
 .group         0x00000000        0x8 ./src/Vector.o
 .group         0x00000000        0x8 ./src/Vector.o
 .group         0x00000000        0x8 ./src/Vector.o
 .group         0x00000000        0x8 ./src/Vector.o
 .group         0x00000000        0x8 ./src/Vector.o
 .group         0x00000000        0x8 ./src/Vector.o
 .group         0x00000000        0x8 ./src/Vector.o
 .group         0x00000000        0x8 ./src/Vector.o
 .group         0x00000000        0x8 ./src/Vector.o
 .group         0x00000000        0x8 ./src/Vector.o
 .text          0x00000000        0x0 ./src/Vector.o
 .data          0x00000000        0x0 ./src/Vector.o
 .bss           0x00000000        0x0 ./src/Vector.o
 .text.INTC_INTCInterruptHandler
                0x00000000       0x38 ./src/Vector.o
 .debug_macro   0x00000000      0x61c ./src/Vector.o
 .debug_macro   0x00000000       0x52 ./src/Vector.o
 .debug_macro   0x00000000       0xa0 ./src/Vector.o
 .debug_macro   0x00000000       0x16 ./src/Vector.o
 .debug_macro   0x00000000       0x64 ./src/Vector.o
 .debug_macro   0x00000000      0x1a3 ./src/Vector.o
 .debug_macro   0x00000000      0x133 ./src/Vector.o
 .debug_macro   0x00000000       0x9d ./src/Vector.o
 .debug_macro   0x00000000       0x10 ./src/Vector.o
 .debug_macro   0x00000000      0x15b ./src/Vector.o
 .debug_macro   0x00000000       0x28 ./src/Vector.o
 .debug_macro   0x00000000       0x58 ./src/Vector.o
 .debug_macro   0x00000000     0xb50a ./src/Vector.o
 .group         0x00000000        0x8 ./src/System.o
 .group         0x00000000        0x8 ./src/System.o
 .group         0x00000000        0x8 ./src/System.o
 .group         0x00000000        0x8 ./src/System.o
 .group         0x00000000        0x8 ./src/System.o
 .group         0x00000000        0x8 ./src/System.o
 .group         0x00000000        0x8 ./src/System.o
 .group         0x00000000        0x8 ./src/System.o
 .group         0x00000000        0x8 ./src/System.o
 .group         0x00000000        0x8 ./src/System.o
 .group         0x00000000        0x8 ./src/System.o
 .group         0x00000000        0x8 ./src/System.o
 .group         0x00000000        0x8 ./src/System.o
 .group         0x00000000        0x8 ./src/System.o
 .text          0x00000000        0x0 ./src/System.o
 .data          0x00000000        0x0 ./src/System.o
 .bss           0x00000000        0x0 ./src/System.o
 .text.Cpu_DelayMS
                0x00000000       0x60 ./src/System.o
 .debug_macro   0x00000000      0x61c ./src/System.o
 .debug_macro   0x00000000       0x52 ./src/System.o
 .debug_macro   0x00000000       0xa0 ./src/System.o
 .debug_macro   0x00000000       0x16 ./src/System.o
 .debug_macro   0x00000000       0x64 ./src/System.o
 .debug_macro   0x00000000      0x1a3 ./src/System.o
 .debug_macro   0x00000000      0x133 ./src/System.o
 .debug_macro   0x00000000       0x9d ./src/System.o
 .debug_macro   0x00000000       0x10 ./src/System.o
 .debug_macro   0x00000000      0x15b ./src/System.o
 .debug_macro   0x00000000       0x28 ./src/System.o
 .debug_macro   0x00000000       0x58 ./src/System.o
 .debug_macro   0x00000000     0xb50a ./src/System.o
 .debug_macro   0x00000000       0x2e ./src/System.o
 .group         0x00000000        0x8 ./src/MPC57xx__Interrupt_Init.o
 .group         0x00000000        0x8 ./src/MPC57xx__Interrupt_Init.o
 .group         0x00000000        0x8 ./src/MPC57xx__Interrupt_Init.o
 .group         0x00000000        0x8 ./src/MPC57xx__Interrupt_Init.o
 .group         0x00000000        0x8 ./src/MPC57xx__Interrupt_Init.o
 .group         0x00000000        0x8 ./src/MPC57xx__Interrupt_Init.o
 .group         0x00000000        0x8 ./src/MPC57xx__Interrupt_Init.o
 .group         0x00000000        0x8 ./src/MPC57xx__Interrupt_Init.o
 .group         0x00000000        0x8 ./src/MPC57xx__Interrupt_Init.o
 .group         0x00000000        0x8 ./src/MPC57xx__Interrupt_Init.o
 .group         0x00000000        0x8 ./src/MPC57xx__Interrupt_Init.o
 .group         0x00000000        0x8 ./src/MPC57xx__Interrupt_Init.o
 .group         0x00000000        0x8 ./src/MPC57xx__Interrupt_Init.o
 .group         0x00000000        0x8 ./src/MPC57xx__Interrupt_Init.o
 .text          0x00000000        0x0 ./src/MPC57xx__Interrupt_Init.o
 .data          0x00000000        0x0 ./src/MPC57xx__Interrupt_Init.o
 .bss           0x00000000        0x0 ./src/MPC57xx__Interrupt_Init.o
 .debug_macro   0x00000000      0x61c ./src/MPC57xx__Interrupt_Init.o
 .debug_macro   0x00000000       0x52 ./src/MPC57xx__Interrupt_Init.o
 .debug_macro   0x00000000       0xa0 ./src/MPC57xx__Interrupt_Init.o
 .debug_macro   0x00000000       0x16 ./src/MPC57xx__Interrupt_Init.o
 .debug_macro   0x00000000       0x64 ./src/MPC57xx__Interrupt_Init.o
 .debug_macro   0x00000000      0x1a3 ./src/MPC57xx__Interrupt_Init.o
 .debug_macro   0x00000000      0x133 ./src/MPC57xx__Interrupt_Init.o
 .debug_macro   0x00000000       0x9d ./src/MPC57xx__Interrupt_Init.o
 .debug_macro   0x00000000       0x10 ./src/MPC57xx__Interrupt_Init.o
 .debug_macro   0x00000000      0x15b ./src/MPC57xx__Interrupt_Init.o
 .debug_macro   0x00000000       0x28 ./src/MPC57xx__Interrupt_Init.o
 .debug_macro   0x00000000       0x58 ./src/MPC57xx__Interrupt_Init.o
 .debug_macro   0x00000000     0xb50a ./src/MPC57xx__Interrupt_Init.o
 .debug_macro   0x00000000       0x2e ./src/MPC57xx__Interrupt_Init.o
 .group         0x00000000        0x8 ./src/MPC574xP_SystemInit.o
 .group         0x00000000        0x8 ./src/MPC574xP_SystemInit.o
 .group         0x00000000        0x8 ./src/MPC574xP_SystemInit.o
 .group         0x00000000        0x8 ./src/MPC574xP_SystemInit.o
 .group         0x00000000        0x8 ./src/MPC574xP_SystemInit.o
 .group         0x00000000        0x8 ./src/MPC574xP_SystemInit.o
 .group         0x00000000        0x8 ./src/MPC574xP_SystemInit.o
 .group         0x00000000        0x8 ./src/MPC574xP_SystemInit.o
 .group         0x00000000        0x8 ./src/MPC574xP_SystemInit.o
 .group         0x00000000        0x8 ./src/MPC574xP_SystemInit.o
 .group         0x00000000        0x8 ./src/MPC574xP_SystemInit.o
 .group         0x00000000        0x8 ./src/MPC574xP_SystemInit.o
 .group         0x00000000        0x8 ./src/MPC574xP_SystemInit.o
 .group         0x00000000        0x8 ./src/MPC574xP_SystemInit.o
 .group         0x00000000        0x8 ./src/MPC574xP_SystemInit.o
 .text          0x00000000        0x0 ./src/MPC574xP_SystemInit.o
 .data          0x00000000        0x0 ./src/MPC574xP_SystemInit.o
 .bss           0x00000000        0x0 ./src/MPC574xP_SystemInit.o
 .debug_macro   0x00000000      0x61c ./src/MPC574xP_SystemInit.o
 .debug_macro   0x00000000       0x52 ./src/MPC574xP_SystemInit.o
 .debug_macro   0x00000000       0xa0 ./src/MPC574xP_SystemInit.o
 .debug_macro   0x00000000       0x16 ./src/MPC574xP_SystemInit.o
 .debug_macro   0x00000000       0x64 ./src/MPC574xP_SystemInit.o
 .debug_macro   0x00000000      0x1a3 ./src/MPC574xP_SystemInit.o
 .debug_macro   0x00000000      0x133 ./src/MPC574xP_SystemInit.o
 .debug_macro   0x00000000       0x9d ./src/MPC574xP_SystemInit.o
 .debug_macro   0x00000000       0x10 ./src/MPC574xP_SystemInit.o
 .debug_macro   0x00000000      0x15b ./src/MPC574xP_SystemInit.o
 .debug_macro   0x00000000       0x28 ./src/MPC574xP_SystemInit.o
 .debug_macro   0x00000000       0x58 ./src/MPC574xP_SystemInit.o
 .debug_macro   0x00000000     0xb50a ./src/MPC574xP_SystemInit.o
 .debug_macro   0x00000000       0x10 ./src/MPC574xP_SystemInit.o
 .debug_macro   0x00000000      0xb7e ./src/MPC574xP_SystemInit.o
 .data          0x00000000        0x0 ./src/IVORx_vle.o
 .bss           0x00000000        0x0 ./src/IVORx_vle.o
 .group         0x00000000        0x8 ./src/Drivers/Flash/flash_c55_driver.o
 .group         0x00000000        0x8 ./src/Drivers/Flash/flash_c55_driver.o
 .group         0x00000000        0x8 ./src/Drivers/Flash/flash_c55_driver.o
 .group         0x00000000        0x8 ./src/Drivers/Flash/flash_c55_driver.o
 .group         0x00000000        0x8 ./src/Drivers/Flash/flash_c55_driver.o
 .group         0x00000000        0x8 ./src/Drivers/Flash/flash_c55_driver.o
 .group         0x00000000        0x8 ./src/Drivers/Flash/flash_c55_driver.o
 .group         0x00000000        0x8 ./src/Drivers/Flash/flash_c55_driver.o
 .group         0x00000000        0x8 ./src/Drivers/Flash/flash_c55_driver.o
 .group         0x00000000        0x8 ./src/Drivers/Flash/flash_c55_driver.o
 .group         0x00000000        0x8 ./src/Drivers/Flash/flash_c55_driver.o
 .group         0x00000000        0x8 ./src/Drivers/Flash/flash_c55_driver.o
 .group         0x00000000        0x8 ./src/Drivers/Flash/flash_c55_driver.o
 .group         0x00000000        0x8 ./src/Drivers/Flash/flash_c55_driver.o
 .group         0x00000000        0x8 ./src/Drivers/Flash/flash_c55_driver.o
 .group         0x00000000        0x8 ./src/Drivers/Flash/flash_c55_driver.o
 .group         0x00000000        0x8 ./src/Drivers/Flash/flash_c55_driver.o
 .group         0x00000000        0x8 ./src/Drivers/Flash/flash_c55_driver.o
 .group         0x00000000        0x8 ./src/Drivers/Flash/flash_c55_driver.o
 .group         0x00000000        0x8 ./src/Drivers/Flash/flash_c55_driver.o
 .text          0x00000000        0x0 ./src/Drivers/Flash/flash_c55_driver.o
 .data          0x00000000        0x0 ./src/Drivers/Flash/flash_c55_driver.o
 .bss           0x00000000        0x0 ./src/Drivers/Flash/flash_c55_driver.o
 .text.FLASH_GetNumOfLowBlock
                0x00000000       0x4e ./src/Drivers/Flash/flash_c55_driver.o
 .text.FLASH_GetNumOfMidBlock
                0x00000000       0x54 ./src/Drivers/Flash/flash_c55_driver.o
 .text.FLASH_GetNumOfHighBlock
                0x00000000       0x54 ./src/Drivers/Flash/flash_c55_driver.o
 .text.FLASH_GetNumOf256KBlock
                0x00000000       0x24 ./src/Drivers/Flash/flash_c55_driver.o
 .rodata.FLASH_BLOCK_ADDR
                0x00000000       0x50 ./src/Drivers/Flash/flash_c55_driver.o
 .rodata.FLASH_BLOCK_MASK
                0x00000000       0x50 ./src/Drivers/Flash/flash_c55_driver.o
 .text.FLASH_DRV_CheckProgramStatus
                0x00000000      0x1f8 ./src/Drivers/Flash/flash_c55_driver.o
 .text.FLASH_DRV_CheckEraseStatus
                0x00000000      0x130 ./src/Drivers/Flash/flash_c55_driver.o
 .text.FLASH_DRV_CheckUserTestStatus
                0x00000000      0x19e ./src/Drivers/Flash/flash_c55_driver.o
 .text.FLASH_DRV_Init
                0x00000000       0x26 ./src/Drivers/Flash/flash_c55_driver.o
 .text.FLASH_DRV_SetLock
                0x00000000      0x1ba ./src/Drivers/Flash/flash_c55_driver.o
 .rodata.FLASH_DRV_SetLock
                0x00000000       0x18 ./src/Drivers/Flash/flash_c55_driver.o
 .text.FLASH_DRV_GetLock
                0x00000000      0x194 ./src/Drivers/Flash/flash_c55_driver.o
 .rodata.FLASH_DRV_GetLock
                0x00000000       0x18 ./src/Drivers/Flash/flash_c55_driver.o
 .text.FLASH_DRV_FindInterLockWriteAdd
                0x00000000      0x29a ./src/Drivers/Flash/flash_c55_driver.o
 .text.FLASH_DRV_Erase
                0x00000000      0x25a ./src/Drivers/Flash/flash_c55_driver.o
 .text.FLASH_DRV_BlankCheck
                0x00000000      0x100 ./src/Drivers/Flash/flash_c55_driver.o
 .text.FLASH_DRV_Program
                0x00000000      0x1a0 ./src/Drivers/Flash/flash_c55_driver.o
 .text.FLASH_DRV_ProgramVerify
                0x00000000      0x110 ./src/Drivers/Flash/flash_c55_driver.o
 .text.FLASH_DRV_CheckSum
                0x00000000       0xd0 ./src/Drivers/Flash/flash_c55_driver.o
 .text.FLASH_DRV_SuspendExecution
                0x00000000      0x170 ./src/Drivers/Flash/flash_c55_driver.o
 .text.FLASH_DRV_Suspend
                0x00000000      0x1a6 ./src/Drivers/Flash/flash_c55_driver.o
 .text.FLASH_DRV_Resume
                0x00000000      0x15c ./src/Drivers/Flash/flash_c55_driver.o
 .text.FLASH_DRV_Abort
                0x00000000      0x1fa ./src/Drivers/Flash/flash_c55_driver.o
 .text.FLASH_DRV_GetOverPgmProtStatus
                0x00000000      0x180 ./src/Drivers/Flash/flash_c55_driver.o
 .rodata.FLASH_DRV_GetOverPgmProtStatus
                0x00000000       0x14 ./src/Drivers/Flash/flash_c55_driver.o
 .text.FLASH_DRV_GetFailedAddress
                0x00000000      0x234 ./src/Drivers/Flash/flash_c55_driver.o
 .text.FLASH_DRV_ArrayIntegrityCheck
                0x00000000      0x3b6 ./src/Drivers/Flash/flash_c55_driver.o
 .text.FLASH_DRV_ArrayIntegritySuspend
                0x00000000       0xbc ./src/Drivers/Flash/flash_c55_driver.o
 .text.FLASH_DRV_ArrayIntegrityResume
                0x00000000      0x14a ./src/Drivers/Flash/flash_c55_driver.o
 .text.FLASH_DRV_UserMarginReadCheck
                0x00000000      0x3ce ./src/Drivers/Flash/flash_c55_driver.o
 .text.FLASH_DRV_EnableCmdCompleteInterupt
                0x00000000       0x26 ./src/Drivers/Flash/flash_c55_driver.o
 .text.FLASH_DRV_DisableCmdCompleteInterupt
                0x00000000       0x22 ./src/Drivers/Flash/flash_c55_driver.o
 .debug_macro   0x00000000      0x61c ./src/Drivers/Flash/flash_c55_driver.o
 .debug_macro   0x00000000       0x52 ./src/Drivers/Flash/flash_c55_driver.o
 .debug_macro   0x00000000       0xa0 ./src/Drivers/Flash/flash_c55_driver.o
 .debug_macro   0x00000000       0x16 ./src/Drivers/Flash/flash_c55_driver.o
 .debug_macro   0x00000000       0x64 ./src/Drivers/Flash/flash_c55_driver.o
 .debug_macro   0x00000000      0x1a3 ./src/Drivers/Flash/flash_c55_driver.o
 .debug_macro   0x00000000      0x133 ./src/Drivers/Flash/flash_c55_driver.o
 .debug_macro   0x00000000       0x28 ./src/Drivers/Flash/flash_c55_driver.o
 .debug_macro   0x00000000       0x10 ./src/Drivers/Flash/flash_c55_driver.o
 .debug_macro   0x00000000       0x9d ./src/Drivers/Flash/flash_c55_driver.o
 .group         0x00000000        0x8 ./src/Drivers/Flash/flash.o
 .group         0x00000000        0x8 ./src/Drivers/Flash/flash.o
 .group         0x00000000        0x8 ./src/Drivers/Flash/flash.o
 .group         0x00000000        0x8 ./src/Drivers/Flash/flash.o
 .group         0x00000000        0x8 ./src/Drivers/Flash/flash.o
 .group         0x00000000        0x8 ./src/Drivers/Flash/flash.o
 .group         0x00000000        0x8 ./src/Drivers/Flash/flash.o
 .group         0x00000000        0x8 ./src/Drivers/Flash/flash.o
 .group         0x00000000        0x8 ./src/Drivers/Flash/flash.o
 .group         0x00000000        0x8 ./src/Drivers/Flash/flash.o
 .group         0x00000000        0x8 ./src/Drivers/Flash/flash.o
 .group         0x00000000        0x8 ./src/Drivers/Flash/flash.o
 .group         0x00000000        0x8 ./src/Drivers/Flash/flash.o
 .group         0x00000000        0x8 ./src/Drivers/Flash/flash.o
 .group         0x00000000        0x8 ./src/Drivers/Flash/flash.o
 .group         0x00000000        0x8 ./src/Drivers/Flash/flash.o
 .group         0x00000000        0x8 ./src/Drivers/Flash/flash.o
 .group         0x00000000        0x8 ./src/Drivers/Flash/flash.o
 .group         0x00000000        0x8 ./src/Drivers/Flash/flash.o
 .text          0x00000000        0x0 ./src/Drivers/Flash/flash.o
 .data          0x00000000        0x0 ./src/Drivers/Flash/flash.o
 .bss           0x00000000        0x0 ./src/Drivers/Flash/flash.o
 .data.Flash_Block_Lock
                0x00000000       0x10 ./src/Drivers/Flash/flash.o
 .bss.Flash_Block_UnLock
                0x00000000       0x10 ./src/Drivers/Flash/flash.o
 .data.Flash_Block_Count
                0x00000000       0x10 ./src/Drivers/Flash/flash.o
 .data.Flash_Block_Low_Start_Array
                0x00000000       0x10 ./src/Drivers/Flash/flash.o
 .sdata.Flash_Block_Mid_Start_Array
                0x00000000        0x8 ./src/Drivers/Flash/flash.o
 .data.Flash_Block_High_Start_Array
                0x00000000       0x18 ./src/Drivers/Flash/flash.o
 .data.Flash_Block_256K_Start_Array
                0x00000000       0x20 ./src/Drivers/Flash/flash.o
 .data.Flash_Block_Low_End_Array
                0x00000000       0x10 ./src/Drivers/Flash/flash.o
 .sdata.Flash_Block_Mid_End_Array
                0x00000000        0x8 ./src/Drivers/Flash/flash.o
 .data.Flash_Block_High_End_Array
                0x00000000       0x18 ./src/Drivers/Flash/flash.o
 .data.Flash_Block_256K_End_Array
                0x00000000       0x20 ./src/Drivers/Flash/flash.o
 .sbss.g_usrCnt
                0x00000000        0x4 ./src/Drivers/Flash/flash.o
 .text.DisableFlashControllerCache
                0x00000000       0x4a ./src/Drivers/Flash/flash.o
 .text.RestoreFlashControllerCache
                0x00000000       0x28 ./src/Drivers/Flash/flash.o
 .text.UserCallBack
                0x00000000       0x28 ./src/Drivers/Flash/flash.o
 .text.Flash_GetSelectBlock
                0x00000000      0x27e ./src/Drivers/Flash/flash.o
 .text.Flash_Unlock_g
                0x00000000      0x1ea ./src/Drivers/Flash/flash.o
 .text.Flash_Erase_g
                0x00000000       0xca ./src/Drivers/Flash/flash.o
 .text.Flash_Check_g
                0x00000000       0x70 ./src/Drivers/Flash/flash.o
 .text.Flash_Program_g
                0x00000000      0x152 ./src/Drivers/Flash/flash.o
 .text.Flash_Lock_g
                0x00000000      0x194 ./src/Drivers/Flash/flash.o
 .text.Flash_Read_g
                0x00000000       0x20 ./src/Drivers/Flash/flash.o
 .debug_macro   0x00000000      0x61c ./src/Drivers/Flash/flash.o
 .debug_macro   0x00000000       0x52 ./src/Drivers/Flash/flash.o
 .debug_macro   0x00000000       0xa0 ./src/Drivers/Flash/flash.o
 .debug_macro   0x00000000       0x16 ./src/Drivers/Flash/flash.o
 .debug_macro   0x00000000       0x64 ./src/Drivers/Flash/flash.o
 .debug_macro   0x00000000      0x1a3 ./src/Drivers/Flash/flash.o
 .debug_macro   0x00000000      0x133 ./src/Drivers/Flash/flash.o
 .debug_macro   0x00000000       0x1c ./src/Drivers/Flash/flash.o
 .debug_macro   0x00000000       0x16 ./src/Drivers/Flash/flash.o
 .debug_macro   0x00000000       0x28 ./src/Drivers/Flash/flash.o
 .debug_macro   0x00000000       0x10 ./src/Drivers/Flash/flash.o
 .debug_macro   0x00000000       0x16 ./src/Drivers/Flash/flash.o
 .debug_macro   0x00000000       0x16 ./src/Drivers/Flash/flash.o
 .debug_macro   0x00000000       0x16 ./src/Drivers/Flash/flash.o
 .debug_macro   0x00000000       0x9d ./src/Drivers/Flash/flash.o
 .debug_macro   0x00000000      0x1af ./src/Drivers/Flash/flash.o
 .debug_macro   0x00000000    0x1a4de ./src/Drivers/Flash/flash.o
 .debug_macro   0x00000000      0xefe ./src/Drivers/Flash/flash.o
 .debug_macro   0x00000000       0x59 ./src/Drivers/Flash/flash.o
 .sbss          0x00000000        0x8 ./src/Drivers/Flash/flash.o
 .group         0x00000000        0x8 ./src/Bootloader/UserAppFlash.o
 .group         0x00000000        0x8 ./src/Bootloader/UserAppFlash.o
 .group         0x00000000        0x8 ./src/Bootloader/UserAppFlash.o
 .group         0x00000000        0x8 ./src/Bootloader/UserAppFlash.o
 .group         0x00000000        0x8 ./src/Bootloader/UserAppFlash.o
 .group         0x00000000        0x8 ./src/Bootloader/UserAppFlash.o
 .group         0x00000000        0x8 ./src/Bootloader/UserAppFlash.o
 .group         0x00000000        0x8 ./src/Bootloader/UserAppFlash.o
 .group         0x00000000        0x8 ./src/Bootloader/UserAppFlash.o
 .group         0x00000000        0x8 ./src/Bootloader/UserAppFlash.o
 .group         0x00000000        0x8 ./src/Bootloader/UserAppFlash.o
 .group         0x00000000        0x8 ./src/Bootloader/UserAppFlash.o
 .group         0x00000000        0x8 ./src/Bootloader/UserAppFlash.o
 .group         0x00000000        0x8 ./src/Bootloader/UserAppFlash.o
 .group         0x00000000        0x8 ./src/Bootloader/UserAppFlash.o
 .group         0x00000000        0x8 ./src/Bootloader/UserAppFlash.o
 .group         0x00000000        0x8 ./src/Bootloader/UserAppFlash.o
 .group         0x00000000        0x8 ./src/Bootloader/UserAppFlash.o
 .group         0x00000000        0x8 ./src/Bootloader/UserAppFlash.o
 .text          0x00000000        0x0 ./src/Bootloader/UserAppFlash.o
 .data          0x00000000        0x0 ./src/Bootloader/UserAppFlash.o
 .bss           0x00000000        0x0 ./src/Bootloader/UserAppFlash.o
 .sdata.USERAPPFLASH_STARTADDR
                0x00000000        0x4 ./src/Bootloader/UserAppFlash.o
 .sdata.USERAPPFLASH_ENDADDR
                0x00000000        0x4 ./src/Bootloader/UserAppFlash.o
 .text.UserFlash_EraseIvtAndUserAppBlock_g
                0x00000000       0xda ./src/Bootloader/UserAppFlash.o
 .text.UserFlash_WriteData
                0x00000000       0x6a ./src/Bootloader/UserAppFlash.o
 .sdata.m_LastAddr
                0x00000000        0x4 ./src/Bootloader/UserAppFlash.o
 .text.UserFlash_DataParseAddrData
                0x00000000      0x1e0 ./src/Bootloader/UserAppFlash.o
 .text.UserFlash_LastIsFull64Bits_g
                0x00000000       0x7a ./src/Bootloader/UserAppFlash.o
 .debug_macro   0x00000000      0x61c ./src/Bootloader/UserAppFlash.o
 .debug_macro   0x00000000       0x52 ./src/Bootloader/UserAppFlash.o
 .debug_macro   0x00000000       0xa0 ./src/Bootloader/UserAppFlash.o
 .debug_macro   0x00000000       0x16 ./src/Bootloader/UserAppFlash.o
 .debug_macro   0x00000000       0x64 ./src/Bootloader/UserAppFlash.o
 .debug_macro   0x00000000      0x1a3 ./src/Bootloader/UserAppFlash.o
 .debug_macro   0x00000000      0x133 ./src/Bootloader/UserAppFlash.o
 .debug_macro   0x00000000       0x9d ./src/Bootloader/UserAppFlash.o
 .debug_macro   0x00000000       0x10 ./src/Bootloader/UserAppFlash.o
 .debug_macro   0x00000000      0x15b ./src/Bootloader/UserAppFlash.o
 .debug_macro   0x00000000       0x28 ./src/Bootloader/UserAppFlash.o
 .debug_macro   0x00000000       0x58 ./src/Bootloader/UserAppFlash.o
 .debug_macro   0x00000000       0x16 ./src/Bootloader/UserAppFlash.o
 .debug_macro   0x00000000       0x16 ./src/Bootloader/UserAppFlash.o
 .debug_macro   0x00000000       0x16 ./src/Bootloader/UserAppFlash.o
 .debug_macro   0x00000000      0xefe ./src/Bootloader/UserAppFlash.o
 .debug_macro   0x00000000       0x59 ./src/Bootloader/UserAppFlash.o
 .sbss          0x00000000        0x8 ./src/Bootloader/UserAppFlash.o
 .group         0x00000000        0x8 ./src/Bootloader/Bootloader.o
 .group         0x00000000        0x8 ./src/Bootloader/Bootloader.o
 .group         0x00000000        0x8 ./src/Bootloader/Bootloader.o
 .group         0x00000000        0x8 ./src/Bootloader/Bootloader.o
 .group         0x00000000        0x8 ./src/Bootloader/Bootloader.o
 .group         0x00000000        0x8 ./src/Bootloader/Bootloader.o
 .group         0x00000000        0x8 ./src/Bootloader/Bootloader.o
 .group         0x00000000        0x8 ./src/Bootloader/Bootloader.o
 .group         0x00000000        0x8 ./src/Bootloader/Bootloader.o
 .group         0x00000000        0x8 ./src/Bootloader/Bootloader.o
 .group         0x00000000        0x8 ./src/Bootloader/Bootloader.o
 .group         0x00000000        0x8 ./src/Bootloader/Bootloader.o
 .text          0x00000000        0x0 ./src/Bootloader/Bootloader.o
 .data          0x00000000        0x0 ./src/Bootloader/Bootloader.o
 .bss           0x00000000        0x0 ./src/Bootloader/Bootloader.o
 .sbss.m_Bootloader_EntryBootloaderCmd
                0x00000000        0x8 ./src/Bootloader/Bootloader.o
 .sdata.m_Bootloader_ResetCmd_g
                0x00000000        0x8 ./src/Bootloader/Bootloader.o
 .sdata.m_Bootloader_CheckBootloaderCmd
                0x00000000        0x8 ./src/Bootloader/Bootloader.o
 .sdata.g_Bootloader_EntryBootloaderReponse
                0x00000000        0x8 ./src/Bootloader/Bootloader.o
 .sdata.g_Bootloader_CheckBootloaderReponse
                0x00000000        0x8 ./src/Bootloader/Bootloader.o
 .sdata.g_Bootloader_EraseFlashReponse
                0x00000000        0x8 ./src/Bootloader/Bootloader.o
 .sdata.g_Bootloader_DataReponse
                0x00000000        0x8 ./src/Bootloader/Bootloader.o
 .sdata.g_Bootloader_DataProgramEndReponse
                0x00000000        0x8 ./src/Bootloader/Bootloader.o
 .text.ArrayCheck
                0x00000000       0x96 ./src/Bootloader/Bootloader.o
 .debug_macro   0x00000000      0x61c ./src/Bootloader/Bootloader.o
 .debug_macro   0x00000000       0x52 ./src/Bootloader/Bootloader.o
 .debug_macro   0x00000000       0xa0 ./src/Bootloader/Bootloader.o
 .debug_macro   0x00000000       0x16 ./src/Bootloader/Bootloader.o
 .debug_macro   0x00000000       0x64 ./src/Bootloader/Bootloader.o
 .debug_macro   0x00000000      0x1a3 ./src/Bootloader/Bootloader.o
 .debug_macro   0x00000000      0x133 ./src/Bootloader/Bootloader.o
 .debug_macro   0x00000000       0x9d ./src/Bootloader/Bootloader.o
 .debug_macro   0x00000000       0x10 ./src/Bootloader/Bootloader.o
 .debug_macro   0x00000000      0x15b ./src/Bootloader/Bootloader.o
 .debug_macro   0x00000000       0x28 ./src/Bootloader/Bootloader.o
 .debug_macro   0x00000000       0x58 ./src/Bootloader/Bootloader.o
 .text          0x00000000        0x0 ./Project_Settings/Startup_Code/startup.o
 .data          0x00000000        0x0 ./Project_Settings/Startup_Code/startup.o
 .bss           0x00000000        0x0 ./Project_Settings/Startup_Code/startup.o
 .bss           0x00000000        0x0 c:/program files (x86)/nxp/s32ds_power_v2017.r1/cross_tools/powerpc-eabivle-4_9/bin/../lib/gcc/powerpc-eabivle/4.9.4/e200z4/fp\libgcc.a(eabivle.o)
 .data          0x00000000        0x0 c:/program files (x86)/nxp/s32ds_power_v2017.r1/cross_tools/powerpc-eabivle-4_9/bin/../lib/gcc/powerpc-eabivle/4.9.4/e200z4/fp/crtend.o
 .bss           0x00000000        0x0 c:/program files (x86)/nxp/s32ds_power_v2017.r1/cross_tools/powerpc-eabivle-4_9/bin/../lib/gcc/powerpc-eabivle/4.9.4/e200z4/fp/crtend.o
 .jcr           0x00000000        0x4 c:/program files (x86)/nxp/s32ds_power_v2017.r1/cross_tools/powerpc-eabivle-4_9/bin/../lib/gcc/powerpc-eabivle/4.9.4/e200z4/fp/crtend.o
 .text          0x00000000        0x0 c:/program files (x86)/nxp/s32ds_power_v2017.r1/cross_tools/powerpc-eabivle-4_9/bin/../lib/gcc/powerpc-eabivle/4.9.4/e200z4/fp/ecrtn.o
 .data          0x00000000        0x0 c:/program files (x86)/nxp/s32ds_power_v2017.r1/cross_tools/powerpc-eabivle-4_9/bin/../lib/gcc/powerpc-eabivle/4.9.4/e200z4/fp/ecrtn.o
 .bss           0x00000000        0x0 c:/program files (x86)/nxp/s32ds_power_v2017.r1/cross_tools/powerpc-eabivle-4_9/bin/../lib/gcc/powerpc-eabivle/4.9.4/e200z4/fp/ecrtn.o
 .fixup         0x00000000        0x0 c:/program files (x86)/nxp/s32ds_power_v2017.r1/cross_tools/powerpc-eabivle-4_9/bin/../lib/gcc/powerpc-eabivle/4.9.4/e200z4/fp/ecrtn.o
 .sdata         0x00000000        0x0 c:/program files (x86)/nxp/s32ds_power_v2017.r1/cross_tools/powerpc-eabivle-4_9/bin/../lib/gcc/powerpc-eabivle/4.9.4/e200z4/fp/ecrtn.o
 .sdata2        0x00000000        0x0 c:/program files (x86)/nxp/s32ds_power_v2017.r1/cross_tools/powerpc-eabivle-4_9/bin/../lib/gcc/powerpc-eabivle/4.9.4/e200z4/fp/ecrtn.o
 .gcc_except_table
                0x00000000        0x0 c:/program files (x86)/nxp/s32ds_power_v2017.r1/cross_tools/powerpc-eabivle-4_9/bin/../lib/gcc/powerpc-eabivle/4.9.4/e200z4/fp/ecrtn.o

Memory Configuration

Name             Origin             Length             Attributes
flash_rchw       0x01000000         0x00000004
cpu0_reset_vec   0x01000004         0x00000004
m_text           0x01000400         0x001ffc00
m_data           0x40000000         0x00060000
local_dmem       0x50800000         0x00010000
*default*        0x00000000         0xffffffff

Linker script and memory map

LOAD c:/program files (x86)/nxp/s32ds_power_v2017.r1/cross_tools/powerpc-eabivle-4_9/bin/../lib/gcc/powerpc-eabivle/4.9.4/e200z4/fp/ecrti.o
LOAD c:/program files (x86)/nxp/s32ds_power_v2017.r1/cross_tools/powerpc-eabivle-4_9/bin/../lib/gcc/powerpc-eabivle/4.9.4/e200z4/fp/crtbegin.o
LOAD ./src/main.o
LOAD ./src/intc_sw_handlers.o
LOAD ./src/intc_SW_mode_isr_vectors_MPC5744P.o
LOAD ./src/flexcan_init.o
LOAD ./src/flashrchw.o
LOAD ./src/Vector.o
LOAD ./src/System.o
LOAD ./src/MPC57xx__Interrupt_Init.o
LOAD ./src/MPC574xP_SystemInit.o
LOAD ./src/IVORx_vle.o
LOAD ./src/Drivers/Flash/flash_c55_driver.o
LOAD ./src/Drivers/Flash/flash.o
LOAD ./src/Bootloader/UserAppFlash.o
LOAD ./src/Bootloader/Bootloader.o
LOAD ./Project_Settings/Startup_Code/startup.o
START GROUP
LOAD C:/Program Files (x86)/NXP/S32DS_Power_v2017.R1/S32DS/e200_ewl2/lib/e200z4/fp\libc99.a
LOAD C:/Program Files (x86)/NXP/S32DS_Power_v2017.R1/S32DS/e200_ewl2/lib/e200z4/fp\libm.a
LOAD c:/program files (x86)/nxp/s32ds_power_v2017.r1/cross_tools/powerpc-eabivle-4_9/bin/../lib/gcc/powerpc-eabivle/4.9.4/e200z4/fp\libgcc.a
LOAD C:/Program Files (x86)/NXP/S32DS_Power_v2017.R1/S32DS/e200_ewl2/lib/e200z4/fp\librt.a
END GROUP
LOAD c:/program files (x86)/nxp/s32ds_power_v2017.r1/cross_tools/powerpc-eabivle-4_9/bin/../lib/gcc/powerpc-eabivle/4.9.4/e200z4/fp/crtend.o
LOAD c:/program files (x86)/nxp/s32ds_power_v2017.r1/cross_tools/powerpc-eabivle-4_9/bin/../lib/gcc/powerpc-eabivle/4.9.4/e200z4/fp/ecrtn.o
                0x00000000                __HEAP_SIZE = 0x0
                0x00001000                __STACK_SIZE = 0x1000
                0x00060000                SRAM_SIZE = 0x60000
                0x40000000                SRAM_BASE_ADDR = 0x40000000
                0x00010000                LOCALDMEM_SIZE = 0x10000
                0x50800000                LOCALDMEM_BASE_ADDR = 0x50800000

.rchw           0x01000000        0x4
 *(.rchw)
 .rchw          0x01000000        0x4 ./src/flashrchw.o
                0x01000000                RCHW1

.cpu0_reset_vector
                0x01000004        0x4
 *(.cpu0_reset_vector)
 .cpu0_reset_vector
                0x01000004        0x4 ./src/flashrchw.o
                0x01000004                RCHW2

.startup        0x01000400      0x1fe
                0x01000400                __start = .
 *(.startup)
 .startup       0x01000400      0x1fe ./Project_Settings/Startup_Code/startup.o
                0x01000400                _start

.core_exceptions_table
                0x01001000      0x100
                0x01001000                __IVPR_VALUE = .
 *(.core_exceptions_table)
 .core_exceptions_table
                0x01001000      0x100 ./src/Vector.o
                0x01001000                VTABLE
                0x01001000                IVOR0_Vector
                0x01001030                IVOR3_Vector
                0x01001040                IVOR4_Vector
                0x01001050                IVOR5_Vector
                0x01001060                IVOR6_Vector
                0x01001070                IVOR7_Vector
                0x01001080                IVOR8_Vector
                0x01001090                IVOR9_Vector
                0x010010a0                IVOR10_Vector
                0x010010b0                IVOR11_Vector
                0x010010c0                IVOR12_Vector
                0x010010d0                IVOR13_Vector
                0x010010e0                IVOR14_Vector
                0x010010f0                IVOR15_Vector

.intc_vector_table
                0x01002000      0xb78
 *(.intc_vector_table)
 .intc_vector_table
                0x01002000      0xb78 ./src/intc_SW_mode_isr_vectors_MPC5744P.o
                0x01002000                IntcIsrVectorTable

.text           0x01002b80     0x12e0
 *(.text.startup)
 *(.text)
 .text          0x01002b80      0x16c c:/program files (x86)/nxp/s32ds_power_v2017.r1/cross_tools/powerpc-eabivle-4_9/bin/../lib/gcc/powerpc-eabivle/4.9.4/e200z4/fp/crtbegin.o
 *fill*         0x01002cec        0x4 
 .text          0x01002cf0       0x48 ./src/intc_sw_handlers.o
                0x01002cf0                IVOR4_Handler
 *fill*         0x01002d38        0x8 
 .text          0x01002d40      0x1ac ./src/IVORx_vle.o
                0x01002d40                IVOR1_Handler
                0x01002e16                IVOR2_Handler
 .text          0x01002eec       0x4a c:/program files (x86)/nxp/s32ds_power_v2017.r1/cross_tools/powerpc-eabivle-4_9/bin/../lib/gcc/powerpc-eabivle/4.9.4/e200z4/fp\libgcc.a(eabivle.o)
                0x01002eec                __eabi
 *fill*         0x01002f36        0x2 
 .text          0x01002f38       0x48 c:/program files (x86)/nxp/s32ds_power_v2017.r1/cross_tools/powerpc-eabivle-4_9/bin/../lib/gcc/powerpc-eabivle/4.9.4/e200z4/fp/crtend.o
 *(.text.*)
 .text.bootloader_entry
                0x01002f80       0x22 ./src/main.o
                0x01002f80                bootloader_entry
 *fill*         0x01002fa2        0x2 
 .text.app_entry
                0x01002fa4       0x50 ./src/main.o
                0x01002fa4                app_entry
 .text.main     0x01002ff4       0x3a ./src/main.o
                0x01002ff4                main
 *fill*         0x0100302e        0x2 
 .text.Tick_Tasks
                0x01003030       0x6a ./src/main.o
                0x01003030                Tick_Tasks
 *fill*         0x0100309a        0x2 
 .text.Time_Tasks
                0x0100309c      0x12a ./src/main.o
                0x0100309c                Time_Tasks
 *fill*         0x010031c6        0x2 
 .text.CAN_Tasks
                0x010031c8       0xd6 ./src/main.o
                0x010031c8                CAN_Tasks
 *fill*         0x0100329e        0x2 
 .text.dummy    0x010032a0        0xc ./src/intc_SW_mode_isr_vectors_MPC5744P.o
                0x010032a0                dummy
 .text.flexcan_0_deinit_fnc
                0x010032ac       0x8a ./src/flexcan_init.o
                0x010032ac                flexcan_0_deinit_fnc
 *fill*         0x01003336        0x2 
 .text.flexcan_0_init_fnc
                0x01003338      0x22e ./src/flexcan_init.o
                0x01003338                flexcan_0_init_fnc
 *fill*         0x01003566        0x2 
 .text.CAN0_TransmitMsg
                0x01003568      0x138 ./src/flexcan_init.o
                0x01003568                CAN0_TransmitMsg
 .text.CAN0_ReceiveInit
                0x010036a0       0xea ./src/flexcan_init.o
                0x010036a0                CAN0_ReceiveInit
 *fill*         0x0100378a        0x2 
 .text.Load_ReponseToUpMachine
                0x0100378c       0xec ./src/flexcan_init.o
                0x0100378c                Load_ReponseToUpMachine
 .text.CAN0_ReceiveMsg
                0x01003878      0x170 ./src/flexcan_init.o
                0x01003878                CAN0_ReceiveMsg
 .text.EER_exception_handler
                0x010039e8       0x14 ./src/System.o
                0x010039e8                EER_exception_handler
 .text.CleanRAM
                0x010039fc       0x84 ./src/System.o
                0x010039fc                CleanRAM
 .text.Prepare_Before_Jump_m
                0x01003a80       0x2a ./src/System.o
                0x01003a80                Prepare_Before_Jump_m
 *fill*         0x01003aaa        0x2 
 .text.SetIVPR  0x01003aac       0x1a ./src/MPC57xx__Interrupt_Init.o
                0x01003aac                SetIVPR
 *fill*         0x01003ac6        0x2 
 .text.InitINTC
                0x01003ac8       0x32 ./src/MPC57xx__Interrupt_Init.o
                0x01003ac8                InitINTC
 *fill*         0x01003afa        0x2 
 .text.enableIrq
                0x01003afc       0x20 ./src/MPC57xx__Interrupt_Init.o
                0x01003afc                enableIrq
 .text.xcptn_xmpl
                0x01003b1c       0x34 ./src/MPC57xx__Interrupt_Init.o
                0x01003b1c                xcptn_xmpl
 .text.Sys_Init
                0x01003b50      0x14e ./src/MPC574xP_SystemInit.o
                0x01003b50                Sys_Init
 *fill*         0x01003c9e        0x2 
 .text.GPIO_Aux_Function_Config
                0x01003ca0       0xbc ./src/MPC574xP_SystemInit.o
                0x01003ca0                GPIO_Aux_Function_Config
 .text.Bootloader_DataParse_g
                0x01003d5c       0xbc ./src/Bootloader/Bootloader.o
                0x01003d5c                Bootloader_DataParse_g
 *(.init)
 .init          0x01003e18        0xc c:/program files (x86)/nxp/s32ds_power_v2017.r1/cross_tools/powerpc-eabivle-4_9/bin/../lib/gcc/powerpc-eabivle/4.9.4/e200z4/fp/ecrti.o
                0x01003e18                __init
 .init          0x01003e24        0x4 c:/program files (x86)/nxp/s32ds_power_v2017.r1/cross_tools/powerpc-eabivle-4_9/bin/../lib/gcc/powerpc-eabivle/4.9.4/e200z4/fp/crtbegin.o
 .init          0x01003e28        0x4 c:/program files (x86)/nxp/s32ds_power_v2017.r1/cross_tools/powerpc-eabivle-4_9/bin/../lib/gcc/powerpc-eabivle/4.9.4/e200z4/fp/crtend.o
 .init          0x01003e2c        0xa c:/program files (x86)/nxp/s32ds_power_v2017.r1/cross_tools/powerpc-eabivle-4_9/bin/../lib/gcc/powerpc-eabivle/4.9.4/e200z4/fp/ecrtn.o
 *(.fini)
 *fill*         0x01003e36        0x2 
 .fini          0x01003e38        0xc c:/program files (x86)/nxp/s32ds_power_v2017.r1/cross_tools/powerpc-eabivle-4_9/bin/../lib/gcc/powerpc-eabivle/4.9.4/e200z4/fp/ecrti.o
                0x01003e38                __fini
 .fini          0x01003e44        0x4 c:/program files (x86)/nxp/s32ds_power_v2017.r1/cross_tools/powerpc-eabivle-4_9/bin/../lib/gcc/powerpc-eabivle/4.9.4/e200z4/fp/crtbegin.o
 .fini          0x01003e48        0xa c:/program files (x86)/nxp/s32ds_power_v2017.r1/cross_tools/powerpc-eabivle-4_9/bin/../lib/gcc/powerpc-eabivle/4.9.4/e200z4/fp/ecrtn.o
                0x01003e60                . = ALIGN (0x10)
 *fill*         0x01003e52        0xe 

.glink          0x01003e60        0x0
 .glink         0x01003e60        0x0 c:/program files (x86)/nxp/s32ds_power_v2017.r1/cross_tools/powerpc-eabivle-4_9/bin/../lib/gcc/powerpc-eabivle/4.9.4/e200z4/fp/crtbegin.o

.ctors          0x01003e60        0x8
                0x01003e60                __CTOR_LIST__ = .
 *crtbegin.o(.ctors)
 .ctors         0x01003e60        0x4 c:/program files (x86)/nxp/s32ds_power_v2017.r1/cross_tools/powerpc-eabivle-4_9/bin/../lib/gcc/powerpc-eabivle/4.9.4/e200z4/fp/crtbegin.o
 *crtbegin?.o(.ctors)
 *(EXCLUDE_FILE(*crtend.o *crtend?.o) .ctors)
 .ctors         0x01003e64        0x0 c:/program files (x86)/nxp/s32ds_power_v2017.r1/cross_tools/powerpc-eabivle-4_9/bin/../lib/gcc/powerpc-eabivle/4.9.4/e200z4/fp/ecrti.o
 .ctors         0x01003e64        0x0 c:/program files (x86)/nxp/s32ds_power_v2017.r1/cross_tools/powerpc-eabivle-4_9/bin/../lib/gcc/powerpc-eabivle/4.9.4/e200z4/fp/ecrtn.o
 *(SORT(.ctors.*))
 *(.ctors)
 .ctors         0x01003e64        0x4 c:/program files (x86)/nxp/s32ds_power_v2017.r1/cross_tools/powerpc-eabivle-4_9/bin/../lib/gcc/powerpc-eabivle/4.9.4/e200z4/fp/crtend.o
                0x01003e68                __CTOR_END__ = .

.dtors          0x01003e68        0x8
                0x01003e68                __DTOR_LIST__ = .
 *crtbegin.o(.dtors)
 .dtors         0x01003e68        0x4 c:/program files (x86)/nxp/s32ds_power_v2017.r1/cross_tools/powerpc-eabivle-4_9/bin/../lib/gcc/powerpc-eabivle/4.9.4/e200z4/fp/crtbegin.o
 *crtbegin?.o(.dtors)
 *(EXCLUDE_FILE(*crtend.o *crtend?.o) .dtors)
 .dtors         0x01003e6c        0x0 c:/program files (x86)/nxp/s32ds_power_v2017.r1/cross_tools/powerpc-eabivle-4_9/bin/../lib/gcc/powerpc-eabivle/4.9.4/e200z4/fp/ecrti.o
 .dtors         0x01003e6c        0x0 c:/program files (x86)/nxp/s32ds_power_v2017.r1/cross_tools/powerpc-eabivle-4_9/bin/../lib/gcc/powerpc-eabivle/4.9.4/e200z4/fp/ecrtn.o
 *(SORT(.dtors.*))
 *(.dtors)
 .dtors         0x01003e6c        0x4 c:/program files (x86)/nxp/s32ds_power_v2017.r1/cross_tools/powerpc-eabivle-4_9/bin/../lib/gcc/powerpc-eabivle/4.9.4/e200z4/fp/crtend.o
                0x01003e70                __DTOR_END__ = .

.preinit_array  0x01003e70        0x0
                [!provide]                PROVIDE (__preinit_array_start, .)
 *(.preinit_array*)
                [!provide]                PROVIDE (__preinit_array_end, .)

.init_array     0x01003e70        0x0
                [!provide]                PROVIDE (__init_array_start, .)
 *(SORT(.init_array.*))
 *(.init_array*)
                [!provide]                PROVIDE (__init_array_end, .)

.fini_array     0x01003e70        0x0
                [!provide]                PROVIDE (__fini_array_start, .)
 *(SORT(.fini_array.*))
 *(.fini_array*)
                [!provide]                PROVIDE (__fini_array_end, .)

.rodata         0x01003e70       0x18
 *(.rodata)
 *(.rodata.*)
 .rodata.Bootloader_DataParse_g
                0x01003e70       0x18 ./src/Bootloader/Bootloader.o

.eh_frame_hdr
 *(.eh_frame_hdr)

.eh_frame       0x01003e88        0x8
 *(.eh_frame)
 .eh_frame      0x01003e88        0x0 c:/program files (x86)/nxp/s32ds_power_v2017.r1/cross_tools/powerpc-eabivle-4_9/bin/../lib/gcc/powerpc-eabivle/4.9.4/e200z4/fp/ecrti.o
                0x01003e88                __EH_FRAME_BEGIN__
 .eh_frame      0x01003e88        0x0 c:/program files (x86)/nxp/s32ds_power_v2017.r1/cross_tools/powerpc-eabivle-4_9/bin/../lib/gcc/powerpc-eabivle/4.9.4/e200z4/fp/crtbegin.o
 .eh_frame      0x01003e88        0x0 c:/program files (x86)/nxp/s32ds_power_v2017.r1/cross_tools/powerpc-eabivle-4_9/bin/../lib/gcc/powerpc-eabivle/4.9.4/e200z4/fp/crtbegin.o
 .eh_frame      0x01003e88        0x4 c:/program files (x86)/nxp/s32ds_power_v2017.r1/cross_tools/powerpc-eabivle-4_9/bin/../lib/gcc/powerpc-eabivle/4.9.4/e200z4/fp/crtend.o
 .eh_frame      0x01003e8c        0x4 c:/program files (x86)/nxp/s32ds_power_v2017.r1/cross_tools/powerpc-eabivle-4_9/bin/../lib/gcc/powerpc-eabivle/4.9.4/e200z4/fp/ecrtn.o
                0x01003e8c                __EH_FRAME_END__

.data           0x40000000        0x4 load address 0x01003e90
 *(.data)
 .data          0x40000000        0x4 c:/program files (x86)/nxp/s32ds_power_v2017.r1/cross_tools/powerpc-eabivle-4_9/bin/../lib/gcc/powerpc-eabivle/4.9.4/e200z4/fp\libgcc.a(eabivle.o)
 *(.data.*)

.jcr            0x40000004        0x0 load address 0x01003e94
 .jcr           0x40000004        0x0 c:/program files (x86)/nxp/s32ds_power_v2017.r1/cross_tools/powerpc-eabivle-4_9/bin/../lib/gcc/powerpc-eabivle/4.9.4/e200z4/fp/crtbegin.o

.tm_clone_table
                0x40000004        0x0 load address 0x01003e94
 .tm_clone_table
                0x40000004        0x0 c:/program files (x86)/nxp/s32ds_power_v2017.r1/cross_tools/powerpc-eabivle-4_9/bin/../lib/gcc/powerpc-eabivle/4.9.4/e200z4/fp/crtbegin.o
 .tm_clone_table
                0x40000004        0x0 c:/program files (x86)/nxp/s32ds_power_v2017.r1/cross_tools/powerpc-eabivle-4_9/bin/../lib/gcc/powerpc-eabivle/4.9.4/e200z4/fp/crtend.o

.got2           0x40000004       0x1c load address 0x01003e94
 .got2          0x40000004       0x1c c:/program files (x86)/nxp/s32ds_power_v2017.r1/cross_tools/powerpc-eabivle-4_9/bin/../lib/gcc/powerpc-eabivle/4.9.4/e200z4/fp\libgcc.a(eabivle.o)

.sdata2         0x40000020        0x0 load address 0x01003eb0
 *(.sdata2)
 .sdata2        0x40000020        0x0 c:/program files (x86)/nxp/s32ds_power_v2017.r1/cross_tools/powerpc-eabivle-4_9/bin/../lib/gcc/powerpc-eabivle/4.9.4/e200z4/fp/ecrti.o
 .sdata2        0x40000020        0x0 c:/program files (x86)/nxp/s32ds_power_v2017.r1/cross_tools/powerpc-eabivle-4_9/bin/../lib/gcc/powerpc-eabivle/4.9.4/e200z4/fp/crtbegin.o
 *(.sdata2.*)

.sbss2          0x40000020        0x0 load address 0x01003eb0
 *(.sbss2)
 .sbss2         0x40000020        0x0 c:/program files (x86)/nxp/s32ds_power_v2017.r1/cross_tools/powerpc-eabivle-4_9/bin/../lib/gcc/powerpc-eabivle/4.9.4/e200z4/fp/ecrtn.o
 *(.sbss2.*)

.rela.dyn       0x40000020        0x0 load address 0x01003eb0
 .rela.iplt     0x40000020        0x0 c:/program files (x86)/nxp/s32ds_power_v2017.r1/cross_tools/powerpc-eabivle-4_9/bin/../lib/gcc/powerpc-eabivle/4.9.4/e200z4/fp/crtbegin.o
 .rela.text     0x40000020        0x0 c:/program files (x86)/nxp/s32ds_power_v2017.r1/cross_tools/powerpc-eabivle-4_9/bin/../lib/gcc/powerpc-eabivle/4.9.4/e200z4/fp/crtbegin.o
 .rela.text.main
                0x40000020        0x0 c:/program files (x86)/nxp/s32ds_power_v2017.r1/cross_tools/powerpc-eabivle-4_9/bin/../lib/gcc/powerpc-eabivle/4.9.4/e200z4/fp/crtbegin.o
 .rela.text.CAN_Tasks
                0x40000020        0x0 c:/program files (x86)/nxp/s32ds_power_v2017.r1/cross_tools/powerpc-eabivle-4_9/bin/../lib/gcc/powerpc-eabivle/4.9.4/e200z4/fp/crtbegin.o
 .rela.text.Load_ReponseToUpMachine
                0x40000020        0x0 c:/program files (x86)/nxp/s32ds_power_v2017.r1/cross_tools/powerpc-eabivle-4_9/bin/../lib/gcc/powerpc-eabivle/4.9.4/e200z4/fp/crtbegin.o
 .rela.cpu0_reset_vector
                0x40000020        0x0 c:/program files (x86)/nxp/s32ds_power_v2017.r1/cross_tools/powerpc-eabivle-4_9/bin/../lib/gcc/powerpc-eabivle/4.9.4/e200z4/fp/crtbegin.o
 .rela.text.Flash_Unlock_g
                0x40000020        0x0 c:/program files (x86)/nxp/s32ds_power_v2017.r1/cross_tools/powerpc-eabivle-4_9/bin/../lib/gcc/powerpc-eabivle/4.9.4/e200z4/fp/crtbegin.o
 .rela.text.Flash_Lock_g
                0x40000020        0x0 c:/program files (x86)/nxp/s32ds_power_v2017.r1/cross_tools/powerpc-eabivle-4_9/bin/../lib/gcc/powerpc-eabivle/4.9.4/e200z4/fp/crtbegin.o
 .rela.text.UserFlash_DataParseAddrData
                0x40000020        0x0 c:/program files (x86)/nxp/s32ds_power_v2017.r1/cross_tools/powerpc-eabivle-4_9/bin/../lib/gcc/powerpc-eabivle/4.9.4/e200z4/fp/crtbegin.o
 .rela.text.UserFlash_LastIsFull64Bits_g
                0x40000020        0x0 c:/program files (x86)/nxp/s32ds_power_v2017.r1/cross_tools/powerpc-eabivle-4_9/bin/../lib/gcc/powerpc-eabivle/4.9.4/e200z4/fp/crtbegin.o
 .rela.got2     0x40000020        0x0 c:/program files (x86)/nxp/s32ds_power_v2017.r1/cross_tools/powerpc-eabivle-4_9/bin/../lib/gcc/powerpc-eabivle/4.9.4/e200z4/fp/crtbegin.o

.sdata          0x40000020        0x8 load address 0x01003eb0
 *(.sdata)
 .sdata         0x40000020        0x0 c:/program files (x86)/nxp/s32ds_power_v2017.r1/cross_tools/powerpc-eabivle-4_9/bin/../lib/gcc/powerpc-eabivle/4.9.4/e200z4/fp/ecrti.o
                0x40000020                __SDATA_START__
 .sdata         0x40000020        0x0 c:/program files (x86)/nxp/s32ds_power_v2017.r1/cross_tools/powerpc-eabivle-4_9/bin/../lib/gcc/powerpc-eabivle/4.9.4/e200z4/fp/crtbegin.o
                0x40008020                _SDA_BASE_
 *(.sdata.*)
 .sdata.g_Bootloader_EntryUserAppReponse
                0x40000020        0x8 ./src/Bootloader/Bootloader.o
                0x40000020                g_Bootloader_EntryUserAppReponse

.bss            0x40000028       0x68 load address 0x01003eb8
                0x40000028                __BSS_START = .
 *(.sbss)
 .sbss          0x40000028        0x0 c:/program files (x86)/nxp/s32ds_power_v2017.r1/cross_tools/powerpc-eabivle-4_9/bin/../lib/gcc/powerpc-eabivle/4.9.4/e200z4/fp/crtbegin.o
 .sbss          0x40000028        0x0 c:/program files (x86)/nxp/s32ds_power_v2017.r1/cross_tools/powerpc-eabivle-4_9/bin/../lib/gcc/powerpc-eabivle/4.9.4/e200z4/fp/ecrtn.o
                0x40000028                __SBSS_END__
 *(.sbss.*)
 .sbss.countTick
                0x40000028        0x4 ./src/main.o
                0x40000028                countTick
 .sbss.countTimer
                0x4000002c        0x4 ./src/main.o
                0x4000002c                countTimer
 *(.bss)
 .bss           0x40000030       0x20 c:/program files (x86)/nxp/s32ds_power_v2017.r1/cross_tools/powerpc-eabivle-4_9/bin/../lib/gcc/powerpc-eabivle/4.9.4/e200z4/fp/crtbegin.o
 *(.bss.*)
 *(COMMON)
 COMMON         0x40000050       0x20 ./src/main.o
                0x40000050                CAN_RxMsg
 COMMON         0x40000070       0x20 ./src/flexcan_init.o
                0x40000070                CAN_TxMsg
                0x40000090                __BSS_END = .

.iplt           0x40000090        0x0 load address 0x01003eb8
 .iplt          0x40000090        0x0 c:/program files (x86)/nxp/s32ds_power_v2017.r1/cross_tools/powerpc-eabivle-4_9/bin/../lib/gcc/powerpc-eabivle/4.9.4/e200z4/fp/crtbegin.o

.stack          0x50800000     0x1004
                0x50800000                __HEAP = .
                [!provide]                PROVIDE (_end, .)
                [!provide]                PROVIDE (end, .)
                0x50800000                . = (. + __HEAP_SIZE)
                0x50800000                __HEAP_END = .
                0x50800000                _stack_end = .
                0x50801000                . = (. + __STACK_SIZE)
 *fill*         0x50800000     0x1000 
                0x50801000                _stack_addr = .
                0x50801000                __SP_INIT = .
                0x50801004                . = (. + 0x4)
 *fill*         0x50801000        0x4 
                0x40000000                __DATA_SRAM_ADDR = ADDR (.data)
                0x40000020                __SDATA_SRAM_ADDR = ADDR (.sdata)
                0x00000004                __DATA_SIZE = SIZEOF (.data)
                0x00000008                __SDATA_SIZE = SIZEOF (.sdata)
                0x01003e90                __DATA_ROM_ADDR = LOADADDR (.data)
                0x01003eb0                __SDATA_ROM_ADDR = LOADADDR (.sdata)
                0x00060000                __SRAM_SIZE = SRAM_SIZE
                0x40000000                __SRAM_BASE_ADDR = SRAM_BASE_ADDR
                0x00010000                __LOCAL_DMEM_SIZE = LOCALDMEM_SIZE
                0x50800000                __LOCAL_DMEM_BASE_ADDR = LOCALDMEM_BASE_ADDR
                0x00000068                __BSS_SIZE = (__BSS_END - __BSS_START)
OUTPUT(MPC5744P_CAN_UserApp.elf elf32-powerpc)

.comment        0x00000000       0xa8
 .comment       0x00000000        0xd c:/program files (x86)/nxp/s32ds_power_v2017.r1/cross_tools/powerpc-eabivle-4_9/bin/../lib/gcc/powerpc-eabivle/4.9.4/e200z4/fp/ecrti.o
                                  0xe (size before relaxing)
 .comment       0x0000000d       0x8e c:/program files (x86)/nxp/s32ds_power_v2017.r1/cross_tools/powerpc-eabivle-4_9/bin/../lib/gcc/powerpc-eabivle/4.9.4/e200z4/fp/crtbegin.o
                                 0x8f (size before relaxing)
 .comment       0x0000009b       0x8f ./src/main.o
 .comment       0x0000009b       0x8f ./src/intc_SW_mode_isr_vectors_MPC5744P.o
 .comment       0x0000009b       0x8f ./src/flexcan_init.o
 .comment       0x0000009b       0x8f ./src/flashrchw.o
 .comment       0x0000009b       0x8f ./src/Vector.o
 .comment       0x0000009b       0x8f ./src/System.o
 .comment       0x0000009b       0x8f ./src/MPC57xx__Interrupt_Init.o
 .comment       0x0000009b       0x8f ./src/MPC574xP_SystemInit.o
 .comment       0x0000009b       0x8f ./src/Drivers/Flash/flash_c55_driver.o
 .comment       0x0000009b       0x8f ./src/Drivers/Flash/flash.o
 .comment       0x0000009b       0x8f ./src/Bootloader/UserAppFlash.o
 .comment       0x0000009b       0x8f ./src/Bootloader/Bootloader.o
 .comment       0x0000009b       0x8f c:/program files (x86)/nxp/s32ds_power_v2017.r1/cross_tools/powerpc-eabivle-4_9/bin/../lib/gcc/powerpc-eabivle/4.9.4/e200z4/fp/crtend.o
 .comment       0x0000009b        0xd c:/program files (x86)/nxp/s32ds_power_v2017.r1/cross_tools/powerpc-eabivle-4_9/bin/../lib/gcc/powerpc-eabivle/4.9.4/e200z4/fp/ecrtn.o
                                  0xe (size before relaxing)

.PPC.EMB.apuinfo
                0x00000000       0x18
 .PPC.EMB.apuinfo
                0x00000000       0x18 c:/program files (x86)/nxp/s32ds_power_v2017.r1/cross_tools/powerpc-eabivle-4_9/bin/../lib/gcc/powerpc-eabivle/4.9.4/e200z4/fp/ecrti.o
 .PPC.EMB.apuinfo
                0x00000018       0x18 c:/program files (x86)/nxp/s32ds_power_v2017.r1/cross_tools/powerpc-eabivle-4_9/bin/../lib/gcc/powerpc-eabivle/4.9.4/e200z4/fp/crtbegin.o
 .PPC.EMB.apuinfo
                0x00000030       0x18 ./src/main.o
 .PPC.EMB.apuinfo
                0x00000048       0x18 ./src/intc_sw_handlers.o
 .PPC.EMB.apuinfo
                0x00000060       0x18 ./src/intc_SW_mode_isr_vectors_MPC5744P.o
 .PPC.EMB.apuinfo
                0x00000078       0x18 ./src/flexcan_init.o
 .PPC.EMB.apuinfo
                0x00000090       0x18 ./src/Vector.o
 .PPC.EMB.apuinfo
                0x000000a8       0x18 ./src/System.o
 .PPC.EMB.apuinfo
                0x000000c0       0x18 ./src/MPC57xx__Interrupt_Init.o
 .PPC.EMB.apuinfo
                0x000000d8       0x18 ./src/MPC574xP_SystemInit.o
 .PPC.EMB.apuinfo
                0x000000f0       0x18 ./src/IVORx_vle.o
 .PPC.EMB.apuinfo
                0x00000108       0x18 ./src/Drivers/Flash/flash_c55_driver.o
 .PPC.EMB.apuinfo
                0x00000120       0x18 ./src/Drivers/Flash/flash.o
 .PPC.EMB.apuinfo
                0x00000138       0x18 ./src/Bootloader/UserAppFlash.o
 .PPC.EMB.apuinfo
                0x00000150       0x18 ./src/Bootloader/Bootloader.o
 .PPC.EMB.apuinfo
                0x00000168       0x18 ./Project_Settings/Startup_Code/startup.o
 .PPC.EMB.apuinfo
                0x00000180       0x18 c:/program files (x86)/nxp/s32ds_power_v2017.r1/cross_tools/powerpc-eabivle-4_9/bin/../lib/gcc/powerpc-eabivle/4.9.4/e200z4/fp\libgcc.a(eabivle.o)
 .PPC.EMB.apuinfo
                0x00000198       0x18 c:/program files (x86)/nxp/s32ds_power_v2017.r1/cross_tools/powerpc-eabivle-4_9/bin/../lib/gcc/powerpc-eabivle/4.9.4/e200z4/fp/crtend.o
 .PPC.EMB.apuinfo
                0x000001b0       0x18 c:/program files (x86)/nxp/s32ds_power_v2017.r1/cross_tools/powerpc-eabivle-4_9/bin/../lib/gcc/powerpc-eabivle/4.9.4/e200z4/fp/ecrtn.o

.debug_info     0x00000000     0xba47
 .debug_info    0x00000000     0x28c5 ./src/main.o
 .debug_info    0x000028c5       0x82 ./src/intc_sw_handlers.o
 .debug_info    0x00002947       0xb4 ./src/intc_SW_mode_isr_vectors_MPC5744P.o
 .debug_info    0x000029fb     0x16ac ./src/flexcan_init.o
 .debug_info    0x000040a7       0x93 ./src/flashrchw.o
 .debug_info    0x0000413a      0x59e ./src/Vector.o
 .debug_info    0x000046d8      0x102 ./src/System.o
 .debug_info    0x000047da      0x5eb ./src/MPC57xx__Interrupt_Init.o
 .debug_info    0x00004dc5     0x4c98 ./src/MPC574xP_SystemInit.o
 .debug_info    0x00009a5d       0x74 ./src/IVORx_vle.o
 .debug_info    0x00009ad1     0x117c ./src/Drivers/Flash/flash_c55_driver.o
 .debug_info    0x0000ac4d      0x966 ./src/Drivers/Flash/flash.o
 .debug_info    0x0000b5b3      0x1f6 ./src/Bootloader/UserAppFlash.o
 .debug_info    0x0000b7a9      0x20b ./src/Bootloader/Bootloader.o
 .debug_info    0x0000b9b4       0x93 ./Project_Settings/Startup_Code/startup.o

.debug_abbrev   0x00000000      0xf30
 .debug_abbrev  0x00000000      0x20e ./src/main.o
 .debug_abbrev  0x0000020e       0x14 ./src/intc_sw_handlers.o
 .debug_abbrev  0x00000222       0x7c ./src/intc_SW_mode_isr_vectors_MPC5744P.o
 .debug_abbrev  0x0000029e      0x25d ./src/flexcan_init.o
 .debug_abbrev  0x000004fb       0x4e ./src/flashrchw.o
 .debug_abbrev  0x00000549      0x131 ./src/Vector.o
 .debug_abbrev  0x0000067a       0xd0 ./src/System.o
 .debug_abbrev  0x0000074a      0x17d ./src/MPC57xx__Interrupt_Init.o
 .debug_abbrev  0x000008c7      0x12e ./src/MPC574xP_SystemInit.o
 .debug_abbrev  0x000009f5       0x14 ./src/IVORx_vle.o
 .debug_abbrev  0x00000a09      0x216 ./src/Drivers/Flash/flash_c55_driver.o
 .debug_abbrev  0x00000c1f      0x17b ./src/Drivers/Flash/flash.o
 .debug_abbrev  0x00000d9a       0xb4 ./src/Bootloader/UserAppFlash.o
 .debug_abbrev  0x00000e4e       0xce ./src/Bootloader/Bootloader.o
 .debug_abbrev  0x00000f1c       0x14 ./Project_Settings/Startup_Code/startup.o

.debug_aranges  0x00000000      0x3c8
 .debug_aranges
                0x00000000       0x48 ./src/main.o
 .debug_aranges
                0x00000048       0x20 ./src/intc_sw_handlers.o
 .debug_aranges
                0x00000068       0x20 ./src/intc_SW_mode_isr_vectors_MPC5744P.o
 .debug_aranges
                0x00000088       0x70 ./src/flexcan_init.o
 .debug_aranges
                0x000000f8       0x18 ./src/flashrchw.o
 .debug_aranges
                0x00000110       0x20 ./src/Vector.o
 .debug_aranges
                0x00000130       0x38 ./src/System.o
 .debug_aranges
                0x00000168       0x38 ./src/MPC57xx__Interrupt_Init.o
 .debug_aranges
                0x000001a0       0x28 ./src/MPC574xP_SystemInit.o
 .debug_aranges
                0x000001c8       0x20 ./src/IVORx_vle.o
 .debug_aranges
                0x000001e8       0xf8 ./src/Drivers/Flash/flash_c55_driver.o
 .debug_aranges
                0x000002e0       0x68 ./src/Drivers/Flash/flash.o
 .debug_aranges
                0x00000348       0x38 ./src/Bootloader/UserAppFlash.o
 .debug_aranges
                0x00000380       0x28 ./src/Bootloader/Bootloader.o
 .debug_aranges
                0x000003a8       0x20 ./Project_Settings/Startup_Code/startup.o

.debug_ranges   0x00000000      0x2a0
 .debug_ranges  0x00000000       0x38 ./src/main.o
 .debug_ranges  0x00000038       0x10 ./src/intc_SW_mode_isr_vectors_MPC5744P.o
 .debug_ranges  0x00000048       0x60 ./src/flexcan_init.o
 .debug_ranges  0x000000a8       0x10 ./src/Vector.o
 .debug_ranges  0x000000b8       0x28 ./src/System.o
 .debug_ranges  0x000000e0       0x28 ./src/MPC57xx__Interrupt_Init.o
 .debug_ranges  0x00000108       0x18 ./src/MPC574xP_SystemInit.o
 .debug_ranges  0x00000120       0xe8 ./src/Drivers/Flash/flash_c55_driver.o
 .debug_ranges  0x00000208       0x58 ./src/Drivers/Flash/flash.o
 .debug_ranges  0x00000260       0x28 ./src/Bootloader/UserAppFlash.o
 .debug_ranges  0x00000288       0x18 ./src/Bootloader/Bootloader.o

.debug_macro    0x00000000    0x437a4
 .debug_macro   0x00000000      0x125 ./src/main.o
 .debug_macro   0x00000125      0x61c ./src/main.o
 .debug_macro   0x00000741       0x52 ./src/main.o
 .debug_macro   0x00000793       0xa0 ./src/main.o
 .debug_macro   0x00000833       0x16 ./src/main.o
 .debug_macro   0x00000849       0x64 ./src/main.o
 .debug_macro   0x000008ad      0x1a3 ./src/main.o
 .debug_macro   0x00000a50      0x133 ./src/main.o
 .debug_macro   0x00000b83       0x9d ./src/main.o
 .debug_macro   0x00000c20       0x10 ./src/main.o
 .debug_macro   0x00000c30      0x15b ./src/main.o
 .debug_macro   0x00000d8b       0x28 ./src/main.o
 .debug_macro   0x00000db3       0x58 ./src/main.o
 .debug_macro   0x00000e0b     0xb50a ./src/main.o
 .debug_macro   0x0000c315      0xb7e ./src/main.o
 .debug_macro   0x0000ce93       0x10 ./src/main.o
 .debug_macro   0x0000cea3       0x10 ./src/main.o
 .debug_macro   0x0000ceb3       0xa1 ./src/intc_SW_mode_isr_vectors_MPC5744P.o
 .debug_macro   0x0000cf54       0xd2 ./src/flexcan_init.o
 .debug_macro   0x0000d026       0xd1 ./src/flashrchw.o
 .debug_macro   0x0000d0f7       0xcb ./src/Vector.o
 .debug_macro   0x0000d1c2       0x2e ./src/Vector.o
 .debug_macro   0x0000d1f0       0xfb ./src/System.o
 .debug_macro   0x0000d2eb       0xd1 ./src/MPC57xx__Interrupt_Init.o
 .debug_macro   0x0000d3bc       0xcc ./src/MPC574xP_SystemInit.o
 .debug_macro   0x0000d488      0x112 ./src/Drivers/Flash/flash_c55_driver.o
 .debug_macro   0x0000d59a       0x1c ./src/Drivers/Flash/flash_c55_driver.o
 .debug_macro   0x0000d5b6       0x16 ./src/Drivers/Flash/flash_c55_driver.o
 .debug_macro   0x0000d5cc       0x16 ./src/Drivers/Flash/flash_c55_driver.o
 .debug_macro   0x0000d5e2       0x16 ./src/Drivers/Flash/flash_c55_driver.o
 .debug_macro   0x0000d5f8       0x16 ./src/Drivers/Flash/flash_c55_driver.o
 .debug_macro   0x0000d60e      0x1af ./src/Drivers/Flash/flash_c55_driver.o
 .debug_macro   0x0000d7bd    0x1a4de ./src/Drivers/Flash/flash_c55_driver.o
 .debug_macro   0x00027c9b      0xefe ./src/Drivers/Flash/flash_c55_driver.o
 .debug_macro   0x00028b99       0x59 ./src/Drivers/Flash/flash_c55_driver.o
 .debug_macro   0x00028bf2      0x274 ./src/Drivers/Flash/flash_c55_driver.o
 .debug_macro   0x00028e66      0x271 ./src/Drivers/Flash/flash.o
 .debug_macro   0x000290d7      0x114 ./src/Bootloader/UserAppFlash.o
 .debug_macro   0x000291eb       0x22 ./src/Bootloader/UserAppFlash.o
 .debug_macro   0x0002920d    0x1a4f0 ./src/Bootloader/UserAppFlash.o
 .debug_macro   0x000436fd       0xa7 ./src/Bootloader/Bootloader.o

.debug_line     0x00000000     0x29ce
 .debug_line    0x00000000      0x32a ./src/main.o
 .debug_line    0x0000032a       0x5d ./src/intc_sw_handlers.o
 .debug_line    0x00000387      0x218 ./src/intc_SW_mode_isr_vectors_MPC5744P.o
 .debug_line    0x0000059f      0x475 ./src/flexcan_init.o
 .debug_line    0x00000a14      0x1eb ./src/flashrchw.o
 .debug_line    0x00000bff      0x22c ./src/Vector.o
 .debug_line    0x00000e2b      0x28e ./src/System.o
 .debug_line    0x000010b9      0x27b ./src/MPC57xx__Interrupt_Init.o
 .debug_line    0x00001334      0x28c ./src/MPC574xP_SystemInit.o
 .debug_line    0x000015c0       0xbe ./src/IVORx_vle.o
 .debug_line    0x0000167e      0x8a9 ./src/Drivers/Flash/flash_c55_driver.o
 .debug_line    0x00001f27      0x47d ./src/Drivers/Flash/flash.o
 .debug_line    0x000023a4      0x353 ./src/Bootloader/UserAppFlash.o
 .debug_line    0x000026f7      0x1fc ./src/Bootloader/Bootloader.o
 .debug_line    0x000028f3       0xdb ./Project_Settings/Startup_Code/startup.o

.debug_str      0x00000000    0xec9d5
 .debug_str     0x00000000    0x39719 ./src/main.o
                              0x397f4 (size before relaxing)
 .debug_str     0x00039719       0x44 ./src/intc_SW_mode_isr_vectors_MPC5744P.o
                               0x3a75 (size before relaxing)
 .debug_str     0x0003975d      0x166 ./src/flexcan_init.o
                              0x37dd8 (size before relaxing)
 .debug_str     0x000398c3       0xe1 ./src/flashrchw.o
                               0x3b09 (size before relaxing)
 .debug_str     0x000399a4      0x3fc ./src/Vector.o
                              0x3769c (size before relaxing)
 .debug_str     0x00039da0      0x135 ./src/System.o
                              0x37514 (size before relaxing)
 .debug_str     0x00039ed5       0xbe ./src/MPC57xx__Interrupt_Init.o
                              0x376d1 (size before relaxing)
 .debug_str     0x00039f93     0x1b06 ./src/MPC574xP_SystemInit.o
                              0x3a78e (size before relaxing)
 .debug_str     0x0003ba99    0xb00da ./src/Drivers/Flash/flash_c55_driver.o
                              0xb3b41 (size before relaxing)
 .debug_str     0x000ebb73      0xc31 ./src/Drivers/Flash/flash.o
                              0xb3427 (size before relaxing)
 .debug_str     0x000ec7a4       0xde ./src/Bootloader/UserAppFlash.o
                              0xb1e32 (size before relaxing)
 .debug_str     0x000ec882      0x153 ./src/Bootloader/Bootloader.o
                               0x3c2d (size before relaxing)

.debug_frame    0x00000000      0xb30
 .debug_frame   0x00000000       0xd4 ./src/main.o
 .debug_frame   0x000000d4       0x2c ./src/intc_SW_mode_isr_vectors_MPC5744P.o
 .debug_frame   0x00000100      0x1b0 ./src/flexcan_init.o
 .debug_frame   0x000002b0       0x34 ./src/Vector.o
 .debug_frame   0x000002e4       0xa0 ./src/System.o
 .debug_frame   0x00000384       0xa0 ./src/MPC57xx__Interrupt_Init.o
 .debug_frame   0x00000424       0x58 ./src/MPC574xP_SystemInit.o
 .debug_frame   0x0000047c      0x42c ./src/Drivers/Flash/flash_c55_driver.o
 .debug_frame   0x000008a8      0x188 ./src/Drivers/Flash/flash.o
 .debug_frame   0x00000a30       0xa8 ./src/Bootloader/UserAppFlash.o
 .debug_frame   0x00000ad8       0x58 ./src/Bootloader/Bootloader.o
